Last login: Sun Sep 19 06:34:52 on ttys000
kejingeng@kejins-MacBook-Pro ~ % pwd
/Users/kejingeng
kejingeng@kejins-MacBook-Pro ~ % cd project/
kejingeng@kejins-MacBook-Pro project % pwd
/Users/kejingeng/project
kejingeng@kejins-MacBook-Pro project % git init fresh-project
hint: Using 'master' as the name for the initial branch. This default branch name
hint: is subject to change. To configure the initial branch name to use in all
hint: of your new repositories, which will suppress this warning, call:
hint: 
hint: 	git config --global init.defaultBranch <name>
hint: 
hint: Names commonly chosen instead of 'master' are 'main', 'trunk' and
hint: 'development'. The just-created branch can be renamed via this command:
hint: 
hint: 	git branch -m <name>
Initialized empty Git repository in /Users/kejingeng/project/fresh-project/.git/
kejingeng@kejins-MacBook-Pro project % ls
fresh-project	starter-web
kejingeng@kejins-MacBook-Pro project % cd fresh-project/
kejingeng@kejins-MacBook-Pro fresh-project % ls
kejingeng@kejins-MacBook-Pro fresh-project % ls -al
total 0
drwxr-xr-x  3 kejingeng  staff   96 Sep 19 06:39 .
drwxr-xr-x  6 kejingeng  staff  192 Sep 19 06:39 ..
drwxr-xr-x  9 kejingeng  staff  288 Sep 19 06:39 .git
kejingeng@kejins-MacBook-Pro fresh-project % cd .git/
kejingeng@kejins-MacBook-Pro .git % ls
HEAD		config		description	hooks		info		objects		refs
kejingeng@kejins-MacBook-Pro .git % pwd
/Users/kejingeng/project/fresh-project/.git
kejingeng@kejins-MacBook-Pro .git % git status
fatal: this operation must be run in a work tree
kejingeng@kejins-MacBook-Pro .git % cd ..
kejingeng@kejins-MacBook-Pro fresh-project % git status
On branch master

No commits yet

nothing to commit (create/copy files and use "git add" to track)
kejingeng@kejins-MacBook-Pro fresh-project % mate hipster.txt
kejingeng@kejins-MacBook-Pro fresh-project % git status
On branch master

No commits yet

Untracked files:
  (use "git add <file>..." to include in what will be committed)
	hipster.txt

nothing added to commit but untracked files present (use "git add" to track)
kejingeng@kejins-MacBook-Pro fresh-project % git add hipster.txt
kejingeng@kejins-MacBook-Pro fresh-project % git status
On branch master

No commits yet

Changes to be committed:
  (use "git rm --cached <file>..." to unstage)
	new file:   hipster.txt

kejingeng@kejins-MacBook-Pro fresh-project % git commit
[master (root-commit) 63d0fc4] Adding new file with hipster ipsum This was done with Text Mate 2
 Committer: kejin geng <kejingeng@kejins-MacBook-Pro.local>
Your name and email address were configured automatically based
on your username and hostname. Please check that they are accurate.
You can suppress this message by setting them explicitly:

    git config --global user.name "Your Name"
    git config --global user.email you@example.com

After doing this, you may fix the identity used for this commit with:

    git commit --amend --reset-author

 1 file changed, 2 insertions(+)
 create mode 100644 hipster.txt
kejingeng@kejins-MacBook-Pro fresh-project % cd ..
kejingeng@kejins-MacBook-Pro project % pwd
/Users/kejingeng/project
kejingeng@kejins-MacBook-Pro project % ls
fresh-project	starter-web
kejingeng@kejins-MacBook-Pro project % rm -rf fresh-project/
kejingeng@kejins-MacBook-Pro project % ls
starter-web
kejingeng@kejins-MacBook-Pro project % unzip ~/Downloads/initializr-verekia-4.0.zip
Archive:  /Users/kejingeng/Downloads/initializr-verekia-4.0.zip
  inflating: initializr/index.html   
  inflating: initializr/css/main.css  
  inflating: initializr/css/bootstrap-theme.css  
  inflating: initializr/css/bootstrap-theme.min.css  
  inflating: initializr/css/bootstrap.css  
  inflating: initializr/css/bootstrap.min.css  
  inflating: initializr/css/bootstrap.css.map  
  inflating: initializr/css/bootstrap-theme.css.map  
  inflating: initializr/fonts/glyphicons-halflings-regular.eot  
  inflating: initializr/fonts/glyphicons-halflings-regular.svg  
  inflating: initializr/fonts/glyphicons-halflings-regular.ttf  
  inflating: initializr/fonts/glyphicons-halflings-regular.woff  
  inflating: initializr/js/vendor/bootstrap.js  
  inflating: initializr/js/vendor/bootstrap.min.js  
  inflating: initializr/js/vendor/npm.js  
  inflating: initializr/robots.txt   
  inflating: initializr/js/main.js   
  inflating: initializr/js/plugins.js  
  inflating: initializr/crossdomain.xml  
  inflating: initializr/js/vendor/modernizr-2.8.3-respond-1.4.2.min.js  
  inflating: initializr/.htaccess    
  inflating: initializr/apple-touch-icon.png  
  inflating: initializr/browserconfig.xml  
  inflating: initializr/tile-wide.png  
  inflating: initializr/tile.png     
  inflating: initializr/js/vendor/jquery-1.11.2.min.js  
  inflating: initializr/404.html     
  inflating: initializr/favicon.ico  
  inflating: initializr/humans.txt   
   creating: initializr/img/
kejingeng@kejins-MacBook-Pro project % ls
initializr	starter-web
kejingeng@kejins-MacBook-Pro project % mv initializr web-project
kejingeng@kejins-MacBook-Pro project % ls
starter-web	web-project
kejingeng@kejins-MacBook-Pro project % cd web-project  
kejingeng@kejins-MacBook-Pro web-project % ls
404.html		browserconfig.xml	css			fonts			img			js			tile-wide.png
apple-touch-icon.png	crossdomain.xml		favicon.ico		humans.txt		index.html		robots.txt		tile.png
kejingeng@kejins-MacBook-Pro web-project % git init
hint: Using 'master' as the name for the initial branch. This default branch name
hint: is subject to change. To configure the initial branch name to use in all
hint: of your new repositories, which will suppress this warning, call:
hint: 
hint: 	git config --global init.defaultBranch <name>
hint: 
hint: Names commonly chosen instead of 'master' are 'main', 'trunk' and
hint: 'development'. The just-created branch can be renamed via this command:
hint: 
hint: 	git branch -m <name>
Initialized empty Git repository in /Users/kejingeng/project/web-project/.git/
kejingeng@kejins-MacBook-Pro web-project % ls -al
total 168
drwxr-xr-x@ 18 kejingeng  staff    576 Sep 19 06:54 .
drwxr-xr-x   6 kejingeng  staff    192 Sep 19 06:52 ..
drwxr-xr-x   9 kejingeng  staff    288 Sep 19 06:54 .git
-rw-r--r--@  1 kejingeng  staff  39014 Sep 19  2021 .htaccess
-rw-r--r--@  1 kejingeng  staff   1272 Sep 19  2021 404.html
-rw-r--r--@  1 kejingeng  staff   3959 Sep 19  2021 apple-touch-icon.png
-rw-r--r--@  1 kejingeng  staff    416 Sep 19  2021 browserconfig.xml
-rw-r--r--@  1 kejingeng  staff    603 Sep 19  2021 crossdomain.xml
drwxr-xr-x@  9 kejingeng  staff    288 Sep 19 06:51 css
-rw-r--r--@  1 kejingeng  staff    766 Sep 19  2021 favicon.ico
drwxr-xr-x@  6 kejingeng  staff    192 Sep 19 06:51 fonts
-rw-r--r--@  1 kejingeng  staff    191 Sep 19  2021 humans.txt
drwxr-xr-x@  2 kejingeng  staff     64 Sep 19  2021 img
-rw-r--r--@  1 kejingeng  staff   5329 Sep 19  2021 index.html
drwxr-xr-x@  5 kejingeng  staff    160 Sep 19 06:51 js
-rw-r--r--@  1 kejingeng  staff     78 Sep 19  2021 robots.txt
-rw-r--r--@  1 kejingeng  staff   1854 Sep 19  2021 tile-wide.png
-rw-r--r--@  1 kejingeng  staff   3482 Sep 19  2021 tile.png
kejingeng@kejins-MacBook-Pro web-project % git add .
kejingeng@kejins-MacBook-Pro web-project % git status
On branch master

No commits yet

Changes to be committed:
  (use "git rm --cached <file>..." to unstage)
	new file:   .htaccess
	new file:   404.html
	new file:   apple-touch-icon.png
	new file:   browserconfig.xml
	new file:   crossdomain.xml
	new file:   css/bootstrap-theme.css
	new file:   css/bootstrap-theme.css.map
	new file:   css/bootstrap-theme.min.css
	new file:   css/bootstrap.css
	new file:   css/bootstrap.css.map
	new file:   css/bootstrap.min.css
	new file:   css/main.css
	new file:   favicon.ico
	new file:   fonts/glyphicons-halflings-regular.eot
	new file:   fonts/glyphicons-halflings-regular.svg
	new file:   fonts/glyphicons-halflings-regular.ttf
	new file:   fonts/glyphicons-halflings-regular.woff
	new file:   humans.txt
	new file:   index.html
	new file:   js/main.js
	new file:   js/plugins.js
	new file:   js/vendor/bootstrap.js
	new file:   js/vendor/bootstrap.min.js
	new file:   js/vendor/jquery-1.11.2.min.js
	new file:   js/vendor/modernizr-2.8.3-respond-1.4.2.min.js
	new file:   js/vendor/npm.js
	new file:   robots.txt
	new file:   tile-wide.png
	new file:   tile.png

kejingeng@kejins-MacBook-Pro web-project % git commit -m "My first commit, inline"
[master (root-commit) 1ac0d1e] My first commit, inline
 Committer: kejin geng <kejingeng@kejins-MacBook-Pro.local>
Your name and email address were configured automatically based
on your username and hostname. Please check that they are accurate.
You can suppress this message by setting them explicitly:

    git config --global user.name "Your Name"
    git config --global user.email you@example.com

After doing this, you may fix the identity used for this commit with:

    git commit --amend --reset-author

 29 files changed, 10594 insertions(+)
 create mode 100644 .htaccess
 create mode 100644 404.html
 create mode 100644 apple-touch-icon.png
 create mode 100644 browserconfig.xml
 create mode 100644 crossdomain.xml
 create mode 100644 css/bootstrap-theme.css
 create mode 100644 css/bootstrap-theme.css.map
 create mode 100644 css/bootstrap-theme.min.css
 create mode 100644 css/bootstrap.css
 create mode 100644 css/bootstrap.css.map
 create mode 100644 css/bootstrap.min.css
 create mode 100644 css/main.css
 create mode 100644 favicon.ico
 create mode 100644 fonts/glyphicons-halflings-regular.eot
 create mode 100644 fonts/glyphicons-halflings-regular.svg
 create mode 100644 fonts/glyphicons-halflings-regular.ttf
 create mode 100644 fonts/glyphicons-halflings-regular.woff
 create mode 100644 humans.txt
 create mode 100644 index.html
 create mode 100644 js/main.js
 create mode 100644 js/plugins.js
 create mode 100644 js/vendor/bootstrap.js
 create mode 100644 js/vendor/bootstrap.min.js
 create mode 100644 js/vendor/jquery-1.11.2.min.js
 create mode 100644 js/vendor/modernizr-2.8.3-respond-1.4.2.min.js
 create mode 100644 js/vendor/npm.js
 create mode 100644 robots.txt
 create mode 100644 tile-wide.png
 create mode 100644 tile.png
kejingeng@kejins-MacBook-Pro web-project % git status
On branch master
nothing to commit, working tree clean
kejingeng@kejins-MacBook-Pro web-project % ls -a;
.			.git			404.html		browserconfig.xml	css			fonts			img			js			tile-wide.png
..			.htaccess		apple-touch-icon.png	crossdomain.xml		favicon.ico		humans.txt		index.html		robots.txt		tile.png
kejingeng@kejins-MacBook-Pro web-project % ls -al
total 168
drwxr-xr-x@ 18 kejingeng  staff    576 Sep 19 06:54 .
drwxr-xr-x   6 kejingeng  staff    192 Sep 19 06:52 ..
drwxr-xr-x  12 kejingeng  staff    384 Sep 19 06:57 .git
-rw-r--r--@  1 kejingeng  staff  39014 Sep 19  2021 .htaccess
-rw-r--r--@  1 kejingeng  staff   1272 Sep 19  2021 404.html
-rw-r--r--@  1 kejingeng  staff   3959 Sep 19  2021 apple-touch-icon.png
-rw-r--r--@  1 kejingeng  staff    416 Sep 19  2021 browserconfig.xml
-rw-r--r--@  1 kejingeng  staff    603 Sep 19  2021 crossdomain.xml
drwxr-xr-x@  9 kejingeng  staff    288 Sep 19 06:51 css
-rw-r--r--@  1 kejingeng  staff    766 Sep 19  2021 favicon.ico
drwxr-xr-x@  6 kejingeng  staff    192 Sep 19 06:51 fonts
-rw-r--r--@  1 kejingeng  staff    191 Sep 19  2021 humans.txt
drwxr-xr-x@  2 kejingeng  staff     64 Sep 19  2021 img
-rw-r--r--@  1 kejingeng  staff   5329 Sep 19  2021 index.html
drwxr-xr-x@  5 kejingeng  staff    160 Sep 19 06:51 js
-rw-r--r--@  1 kejingeng  staff     78 Sep 19  2021 robots.txt
-rw-r--r--@  1 kejingeng  staff   1854 Sep 19  2021 tile-wide.png
-rw-r--r--@  1 kejingeng  staff   3482 Sep 19  2021 tile.png
kejingeng@kejins-MacBook-Pro web-project % rm -rf .git
kejingeng@kejins-MacBook-Pro web-project % ls
404.html		browserconfig.xml	css			fonts			img			js			tile-wide.png
apple-touch-icon.png	crossdomain.xml		favicon.ico		humans.txt		index.html		robots.txt		tile.png
kejingeng@kejins-MacBook-Pro web-project % cd ..
kejingeng@kejins-MacBook-Pro project % pwd
/Users/kejingeng/project
kejingeng@kejins-MacBook-Pro project % ls
starter-web	web-project
kejingeng@kejins-MacBook-Pro project % rm -rf web-project
kejingeng@kejins-MacBook-Pro project % ls
starter-web
kejingeng@kejins-MacBook-Pro project % cd starter-web
kejingeng@kejins-MacBook-Pro starter-web % ls
404.html				crossdomain.xml				fonts					index.html				robots.txt
README.md				css					hipster.txt				js					simple.html
apple-touch-icon-precomposed.png	favicon.ico				humans.txt				log
kejingeng@kejins-MacBook-Pro starter-web % ls -al
total 280
drwxr-xr-x  20 kejingeng  staff    640 Sep 19 06:33 .
drwxr-xr-x   5 kejingeng  staff    160 Sep 19 07:00 ..
-rw-r--r--@  1 kejingeng  staff   6148 Sep 19 05:08 .DS_Store
drwxr-xr-x  15 kejingeng  staff    480 Sep 19 06:33 .git
-rw-r--r--@  1 kejingeng  staff     15 Sep 19 06:15 .gitignore
-rw-r--r--   1 kejingeng  staff  29947 Sep 19 03:00 .htaccess
-rw-r--r--   1 kejingeng  staff   4459 Sep 19 03:00 404.html
-rw-r--r--   1 kejingeng  staff    133 Sep 19 03:00 README.md
-rw-r--r--   1 kejingeng  staff   1226 Sep 19 03:00 apple-touch-icon-precomposed.png
-rw-r--r--   1 kejingeng  staff    603 Sep 19 03:00 crossdomain.xml
drwxr-xr-x   9 kejingeng  staff    288 Sep 19 03:00 css
-rw-r--r--   1 kejingeng  staff    766 Sep 19 03:00 favicon.ico
drwxr-xr-x   6 kejingeng  staff    192 Sep 19 03:00 fonts
-rw-r--r--@  1 kejingeng  staff  50662 Sep 19 06:01 hipster.txt
-rw-r--r--   1 kejingeng  staff    191 Sep 19 03:00 humans.txt
-rw-r--r--   1 kejingeng  staff   5154 Sep 19 03:00 index.html
drwxr-xr-x   5 kejingeng  staff    160 Sep 19 03:00 js
drwxr-xr-x   3 kejingeng  staff     96 Sep 19 06:33 log
-rw-r--r--   1 kejingeng  staff     32 Sep 19 03:00 robots.txt
-rw-r--r--   1 kejingeng  staff    429 Sep 19 03:00 simple.html
kejingeng@kejins-MacBook-Pro starter-web % git status
On branch master
Your branch is ahead of 'origin/master' by 1 commit.
  (use "git push" to publish your local commits)

Changes not staged for commit:
  (use "git add <file>..." to update what will be committed)
  (use "git restore <file>..." to discard changes in working directory)
	modified:   .gitignore

no changes added to commit (use "git add" and/or "git commit -a")
kejingeng@kejins-MacBook-Pro starter-web % git add .gitignore
kejingeng@kejins-MacBook-Pro starter-web % git status
On branch master
Your branch is ahead of 'origin/master' by 1 commit.
  (use "git push" to publish your local commits)

Changes to be committed:
  (use "git restore --staged <file>..." to unstage)
	modified:   .gitignore

kejingeng@kejins-MacBook-Pro starter-web % git commit -m "Update ignore file"
[master 6452db7] Update ignore file
 Committer: kejin geng <kejingeng@kejins-MacBook-Pro.local>
Your name and email address were configured automatically based
on your username and hostname. Please check that they are accurate.
You can suppress this message by setting them explicitly:

    git config --global user.name "Your Name"
    git config --global user.email you@example.com

After doing this, you may fix the identity used for this commit with:

    git commit --amend --reset-author

 1 file changed, 2 insertions(+), 1 deletion(-)
kejingeng@kejins-MacBook-Pro starter-web % git status
On branch master
Your branch is ahead of 'origin/master' by 2 commits.
  (use "git push" to publish your local commits)

nothing to commit, working tree clean
kejingeng@kejins-MacBook-Pro starter-web % mate hipster.txt
kejingeng@kejins-MacBook-Pro starter-web % ls
404.html				crossdomain.xml				fonts					index.html				robots.txt
README.md				css					hipster.txt				js					simple.html
apple-touch-icon-precomposed.png	favicon.ico				humans.txt				log
kejingeng@kejins-MacBook-Pro starter-web % git status
On branch master
Your branch is ahead of 'origin/master' by 2 commits.
  (use "git push" to publish your local commits)

Changes not staged for commit:
  (use "git add <file>..." to update what will be committed)
  (use "git restore <file>..." to discard changes in working directory)
	modified:   hipster.txt

no changes added to commit (use "git add" and/or "git commit -a")
kejingeng@kejins-MacBook-Pro starter-web % git add hipster.txt
kejingeng@kejins-MacBook-Pro starter-web % git status
On branch master
Your branch is ahead of 'origin/master' by 2 commits.
  (use "git push" to publish your local commits)

Changes to be committed:
  (use "git restore --staged <file>..." to unstage)
	modified:   hipster.txt

kejingeng@kejins-MacBook-Pro starter-web % git commit -m "My first commit!"
dquote> q
dquote> exit
dquote> back
dquote> "
[master ef95a4b] My first commit q exit back
 Committer: kejin geng <kejingeng@kejins-MacBook-Pro.local>
Your name and email address were configured automatically based
on your username and hostname. Please check that they are accurate.
You can suppress this message by setting them explicitly:

    git config --global user.name "Your Name"
    git config --global user.email you@example.com

After doing this, you may fix the identity used for this commit with:

    git commit --amend --reset-author

 1 file changed, 350 insertions(+), 2196 deletions(-)
 rewrite hipster.txt (94%)
kejingeng@kejins-MacBook-Pro starter-web % git status
On branch master
Your branch is ahead of 'origin/master' by 3 commits.
  (use "git push" to publish your local commits)

nothing to commit, working tree clean
kejingeng@kejins-MacBook-Pro starter-web % git pull origin master
hint: Pulling without specifying how to reconcile divergent branches is
hint: discouraged. You can squelch this message by running one of the following
hint: commands sometime before your next pull:
hint: 
hint:   git config pull.rebase false  # merge (the default strategy)
hint:   git config pull.rebase true   # rebase
hint:   git config pull.ff only       # fast-forward only
hint: 
hint: You can replace "git config" with "git config --global" to set a default
hint: preference for all repositories. You can also pass --rebase, --no-rebase,
hint: or --ff-only on the command line to override the configured default per
hint: invocation.
From https://github.com/NobodyKJ/starter-web
 * branch            master     -> FETCH_HEAD
Already up to date.
kejingeng@kejins-MacBook-Pro starter-web % git push origin master
Enumerating objects: 11, done.
Counting objects: 100% (11/11), done.
Delta compression using up to 12 threads
Compressing objects: 100% (7/7), done.
Writing objects: 100% (9/9), 3.46 KiB | 3.46 MiB/s, done.
Total 9 (delta 3), reused 0 (delta 0), pack-reused 0
remote: Resolving deltas: 100% (3/3), completed with 1 local object.
To https://github.com/NobodyKJ/starter-web.git
   40f982a..ef95a4b  master -> master
kejingeng@kejins-MacBook-Pro starter-web % mate hipster.txt
kejingeng@kejins-MacBook-Pro starter-web % git status
On branch master
Your branch is up to date with 'origin/master'.

nothing to commit, working tree clean
kejingeng@kejins-MacBook-Pro starter-web % mate hipster.txt
kejingeng@kejins-MacBook-Pro starter-web % git status
On branch master
Your branch is up to date with 'origin/master'.

Changes not staged for commit:
  (use "git add <file>..." to update what will be committed)
  (use "git restore <file>..." to discard changes in working directory)
	modified:   hipster.txt

no changes added to commit (use "git add" and/or "git commit -a")
kejingeng@kejins-MacBook-Pro starter-web % git ls-files
.DS_Store
.gitignore
.htaccess
404.html
README.md
apple-touch-icon-precomposed.png
crossdomain.xml
css/bootstrap-theme.css
css/bootstrap-theme.css.map
css/bootstrap-theme.min.css
css/bootstrap.css
css/bootstrap.css.map
css/bootstrap.min.css
css/main.css
favicon.ico
fonts/glyphicons-halflings-regular.eot
fonts/glyphicons-halflings-regular.svg
fonts/glyphicons-halflings-regular.ttf
fonts/glyphicons-halflings-regular.woff
hipster.txt
humans.txt
index.html
js/main.js
js/plugins.js
js/vendor/bootstrap.js
js/vendor/bootstrap.min.js
js/vendor/jquery-1.11.0.min.js
js/vendor/modernizr-2.6.2-respond-1.1.0.min.js
robots.txt
simple.html
kejingeng@kejins-MacBook-Pro starter-web % mate newfile.txt
kejingeng@kejins-MacBook-Pro starter-web % git status
On branch master
Your branch is up to date with 'origin/master'.

Changes not staged for commit:
  (use "git add <file>..." to update what will be committed)
  (use "git restore <file>..." to discard changes in working directory)
	modified:   hipster.txt

Untracked files:
  (use "git add <file>..." to include in what will be committed)
	newfile.txt

no changes added to commit (use "git add" and/or "git commit -a")
kejingeng@kejins-MacBook-Pro starter-web % git add hipster.txt
kejingeng@kejins-MacBook-Pro starter-web % git add newfile.txt
kejingeng@kejins-MacBook-Pro starter-web % git status
On branch master
Your branch is up to date with 'origin/master'.

Changes to be committed:
  (use "git restore --staged <file>..." to unstage)
	modified:   hipster.txt
	new file:   newfile.txt

kejingeng@kejins-MacBook-Pro starter-web % git commit
[master e3bff9d] Update
 Committer: kejin geng <kejingeng@kejins-MacBook-Pro.local>
Your name and email address were configured automatically based
on your username and hostname. Please check that they are accurate.
You can suppress this message by setting them explicitly:

    git config --global user.name "Your Name"
    git config --global user.email you@example.com

After doing this, you may fix the identity used for this commit with:

    git commit --amend --reset-author

 2 files changed, 84 insertions(+)
 create mode 100644 newfile.txt
kejingeng@kejins-MacBook-Pro starter-web % git ls-files
.DS_Store
.gitignore
.htaccess
404.html
README.md
apple-touch-icon-precomposed.png
crossdomain.xml
css/bootstrap-theme.css
css/bootstrap-theme.css.map
css/bootstrap-theme.min.css
css/bootstrap.css
css/bootstrap.css.map
css/bootstrap.min.css
css/main.css
favicon.ico
fonts/glyphicons-halflings-regular.eot
fonts/glyphicons-halflings-regular.svg
fonts/glyphicons-halflings-regular.ttf
fonts/glyphicons-halflings-regular.woff
hipster.txt
humans.txt
index.html
js/main.js
js/plugins.js
js/vendor/bootstrap.js
js/vendor/bootstrap.min.js
js/vendor/jquery-1.11.0.min.js
js/vendor/modernizr-2.6.2-respond-1.1.0.min.js
newfile.txt
robots.txt
simple.html
kejingeng@kejins-MacBook-Pro starter-web % mate hipster.txt
kejingeng@kejins-MacBook-Pro starter-web % git status
On branch master
Your branch is ahead of 'origin/master' by 1 commit.
  (use "git push" to publish your local commits)

Changes not staged for commit:
  (use "git add <file>..." to update what will be committed)
  (use "git restore <file>..." to discard changes in working directory)
	modified:   hipster.txt

no changes added to commit (use "git add" and/or "git commit -a")
kejingeng@kejins-MacBook-Pro starter-web % git commit -m "Adding new file"
On branch master
Your branch is ahead of 'origin/master' by 1 commit.
  (use "git push" to publish your local commits)

Changes not staged for commit:
  (use "git add <file>..." to update what will be committed)
  (use "git restore <file>..." to discard changes in working directory)
	modified:   hipster.txt

no changes added to commit (use "git add" and/or "git commit -a")
kejingeng@kejins-MacBook-Pro starter-web % git add hipster.txt
kejingeng@kejins-MacBook-Pro starter-web % git status
On branch master
Your branch is ahead of 'origin/master' by 1 commit.
  (use "git push" to publish your local commits)

Changes to be committed:
  (use "git restore --staged <file>..." to unstage)
	modified:   hipster.txt

kejingeng@kejins-MacBook-Pro starter-web % mate hipster.txt
kejingeng@kejins-MacBook-Pro starter-web % git status
On branch master
Your branch is ahead of 'origin/master' by 1 commit.
  (use "git push" to publish your local commits)

Changes to be committed:
  (use "git restore --staged <file>..." to unstage)
	modified:   hipster.txt

Changes not staged for commit:
  (use "git add <file>..." to update what will be committed)
  (use "git restore <file>..." to discard changes in working directory)
	modified:   hipster.txt

kejingeng@kejins-MacBook-Pro starter-web % git add hipster.txt
kejingeng@kejins-MacBook-Pro starter-web % git status
On branch master
Your branch is ahead of 'origin/master' by 1 commit.
  (use "git push" to publish your local commits)

Changes to be committed:
  (use "git restore --staged <file>..." to unstage)
	modified:   hipster.txt

kejingeng@kejins-MacBook-Pro starter-web % git commit -m "More ipsum for hipsters"
[master 33863d0] More ipsum for hipsters
 Committer: kejin geng <kejingeng@kejins-MacBook-Pro.local>
Your name and email address were configured automatically based
on your username and hostname. Please check that they are accurate.
You can suppress this message by setting them explicitly:

    git config --global user.name "Your Name"
    git config --global user.email you@example.com

After doing this, you may fix the identity used for this commit with:

    git commit --amend --reset-author

 1 file changed, 149 insertions(+)
kejingeng@kejins-MacBook-Pro starter-web % git status
On branch master
Your branch is ahead of 'origin/master' by 2 commits.
  (use "git push" to publish your local commits)

nothing to commit, working tree clean
kejingeng@kejins-MacBook-Pro starter-web % mkdir -p level1/level2/level3
kejingeng@kejins-MacBook-Pro starter-web % ls
404.html				crossdomain.xml				fonts					index.html				log					simple.html
README.md				css					hipster.txt				js					newfile.txt
apple-touch-icon-precomposed.png	favicon.ico				humans.txt				level1					robots.txt
kejingeng@kejins-MacBook-Pro starter-web % cd level1/
kejingeng@kejins-MacBook-Pro level1 % pwd
/Users/kejingeng/project/starter-web/level1
kejingeng@kejins-MacBook-Pro level1 % ls
level2
kejingeng@kejins-MacBook-Pro level1 % mate level1-file.txt
kejingeng@kejins-MacBook-Pro level1 % ls
level1-file.txt	level2
kejingeng@kejins-MacBook-Pro level1 % cd level2/
kejingeng@kejins-MacBook-Pro level2 % mate level2-file.txt
kejingeng@kejins-MacBook-Pro level2 % ls
level2-file.txt	level3
kejingeng@kejins-MacBook-Pro level2 % cd level3
kejingeng@kejins-MacBook-Pro level3 % mate level3-file.txt
kejingeng@kejins-MacBook-Pro level3 % ls
level3-file.txt
kejingeng@kejins-MacBook-Pro level3 % cd ../../..
kejingeng@kejins-MacBook-Pro starter-web % git status
On branch master
Your branch is ahead of 'origin/master' by 2 commits.
  (use "git push" to publish your local commits)

Untracked files:
  (use "git add <file>..." to include in what will be committed)
	level1/

nothing added to commit but untracked files present (use "git add" to track)
kejingeng@kejins-MacBook-Pro starter-web % git add .
kejingeng@kejins-MacBook-Pro starter-web % git status
On branch master
Your branch is ahead of 'origin/master' by 2 commits.
  (use "git push" to publish your local commits)

Changes to be committed:
  (use "git restore --staged <file>..." to unstage)
	new file:   level1/level1-file.txt
	new file:   level1/level2/level2-file.txt
	new file:   level1/level2/level3/level3-file.txt

kejingeng@kejins-MacBook-Pro starter-web % git commit
[master 8b87d2c] Add file recursively
 Committer: kejin geng <kejingeng@kejins-MacBook-Pro.local>
Your name and email address were configured automatically based
on your username and hostname. Please check that they are accurate.
You can suppress this message by setting them explicitly:

    git config --global user.name "Your Name"
    git config --global user.email you@example.com

After doing this, you may fix the identity used for this commit with:

    git commit --amend --reset-author

 3 files changed, 4 insertions(+)
 create mode 100644 level1/level1-file.txt
 create mode 100644 level1/level2/level2-file.txt
 create mode 100644 level1/level2/level3/level3-file.txt
kejingeng@kejins-MacBook-Pro starter-web % cd level1.
cd: no such file or directory: level1.
kejingeng@kejins-MacBook-Pro starter-web % cd level1/
kejingeng@kejins-MacBook-Pro level1 % ls
level1-file.txt	level2
kejingeng@kejins-MacBook-Pro level1 % mate level1-file.txt
kejingeng@kejins-MacBook-Pro level1 % git status
On branch master
Your branch is ahead of 'origin/master' by 3 commits.
  (use "git push" to publish your local commits)

Changes not staged for commit:
  (use "git add <file>..." to update what will be committed)
  (use "git restore <file>..." to discard changes in working directory)
	modified:   level1-file.txt

no changes added to commit (use "git add" and/or "git commit -a")
kejingeng@kejins-MacBook-Pro level1 % git add level1-file.txt
kejingeng@kejins-MacBook-Pro level1 % git status
On branch master
Your branch is ahead of 'origin/master' by 3 commits.
  (use "git push" to publish your local commits)

Changes to be committed:
  (use "git restore --staged <file>..." to unstage)
	modified:   level1-file.txt

kejingeng@kejins-MacBook-Pro level1 % git reset HEAD level1-file.txt
Unstaged changes after reset:
M	level1/level1-file.txt
kejingeng@kejins-MacBook-Pro level1 % git reset HEAD level1-file.txt
Unstaged changes after reset:
M	level1/level1-file.txt
kejingeng@kejins-MacBook-Pro level1 % mate level1-file.txt
kejingeng@kejins-MacBook-Pro level1 % git reset HEAD level1-file.txt
Unstaged changes after reset:
M	level1/level1-file.txt
kejingeng@kejins-MacBook-Pro level1 % mate level1-file.txt          
kejingeng@kejins-MacBook-Pro level1 % git checkout -- level1-file.txt
kejingeng@kejins-MacBook-Pro level1 % git status
On branch master
Your branch is ahead of 'origin/master' by 3 commits.
  (use "git push" to publish your local commits)

nothing to commit, working tree clean
kejingeng@kejins-MacBook-Pro level1 % mate level1-file.txt           
kejingeng@kejins-MacBook-Pro level1 % cd level2/level3
kejingeng@kejins-MacBook-Pro level3 % ls
level3-file.txt
kejingeng@kejins-MacBook-Pro level3 % git status
On branch master
Your branch is ahead of 'origin/master' by 3 commits.
  (use "git push" to publish your local commits)

nothing to commit, working tree clean
kejingeng@kejins-MacBook-Pro level3 % git mv level3-file.txt level3 txt
fatal: destination 'level1/level2/level3/txt' is not a directory
kejingeng@kejins-MacBook-Pro level3 % git mv level3-file.txt level3.txt
kejingeng@kejins-MacBook-Pro level3 % ls
level3.txt
kejingeng@kejins-MacBook-Pro level3 % git status
On branch master
Your branch is ahead of 'origin/master' by 3 commits.
  (use "git push" to publish your local commits)

Changes to be committed:
  (use "git restore --staged <file>..." to unstage)
	renamed:    level3-file.txt -> level3.txt

kejingeng@kejins-MacBook-Pro level3 % git commit -m "Ranaming level3 file"
[master 56873a1] Ranaming level3 file
 Committer: kejin geng <kejingeng@kejins-MacBook-Pro.local>
Your name and email address were configured automatically based
on your username and hostname. Please check that they are accurate.
You can suppress this message by setting them explicitly:

    git config --global user.name "Your Name"
    git config --global user.email you@example.com

After doing this, you may fix the identity used for this commit with:

    git commit --amend --reset-author

 1 file changed, 0 insertions(+), 0 deletions(-)
 rename level1/level2/level3/{level3-file.txt => level3.txt} (100%)
kejingeng@kejins-MacBook-Pro level3 % cd ..    
kejingeng@kejins-MacBook-Pro level2 % ls
level2-file.txt	level3
kejingeng@kejins-MacBook-Pro level2 % mv level2-file.txt level2.txt
kejingeng@kejins-MacBook-Pro level2 % ls
level2.txt	level3
kejingeng@kejins-MacBook-Pro level2 % git status
On branch master
Your branch is ahead of 'origin/master' by 4 commits.
  (use "git push" to publish your local commits)

Changes not staged for commit:
  (use "git add/rm <file>..." to update what will be committed)
  (use "git restore <file>..." to discard changes in working directory)
	deleted:    level2-file.txt

Untracked files:
  (use "git add <file>..." to include in what will be committed)
	level2.txt

no changes added to commit (use "git add" and/or "git commit -a")
kejingeng@kejins-MacBook-Pro level2 % git add -A
kejingeng@kejins-MacBook-Pro level2 % git status
On branch master
Your branch is ahead of 'origin/master' by 4 commits.
  (use "git push" to publish your local commits)

Changes to be committed:
  (use "git restore --staged <file>..." to unstage)
	renamed:    level2-file.txt -> level2.txt

kejingeng@kejins-MacBook-Pro level2 % git commit 
[master 9c595b0] Renaming level2 file
 Committer: kejin geng <kejingeng@kejins-MacBook-Pro.local>
Your name and email address were configured automatically based
on your username and hostname. Please check that they are accurate.
You can suppress this message by setting them explicitly:

    git config --global user.name "Your Name"
    git config --global user.email you@example.com

After doing this, you may fix the identity used for this commit with:

    git commit --amend --reset-author

 1 file changed, 0 insertions(+), 0 deletions(-)
 rename level1/level2/{level2-file.txt => level2.txt} (100%)
kejingeng@kejins-MacBook-Pro level2 % ls
level2.txt	level3
kejingeng@kejins-MacBook-Pro level2 % git mv level2.txt 2.txt
kejingeng@kejins-MacBook-Pro level2 % git status
On branch master
Your branch is ahead of 'origin/master' by 5 commits.
  (use "git push" to publish your local commits)

Changes to be committed:
  (use "git restore --staged <file>..." to unstage)
	renamed:    level2.txt -> 2.txt

kejingeng@kejins-MacBook-Pro level2 % git mv 2.txt level2.txt
kejingeng@kejins-MacBook-Pro level2 % ls
level2.txt	level3
kejingeng@kejins-MacBook-Pro level2 % git status
On branch master
Your branch is ahead of 'origin/master' by 5 commits.
  (use "git push" to publish your local commits)

nothing to commit, working tree clean
kejingeng@kejins-MacBook-Pro level2 % ls
level2.txt	level3
kejingeng@kejins-MacBook-Pro level2 % git mv level2.txt level3
kejingeng@kejins-MacBook-Pro level2 % ls
level3
kejingeng@kejins-MacBook-Pro level2 % cd level3
kejingeng@kejins-MacBook-Pro level3 % ls
level2.txt	level3.txt
kejingeng@kejins-MacBook-Pro level3 % git status
On branch master
Your branch is ahead of 'origin/master' by 5 commits.
  (use "git push" to publish your local commits)

Changes to be committed:
  (use "git restore --staged <file>..." to unstage)
	renamed:    ../level2.txt -> level2.txt

kejingeng@kejins-MacBook-Pro level3 % cd ..
kejingeng@kejins-MacBook-Pro level2 % git status
On branch master
Your branch is ahead of 'origin/master' by 5 commits.
  (use "git push" to publish your local commits)

Changes to be committed:
  (use "git restore --staged <file>..." to unstage)
	renamed:    level2.txt -> level3/level2.txt

kejingeng@kejins-MacBook-Pro level2 % cd level3/
kejingeng@kejins-MacBook-Pro level3 % ls
level2.txt	level3.txt
kejingeng@kejins-MacBook-Pro level3 % mv level2.txt ..
kejingeng@kejins-MacBook-Pro level3 % ls
level3.txt
kejingeng@kejins-MacBook-Pro level3 % cd ..
kejingeng@kejins-MacBook-Pro level2 % ls
level2.txt	level3
kejingeng@kejins-MacBook-Pro level2 % git status
On branch master
Your branch is ahead of 'origin/master' by 5 commits.
  (use "git push" to publish your local commits)

Changes to be committed:
  (use "git restore --staged <file>..." to unstage)
	renamed:    level2.txt -> level3/level2.txt

Changes not staged for commit:
  (use "git add/rm <file>..." to update what will be committed)
  (use "git restore <file>..." to discard changes in working directory)
	deleted:    level3/level2.txt

Untracked files:
  (use "git add <file>..." to include in what will be committed)
	level2.txt

kejingeng@kejins-MacBook-Pro level2 % git add -A
kejingeng@kejins-MacBook-Pro level2 % git status
On branch master
Your branch is ahead of 'origin/master' by 5 commits.
  (use "git push" to publish your local commits)

nothing to commit, working tree clean
kejingeng@kejins-MacBook-Pro level2 % cd..
zsh: command not found: cd..
kejingeng@kejins-MacBook-Pro level2 % cd ..
kejingeng@kejins-MacBook-Pro level1 % ls
level1.txt	level2
kejingeng@kejins-MacBook-Pro level1 % git status
On branch master
Your branch is ahead of 'origin/master' by 5 commits.
  (use "git push" to publish your local commits)

Changes not staged for commit:
  (use "git add/rm <file>..." to update what will be committed)
  (use "git restore <file>..." to discard changes in working directory)
	deleted:    level1-file.txt

Untracked files:
  (use "git add <file>..." to include in what will be committed)
	level1.txt

no changes added to commit (use "git add" and/or "git commit -a")
kejingeng@kejins-MacBook-Pro level1 % git add level1.txt
kejingeng@kejins-MacBook-Pro level1 % git add -u
kejingeng@kejins-MacBook-Pro level1 % git status
On branch master
Your branch is ahead of 'origin/master' by 5 commits.
  (use "git push" to publish your local commits)

Changes to be committed:
  (use "git restore --staged <file>..." to unstage)
	renamed:    level1-file.txt -> level1.txt

kejingeng@kejins-MacBook-Pro level1 % git commit
[master 4c9de43] Ranamed level1-files to level1
 Committer: kejin geng <kejingeng@kejins-MacBook-Pro.local>
Your name and email address were configured automatically based
on your username and hostname. Please check that they are accurate.
You can suppress this message by setting them explicitly:

    git config --global user.name "Your Name"
    git config --global user.email you@example.com

After doing this, you may fix the identity used for this commit with:

    git commit --amend --reset-author

 1 file changed, 0 insertions(+), 0 deletions(-)
 rename level1/{level1-file.txt => level1.txt} (100%)
kejingeng@kejins-MacBook-Pro level1 % cd level2/level3
kejingeng@kejins-MacBook-Pro level3 % git status
On branch master
Your branch is ahead of 'origin/master' by 6 commits.
  (use "git push" to publish your local commits)

nothing to commit, working tree clean
kejingeng@kejins-MacBook-Pro level3 % ls              
level3.txt
kejingeng@kejins-MacBook-Pro level3 % cd                   
kejingeng@kejins-MacBook-Pro ~ % git status
fatal: not a git repository (or any of the parent directories): .git
kejingeng@kejins-MacBook-Pro ~ % cd project/starter-web
kejingeng@kejins-MacBook-Pro starter-web % git status
On branch master
Your branch is ahead of 'origin/master' by 6 commits.
  (use "git push" to publish your local commits)

nothing to commit, working tree clean
kejingeng@kejins-MacBook-Pro starter-web % mate doomed.txt
kejingeng@kejins-MacBook-Pro starter-web % ls
404.html				crossdomain.xml				favicon.ico				humans.txt				level1					robots.txt
README.md				css					fonts					index.html				log					simple.html
apple-touch-icon-precomposed.png	doomed.txt				hipster.txt				js					newfile.txt
kejingeng@kejins-MacBook-Pro starter-web % git status
On branch master
Your branch is ahead of 'origin/master' by 6 commits.
  (use "git push" to publish your local commits)

Untracked files:
  (use "git add <file>..." to include in what will be committed)
	doomed.txt

nothing added to commit but untracked files present (use "git add" to track)
kejingeng@kejins-MacBook-Pro starter-web % rm doomed.txt
kejingeng@kejins-MacBook-Pro starter-web % ls
404.html				crossdomain.xml				fonts					index.html				log					simple.html
README.md				css					hipster.txt				js					newfile.txt
apple-touch-icon-precomposed.png	favicon.ico				humans.txt				level1					robots.txt
kejingeng@kejins-MacBook-Pro starter-web % git status
On branch master
Your branch is ahead of 'origin/master' by 6 commits.
  (use "git push" to publish your local commits)

nothing to commit, working tree clean
kejingeng@kejins-MacBook-Pro starter-web % git ls-files
.DS_Store
.gitignore
.htaccess
404.html
README.md
apple-touch-icon-precomposed.png
crossdomain.xml
css/bootstrap-theme.css
css/bootstrap-theme.css.map
css/bootstrap-theme.min.css
css/bootstrap.css
css/bootstrap.css.map
css/bootstrap.min.css
css/main.css
favicon.ico
fonts/glyphicons-halflings-regular.eot
fonts/glyphicons-halflings-regular.svg
fonts/glyphicons-halflings-regular.ttf
fonts/glyphicons-halflings-regular.woff
hipster.txt
humans.txt
index.html
js/main.js
js/plugins.js
js/vendor/bootstrap.js
js/vendor/bootstrap.min.js
js/vendor/jquery-1.11.0.min.js
js/vendor/modernizr-2.6.2-respond-1.1.0.min.js
level1/level1.txt
level1/level2/level2.txt
level1/level2/level3/level3.txt
newfile.txt
robots.txt
simple.html
kejingeng@kejins-MacBook-Pro starter-web % git rm newfile.txt
rm 'newfile.txt'
kejingeng@kejins-MacBook-Pro starter-web % ls
404.html				crossdomain.xml				fonts					index.html				log
README.md				css					hipster.txt				js					robots.txt
apple-touch-icon-precomposed.png	favicon.ico				humans.txt				level1					simple.html
kejingeng@kejins-MacBook-Pro starter-web % git status
On branch master
Your branch is ahead of 'origin/master' by 6 commits.
  (use "git push" to publish your local commits)

Changes to be committed:
  (use "git restore --staged <file>..." to unstage)
	deleted:    newfile.txt

kejingeng@kejins-MacBook-Pro starter-web % git commit -m "Deleting new file"
[master 26fa7ee] Deleting new file
 Committer: kejin geng <kejingeng@kejins-MacBook-Pro.local>
Your name and email address were configured automatically based
on your username and hostname. Please check that they are accurate.
You can suppress this message by setting them explicitly:

    git config --global user.name "Your Name"
    git config --global user.email you@example.com

After doing this, you may fix the identity used for this commit with:

    git commit --amend --reset-author

 1 file changed, 1 deletion(-)
 delete mode 100644 newfile.txt
kejingeng@kejins-MacBook-Pro starter-web % git status
On branch master
Your branch is ahead of 'origin/master' by 7 commits.
  (use "git push" to publish your local commits)

nothing to commit, working tree clean
kejingeng@kejins-MacBook-Pro starter-web % ls
404.html				crossdomain.xml				fonts					index.html				log
README.md				css					hipster.txt				js					robots.txt
apple-touch-icon-precomposed.png	favicon.ico				humans.txt				level1					simple.html
kejingeng@kejins-MacBook-Pro starter-web % git ls-files
.DS_Store
.gitignore
.htaccess
404.html
README.md
apple-touch-icon-precomposed.png
crossdomain.xml
css/bootstrap-theme.css
css/bootstrap-theme.css.map
css/bootstrap-theme.min.css
css/bootstrap.css
css/bootstrap.css.map
css/bootstrap.min.css
css/main.css
favicon.ico
fonts/glyphicons-halflings-regular.eot
fonts/glyphicons-halflings-regular.svg
fonts/glyphicons-halflings-regular.ttf
fonts/glyphicons-halflings-regular.woff
hipster.txt
humans.txt
index.html
js/main.js
js/plugins.js
js/vendor/bootstrap.js
js/vendor/bootstrap.min.js
js/vendor/jquery-1.11.0.min.js
js/vendor/modernizr-2.6.2-respond-1.1.0.min.js
level1/level1.txt
level1/level2/level2.txt
level1/level2/level3/level3.txt
robots.txt
simple.html
kejingeng@kejins-MacBook-Pro starter-web % git rm hipster.txt
rm 'hipster.txt'
kejingeng@kejins-MacBook-Pro starter-web % ls
404.html				crossdomain.xml				fonts					js					robots.txt
README.md				css					humans.txt				level1					simple.html
apple-touch-icon-precomposed.png	favicon.ico				index.html				log
kejingeng@kejins-MacBook-Pro starter-web % git status
On branch master
Your branch is ahead of 'origin/master' by 7 commits.
  (use "git push" to publish your local commits)

Changes to be committed:
  (use "git restore --staged <file>..." to unstage)
	deleted:    hipster.txt

kejingeng@kejins-MacBook-Pro starter-web % git checkout -- hipster.txt
error: pathspec 'hipster.txt' did not match any file(s) known to git
kejingeng@kejins-MacBook-Pro starter-web % git reset HEAD hipster.txt 
Unstaged changes after reset:
D	hipster.txt
kejingeng@kejins-MacBook-Pro starter-web % ls
404.html				crossdomain.xml				fonts					js					robots.txt
README.md				css					humans.txt				level1					simple.html
apple-touch-icon-precomposed.png	favicon.ico				index.html				log
kejingeng@kejins-MacBook-Pro starter-web % git checkout -- hipster.txt
kejingeng@kejins-MacBook-Pro starter-web % ls
404.html				crossdomain.xml				fonts					index.html				log
README.md				css					hipster.txt				js					robots.txt
apple-touch-icon-precomposed.png	favicon.ico				humans.txt				level1					simple.html
kejingeng@kejins-MacBook-Pro starter-web % ls
404.html				crossdomain.xml				fonts					index.html				log
README.md				css					hipster.txt				js					robots.txt
apple-touch-icon-precomposed.png	favicon.ico				humans.txt				level1					simple.html
kejingeng@kejins-MacBook-Pro starter-web % rm -rf level 
kejingeng@kejins-MacBook-Pro starter-web % ls
404.html				crossdomain.xml				fonts					index.html				log
README.md				css					hipster.txt				js					robots.txt
apple-touch-icon-precomposed.png	favicon.ico				humans.txt				level1					simple.html
kejingeng@kejins-MacBook-Pro starter-web % rm -rf level1
kejingeng@kejins-MacBook-Pro starter-web % ls
404.html				crossdomain.xml				fonts					index.html				robots.txt
README.md				css					hipster.txt				js					simple.html
apple-touch-icon-precomposed.png	favicon.ico				humans.txt				log
kejingeng@kejins-MacBook-Pro starter-web % git status
On branch master
Your branch is ahead of 'origin/master' by 7 commits.
  (use "git push" to publish your local commits)

Changes not staged for commit:
  (use "git add/rm <file>..." to update what will be committed)
  (use "git restore <file>..." to discard changes in working directory)
	deleted:    level1/level1.txt
	deleted:    level1/level2/level2.txt
	deleted:    level1/level2/level3/level3.txt

no changes added to commit (use "git add" and/or "git commit -a")
kejingeng@kejins-MacBook-Pro starter-web % git add -A
kejingeng@kejins-MacBook-Pro starter-web % git status
On branch master
Your branch is ahead of 'origin/master' by 7 commits.
  (use "git push" to publish your local commits)

Changes to be committed:
  (use "git restore --staged <file>..." to unstage)
	deleted:    level1/level1.txt
	deleted:    level1/level2/level2.txt
	deleted:    level1/level2/level3/level3.txt

kejingeng@kejins-MacBook-Pro starter-web % git commit -m "deleting level1 and all children"
[master e22e48a] deleting level1 and all children
 Committer: kejin geng <kejingeng@kejins-MacBook-Pro.local>
Your name and email address were configured automatically based
on your username and hostname. Please check that they are accurate.
You can suppress this message by setting them explicitly:

    git config --global user.name "Your Name"
    git config --global user.email you@example.com

After doing this, you may fix the identity used for this commit with:

    git commit --amend --reset-author

 3 files changed, 4 deletions(-)
 delete mode 100644 level1/level1.txt
 delete mode 100644 level1/level2/level2.txt
 delete mode 100644 level1/level2/level3/level3.txt
kejingeng@kejins-MacBook-Pro starter-web % git status
On branch master
Your branch is ahead of 'origin/master' by 8 commits.
  (use "git push" to publish your local commits)

nothing to commit, working tree clean
kejingeng@kejins-MacBook-Pro starter-web % git log
commit e22e48af4a9e7d59c863e793b9a8082a5d109fd2 (HEAD -> master)
Author: kejin geng <kejingeng@kejins-MacBook-Pro.local>
Date:   Sun Sep 19 15:17:04 2021 -0700

    deleting level1 and all children

commit 26fa7eef388ab9e506a71d2ed98a8fa56f2c2190
Author: kejin geng <kejingeng@kejins-MacBook-Pro.local>
Date:   Sun Sep 19 14:42:35 2021 -0700

    Deleting new file

commit 4c9de43e0bd635bbeb59aa82870c1cd5f571dec5
Author: kejin geng <kejingeng@kejins-MacBook-Pro.local>
Date:   Sun Sep 19 14:29:23 2021 -0700

    Ranamed level1-files to level1

commit 9c595b0ca6434a27e708aff44ae18de7073cf03d
Author: kejin geng <kejingeng@kejins-MacBook-Pro.local>
Date:   Sun Sep 19 14:08:18 2021 -0700

    Renaming level2 file

commit 56873a1dd073b93ea815cbfb82f837b3bad78a4f
Author: kejin geng <kejingeng@kejins-MacBook-Pro.local>
Date:   Sun Sep 19 14:02:27 2021 -0700

    Ranaming level3 file

commit 8b87d2caccd4f873ec522f710f02ebba738423bb
Author: kejin geng <kejingeng@kejins-MacBook-Pro.local>
Date:   Sun Sep 19 08:06:09 2021 -0700

    Add file recursively

commit 33863d0a73c02b8368ad8034645da3c887cd02f8
Author: kejin geng <kejingeng@kejins-MacBook-Pro.local>
Date:   Sun Sep 19 07:43:55 2021 -0700

    More ipsum for hipsters

commit e3bff9dc17ebbf1dc17eb22fe9a901044f8aa250
Author: kejin geng <kejingeng@kejins-MacBook-Pro.local>
Date:   Sun Sep 19 07:28:55 2021 -0700

    Update

commit ef95a4b225a5d0f742113384b6c9052ce3dc0b7e (origin/master, origin/HEAD)
Author: kejin geng <kejingeng@kejins-MacBook-Pro.local>
Date:   Sun Sep 19 07:12:37 2021 -0700

    My first commit
    q
    exit
    back

commit 6452db75d49a5b2dbbe6e7cd1a0daf7ed9fa6d87
Author: kejin geng <kejingeng@kejins-MacBook-Pro.local>
Date:   Sun Sep 19 07:05:35 2021 -0700

    Update ignore file

commit 7268cf6ddfca5f6e38e480eb21ff53f2de1bc16a
Author: kejin geng <kejingeng@kejins-MacBook-Pro.local>
Date:   Sun Sep 19 06:12:52 2021 -0700

    Adding git ignore file to exclude unwanted files

commit 40f982a6b718a26d77c2e04ecb8c3577877a3c91
Author: kejin geng <kejingeng@kejins-MacBook-Pro.local>
Date:   Sun Sep 19 06:04:13 2021 -0700

kejingeng@kejins-MacBook-Pro starter-web % git loh --abbrev-commit
git: 'loh' is not a git command. See 'git --help'.

The most similar command is
	log
kejingeng@kejins-MacBook-Pro starter-web % git log --abbrev-commit
commit e22e48a (HEAD -> master)
Author: kejin geng <kejingeng@kejins-MacBook-Pro.local>
Date:   Sun Sep 19 15:17:04 2021 -0700

    deleting level1 and all children

commit 26fa7ee
Author: kejin geng <kejingeng@kejins-MacBook-Pro.local>
Date:   Sun Sep 19 14:42:35 2021 -0700

    Deleting new file

commit 4c9de43
Author: kejin geng <kejingeng@kejins-MacBook-Pro.local>
Date:   Sun Sep 19 14:29:23 2021 -0700

    Ranamed level1-files to level1

commit 9c595b0
Author: kejin geng <kejingeng@kejins-MacBook-Pro.local>
Date:   Sun Sep 19 14:08:18 2021 -0700

    Renaming level2 file

commit 56873a1
Author: kejin geng <kejingeng@kejins-MacBook-Pro.local>
Date:   Sun Sep 19 14:02:27 2021 -0700

    Ranaming level3 file

commit 8b87d2c
Author: kejin geng <kejingeng@kejins-MacBook-Pro.local>
Date:   Sun Sep 19 08:06:09 2021 -0700

    Add file recursively

commit 33863d0
Author: kejin geng <kejingeng@kejins-MacBook-Pro.local>
Date:   Sun Sep 19 07:43:55 2021 -0700

    More ipsum for hipsters

commit e3bff9d
Author: kejin geng <kejingeng@kejins-MacBook-Pro.local>
Date:   Sun Sep 19 07:28:55 2021 -0700

    Update

commit ef95a4b (origin/master, origin/HEAD)
Author: kejin geng <kejingeng@kejins-MacBook-Pro.local>
Date:   Sun Sep 19 07:12:37 2021 -0700

    My first commit
    q
    exit
    back

commit 6452db7
Author: kejin geng <kejingeng@kejins-MacBook-Pro.local>
Date:   Sun Sep 19 07:05:35 2021 -0700

    Update ignore file

commit 7268cf6
Author: kejin geng <kejingeng@kejins-MacBook-Pro.local>
Date:   Sun Sep 19 06:12:52 2021 -0700

    Adding git ignore file to exclude unwanted files

commit 40f982a
Author: kejin geng <kejingeng@kejins-MacBook-Pro.local>
Date:   Sun Sep 19 06:04:13 2021 -0700

kejingeng@kejins-MacBook-Pro starter-web % git log --oneline --graph --decorate
* e22e48a (HEAD -> master) deleting level1 and all children
* 26fa7ee Deleting new file
* 4c9de43 Ranamed level1-files to level1
* 9c595b0 Renaming level2 file
* 56873a1 Ranaming level3 file
* 8b87d2c Add file recursively
* 33863d0 More ipsum for hipsters
* e3bff9d Update
* ef95a4b (origin/master, origin/HEAD) My first commit q exit back
* 6452db7 Update ignore file
* 7268cf6 Adding git ignore file to exclude unwanted files
* 40f982a update
* c23232c Git Complete coding practice
* 499e71c deleting level1 and level1 all children
* 6c4645f Delete hipster.txt
* 47d52b0 Deleting new file
* 251d8f8 Renaming level1 file
* c52f2cd Moving level2 file back to level 2 directory
* 253976d Moving level2 to level3
* 9ee8041 renaming level2 file
* 7852665 renaming level3 file
* b085f28 Renamed
* 1537c43 Adding several files recursively
* 0a85e8f more ipsum from hipsters
* a75aa77 Adding new file
* 694dae8 Adding more ipsum text
* a8a944a My first commit
*   4beb7f0 Merge pull request #6 from jasongtaylor/feature-readme
|\  
| * e73f914 Adding Purpose section to README
| * 34f563b Adding README file
|/  
* 5c05047 Copying files from initializr project zip file and then creating simple.html as basis for super simple pages
kejingeng@kejins-MacBook-Pro starter-web % git log e22e48a 226fa7ee
fatal: ambiguous argument '226fa7ee': unknown revision or path not in the working tree.
Use '--' to separate paths from revisions, like this:
'git <command> [<revision>...] -- [<file>...]'
kejingeng@kejins-MacBook-Pro starter-web % git log e22e48a...226fa7ee
fatal: ambiguous argument 'e22e48a...226fa7ee': unknown revision or path not in the working tree.
Use '--' to separate paths from revisions, like this:
'git <command> [<revision>...] -- [<file>...]'
kejingeng@kejins-MacBook-Pro starter-web % git log e22e48a...26fa7ee 
commit e22e48af4a9e7d59c863e793b9a8082a5d109fd2 (HEAD -> master)
Author: kejin geng <kejingeng@kejins-MacBook-Pro.local>
Date:   Sun Sep 19 15:17:04 2021 -0700

    deleting level1 and all children
kejingeng@kejins-MacBook-Pro starter-web % git log --since="3 days ago"
commit e22e48af4a9e7d59c863e793b9a8082a5d109fd2 (HEAD -> master)
Author: kejin geng <kejingeng@kejins-MacBook-Pro.local>
Date:   Sun Sep 19 15:17:04 2021 -0700

    deleting level1 and all children

commit 26fa7eef388ab9e506a71d2ed98a8fa56f2c2190
Author: kejin geng <kejingeng@kejins-MacBook-Pro.local>
Date:   Sun Sep 19 14:42:35 2021 -0700

    Deleting new file

commit 4c9de43e0bd635bbeb59aa82870c1cd5f571dec5
Author: kejin geng <kejingeng@kejins-MacBook-Pro.local>
Date:   Sun Sep 19 14:29:23 2021 -0700

    Ranamed level1-files to level1

commit 9c595b0ca6434a27e708aff44ae18de7073cf03d
Author: kejin geng <kejingeng@kejins-MacBook-Pro.local>
Date:   Sun Sep 19 14:08:18 2021 -0700

    Renaming level2 file

commit 56873a1dd073b93ea815cbfb82f837b3bad78a4f
Author: kejin geng <kejingeng@kejins-MacBook-Pro.local>
Date:   Sun Sep 19 14:02:27 2021 -0700

    Ranaming level3 file

commit 8b87d2caccd4f873ec522f710f02ebba738423bb
Author: kejin geng <kejingeng@kejins-MacBook-Pro.local>
Date:   Sun Sep 19 08:06:09 2021 -0700

    Add file recursively

commit 33863d0a73c02b8368ad8034645da3c887cd02f8
Author: kejin geng <kejingeng@kejins-MacBook-Pro.local>
Date:   Sun Sep 19 07:43:55 2021 -0700

    More ipsum for hipsters

commit e3bff9dc17ebbf1dc17eb22fe9a901044f8aa250
Author: kejin geng <kejingeng@kejins-MacBook-Pro.local>
Date:   Sun Sep 19 07:28:55 2021 -0700

    Update

commit ef95a4b225a5d0f742113384b6c9052ce3dc0b7e (origin/master, origin/HEAD)
Author: kejin geng <kejingeng@kejins-MacBook-Pro.local>
Date:   Sun Sep 19 07:12:37 2021 -0700

    My first commit
    q
    exit
    back

commit 6452db75d49a5b2dbbe6e7cd1a0daf7ed9fa6d87
Author: kejin geng <kejingeng@kejins-MacBook-Pro.local>
Date:   Sun Sep 19 07:05:35 2021 -0700

    Update ignore file

commit 7268cf6ddfca5f6e38e480eb21ff53f2de1bc16a
Author: kejin geng <kejingeng@kejins-MacBook-Pro.local>
Date:   Sun Sep 19 06:12:52 2021 -0700

    Adding git ignore file to exclude unwanted files

commit 40f982a6b718a26d77c2e04ecb8c3577877a3c91
Author: kejin geng <kejingeng@kejins-MacBook-Pro.local>
Date:   Sun Sep 19 06:04:13 2021 -0700

kejingeng@kejins-MacBook-Pro starter-web % 
kejingeng@kejins-MacBook-Pro starter-web % git show 7268cf6ddfca5f6e38e480eb21ff53f2de1bc16a
commit 7268cf6ddfca5f6e38e480eb21ff53f2de1bc16a
Author: kejin geng <kejingeng@kejins-MacBook-Pro.local>
Date:   Sun Sep 19 06:12:52 2021 -0700

    Adding git ignore file to exclude unwanted files

diff --git a/.gitignore b/.gitignore
new file mode 100644
index 0000000..496ee2c
--- /dev/null
+++ b/.gitignore
@@ -0,0 +1 @@
+.DS_Store
\ No newline at end of file
kejingeng@kejins-MacBook-Pro starter-web % ls
404.html				crossdomain.xml				fonts					index.html				robots.txt
README.md				css					hipster.txt				js					simple.html
apple-touch-icon-precomposed.png	favicon.ico				humans.txt				log
kejingeng@kejins-MacBook-Pro starter-web % git log -- hipster.txt
commit 33863d0a73c02b8368ad8034645da3c887cd02f8
Author: kejin geng <kejingeng@kejins-MacBook-Pro.local>
Date:   Sun Sep 19 07:43:55 2021 -0700

    More ipsum for hipsters

commit e3bff9dc17ebbf1dc17eb22fe9a901044f8aa250
Author: kejin geng <kejingeng@kejins-MacBook-Pro.local>
Date:   Sun Sep 19 07:28:55 2021 -0700

    Update

commit ef95a4b225a5d0f742113384b6c9052ce3dc0b7e (origin/master, origin/HEAD)
Author: kejin geng <kejingeng@kejins-MacBook-Pro.local>
Date:   Sun Sep 19 07:12:37 2021 -0700

    My first commit
    q
    exit
    back

commit 40f982a6b718a26d77c2e04ecb8c3577877a3c91
Author: kejin geng <kejingeng@kejins-MacBook-Pro.local>
Date:   Sun Sep 19 06:04:13 2021 -0700

    update

commit c23232c740b6b7842c8621278466573bca808dab
Author: kejin geng <kejingeng@kejins-MacBook-Pro.local>
Date:   Sun Sep 19 05:56:04 2021 -0700

    Git Complete coding practice

commit 6c4645f7033bc5d38e155dac012957f83b42357f
Author: kejin geng <kejingeng@kejins-MacBook-Pro.local>
Date:   Sun Sep 19 05:28:31 2021 -0700

    Delete hipster.txt

commit 0a85e8f16eb18540ee2ade6c81ac0370dbc17009
Author: kejin geng <kejingeng@kejins-MacBook-Pro.local>
Date:   Sun Sep 19 03:48:27 2021 -0700

    more ipsum from hipsters

commit 694dae82e84f724bac14577b75e5863e37f1e4d8
Author: kejin geng <kejingeng@kejins-MacBook-Pro.local>
Date:   Sun Sep 19 03:31:11 2021 -0700

    Adding more ipsum text

commit a8a944aa78e1ac807f39f710257ec1b7c3324f34
Author: kejin geng <kejingeng@kejins-MacBook-Pro.local>
Date:   Sun Sep 19 03:11:11 2021 -0700

    My first commit
kejingeng@kejins-MacBook-Pro starter-web % git log --follow -- level1/level2/level2.txt
commit e22e48af4a9e7d59c863e793b9a8082a5d109fd2 (HEAD -> master)
Author: kejin geng <kejingeng@kejins-MacBook-Pro.local>
Date:   Sun Sep 19 15:17:04 2021 -0700

    deleting level1 and all children

commit 9c595b0ca6434a27e708aff44ae18de7073cf03d
Author: kejin geng <kejingeng@kejins-MacBook-Pro.local>
Date:   Sun Sep 19 14:08:18 2021 -0700

    Renaming level2 file

commit 8b87d2caccd4f873ec522f710f02ebba738423bb
Author: kejin geng <kejingeng@kejins-MacBook-Pro.local>
Date:   Sun Sep 19 08:06:09 2021 -0700

    Add file recursively

commit 9ee8041fa8dc61c3261dfa5a2412b8f748a1aaa1
Author: kejin geng <kejingeng@kejins-MacBook-Pro.local>
Date:   Sun Sep 19 04:48:29 2021 -0700

    renaming level2 file

commit b085f28e16d8705e202ff88545b916586d3d6c37
Author: kejin geng <kejingeng@kejins-MacBook-Pro.local>
Date:   Sun Sep 19 04:39:39 2021 -0700

    Renamed

commit 1537c43164178cbff66e366c6245b2b7cd51d287
Author: kejin geng <kejingeng@kejins-MacBook-Pro.local>
Date:   Sun Sep 19 04:06:17 2021 -0700

    Adding several files recursively
kejingeng@kejins-MacBook-Pro starter-web % git config --global alias.hist"log --all --oneline --graph --decorate"
error: invalid key: alias.histlog --all --oneline --graph --decorate
kejingeng@kejins-MacBook-Pro starter-web % git hist                                                              
* e22e48a (HEAD -> master) deleting level1 and all children
* 26fa7ee Deleting new file
* 4c9de43 Ranamed level1-files to level1
* 9c595b0 Renaming level2 file
* 56873a1 Ranaming level3 file
* 8b87d2c Add file recursively
* 33863d0 More ipsum for hipsters
* e3bff9d Update
* ef95a4b (origin/master, origin/HEAD) My first commit q exit back
* 6452db7 Update ignore file
* 7268cf6 Adding git ignore file to exclude unwanted files
* 40f982a update
* c23232c Git Complete coding practice
* 499e71c deleting level1 and level1 all children
* 6c4645f Delete hipster.txt
* 47d52b0 Deleting new file
* 251d8f8 Renaming level1 file
* c52f2cd Moving level2 file back to level 2 directory
* 253976d Moving level2 to level3
* 9ee8041 renaming level2 file
* 7852665 renaming level3 file
* b085f28 Renamed
* 1537c43 Adding several files recursively
* 0a85e8f more ipsum from hipsters
* a75aa77 Adding new file
* 694dae8 Adding more ipsum text
* a8a944a My first commit
*   4beb7f0 Merge pull request #6 from jasongtaylor/feature-readme
|\  
| * e73f914 Adding Purpose section to README
| * 34f563b Adding README file
|/  
* 5c05047 Copying files from initializr project zip file and then creating simple.html as basis for super simple pages
kejingeng@kejins-MacBook-Pro starter-web % mate ~/.gitconfig
kejingeng@kejins-MacBook-Pro starter-web % ls
404.html				crossdomain.xml				fonts					index.html				robots.txt
README.md				css					hipster.txt				js					simple.html
apple-touch-icon-precomposed.png	favicon.ico				humans.txt				log
kejingeng@kejins-MacBook-Pro starter-web % mate access.log
kejingeng@kejins-MacBook-Pro starter-web % git status
On branch master
Your branch is ahead of 'origin/master' by 8 commits.
  (use "git push" to publish your local commits)

nothing to commit, working tree clean
kejingeng@kejins-MacBook-Pro starter-web % ls
404.html				apple-touch-icon-precomposed.png	favicon.ico				humans.txt				log
README.md				crossdomain.xml				fonts					index.html				robots.txt
access.log				css					hipster.txt				js					simple.html
kejingeng@kejins-MacBook-Pro starter-web % mate .gitignore 
kejingeng@kejins-MacBook-Pro starter-web % mkdir log
mkdir: log: File exists
kejingeng@kejins-MacBook-Pro starter-web % mv access.log log
kejingeng@kejins-MacBook-Pro starter-web % ls
404.html				crossdomain.xml				fonts					index.html				robots.txt
README.md				css					hipster.txt				js					simple.html
apple-touch-icon-precomposed.png	favicon.ico				humans.txt				log
kejingeng@kejins-MacBook-Pro starter-web % cd log
kejingeng@kejins-MacBook-Pro log % ls
access.log
kejingeng@kejins-MacBook-Pro log % l1
zsh: command not found: l1
kejingeng@kejins-MacBook-Pro log % ll
zsh: command not found: ll
kejingeng@kejins-MacBook-Pro log % 11
zsh: command not found: 11
kejingeng@kejins-MacBook-Pro log % ls
access.log
kejingeng@kejins-MacBook-Pro log % cd ..
kejingeng@kejins-MacBook-Pro starter-web % git statuf
git: 'statuf' is not a git command. See 'git --help'.

The most similar command is
	status
kejingeng@kejins-MacBook-Pro starter-web % git status
On branch master
Your branch is ahead of 'origin/master' by 8 commits.
  (use "git push" to publish your local commits)

nothing to commit, working tree clean
kejingeng@kejins-MacBook-Pro starter-web % mate .gitignore
kejingeng@kejins-MacBook-Pro starter-web % git status
On branch master
Your branch is ahead of 'origin/master' by 8 commits.
  (use "git push" to publish your local commits)

Changes not staged for commit:
  (use "git add <file>..." to update what will be committed)
  (use "git restore <file>..." to discard changes in working directory)
	modified:   .gitignore

no changes added to commit (use "git add" and/or "git commit -a")
kejingeng@kejins-MacBook-Pro starter-web % git commit -m "Excluding log file directory"
On branch master
Your branch is ahead of 'origin/master' by 8 commits.
  (use "git push" to publish your local commits)

Changes not staged for commit:
  (use "git add <file>..." to update what will be committed)
  (use "git restore <file>..." to discard changes in working directory)
	modified:   .gitignore

no changes added to commit (use "git add" and/or "git commit -a")
kejingeng@kejins-MacBook-Pro starter-web % git commit -am "Excluding log file directory"
[master 609ab76] Excluding log file directory
 Committer: kejin geng <kejingeng@kejins-MacBook-Pro.local>
Your name and email address were configured automatically based
on your username and hostname. Please check that they are accurate.
You can suppress this message by setting them explicitly:

    git config --global user.name "Your Name"
    git config --global user.email you@example.com

After doing this, you may fix the identity used for this commit with:

    git commit --amend --reset-author

 1 file changed, 1 insertion(+), 1 deletion(-)
kejingeng@kejins-MacBook-Pro starter-web % mate .gitignore 
kejingeng@kejins-MacBook-Pro starter-web % git pull origin master
hint: Pulling without specifying how to reconcile divergent branches is
hint: discouraged. You can squelch this message by running one of the following
hint: commands sometime before your next pull:
hint: 
hint:   git config pull.rebase false  # merge (the default strategy)
hint:   git config pull.rebase true   # rebase
hint:   git config pull.ff only       # fast-forward only
hint: 
hint: You can replace "git config" with "git config --global" to set a default
hint: preference for all repositories. You can also pass --rebase, --no-rebase,
hint: or --ff-only on the command line to override the configured default per
hint: invocation.
From https://github.com/NobodyKJ/starter-web
 * branch            master     -> FETCH_HEAD
Already up to date.
kejingeng@kejins-MacBook-Pro starter-web % git push origin master
Enumerating objects: 37, done.
Counting objects: 100% (37/37), done.
Delta compression using up to 12 threads
Compressing objects: 100% (30/30), done.
Writing objects: 100% (34/34), 4.93 KiB | 1.64 MiB/s, done.
Total 34 (delta 11), reused 0 (delta 0), pack-reused 0
remote: Resolving deltas: 100% (11/11), completed with 2 local objects.
To https://github.com/NobodyKJ/starter-web.git
   ef95a4b..609ab76  master -> master
kejingeng@kejins-MacBook-Pro starter-web % cd
kejingeng@kejins-MacBook-Pro ~ % cd /Applications/p4merge.app/Contents/MacOS/
kejingeng@kejins-MacBook-Pro MacOS % ls
p4merge
kejingeng@kejins-MacBook-Pro MacOS % ls -al
total 6248
drwxr-xr-x@  3 kejingeng  admin       96 Aug 12 13:34 .
drwxr-xr-x@ 10 kejingeng  admin      320 Aug 12 13:34 ..
-rwxr-xr-x@  1 kejingeng  admin  3197792 Aug 12 13:34 p4merge
kejingeng@kejins-MacBook-Pro MacOS % ./p4merge
kejingeng@kejins-MacBook-Pro MacOS % pwd 
/Applications/p4merge.app/Contents/MacOS
kejingeng@kejins-MacBook-Pro MacOS % cd
kejingeng@kejins-MacBook-Pro ~ % git config --global diff.tool p4merge
kejingeng@kejins-MacBook-Pro ~ % git config --global difftool.p4merge.path /Applications/p4merge.app/Contents/MacOS/p4merge
kejingeng@kejins-MacBook-Pro ~ % git config --global difftool.prompt false                                                 
kejingeng@kejins-MacBook-Pro ~ % git config --global merge.tool p4merge                                                
kejingeng@kejins-MacBook-Pro ~ % git config --global mergetool.p4merge.path /Applications/p4merge.app/Contents/MacOS/p4merge
kejingeng@kejins-MacBook-Pro ~ % git config --global mergetool.prompt false                                             
kejingeng@kejins-MacBook-Pro ~ % git config --global --list
core.editor=mate -w
alias.hist=log --all --graph --decorate --oneline
diff.tool=p4merge
difftool.p4merge.path=/Applications/p4merge.app/Contents/MacOS/p4merge
difftool.prompt=false
merge.tool=p4merge
mergetool.p4merge.path=/Applications/p4merge.app/Contents/MacOS/p4merge
mergetool.prompt=false
kejingeng@kejins-MacBook-Pro ~ % git config --global -e    
kejingeng@kejins-MacBook-Pro ~ % mate hipster.txt
kejingeng@kejins-MacBook-Pro ~ % rm -rf hipster.txt
kejingeng@kejins-MacBook-Pro ~ % cp project/starter-web
usage: cp [-R [-H | -L | -P]] [-fi | -n] [-apvXc] source_file target_file
       cp [-R [-H | -L | -P]] [-fi | -n] [-apvXc] source_file ... target_directory
kejingeng@kejins-MacBook-Pro ~ % cd project/starter-web
kejingeng@kejins-MacBook-Pro starter-web % ls
404.html				crossdomain.xml				fonts					index.html				robots.txt
README.md				css					hipster.txt				js					simple.html
apple-touch-icon-precomposed.png	favicon.ico				humans.txt				log
kejingeng@kejins-MacBook-Pro starter-web % mate hipster.txt
kejingeng@kejins-MacBook-Pro starter-web % ls
404.html				crossdomain.xml				fonts					index.html				robots.txt
README.md				css					hipster.txt				js					simple.html
apple-touch-icon-precomposed.png	favicon.ico				humans.txt				log
kejingeng@kejins-MacBook-Pro starter-web % mate README.md 
kejingeng@kejins-MacBook-Pro starter-web % git status
On branch master
Your branch is up to date with 'origin/master'.

Changes not staged for commit:
  (use "git add <file>..." to update what will be committed)
  (use "git restore <file>..." to discard changes in working directory)
	modified:   README.md
	modified:   hipster.txt

no changes added to commit (use "git add" and/or "git commit -a")
kejingeng@kejins-MacBook-Pro starter-web % git add .       
kejingeng@kejins-MacBook-Pro starter-web % git status
On branch master
Your branch is up to date with 'origin/master'.

Changes to be committed:
  (use "git restore --staged <file>..." to unstage)
	modified:   README.md
	modified:   hipster.txt

kejingeng@kejins-MacBook-Pro starter-web % git commit
[master ae42085] Adding README File
 Committer: kejin geng <kejingeng@kejins-MacBook-Pro.local>
Your name and email address were configured automatically based
on your username and hostname. Please check that they are accurate.
You can suppress this message by setting them explicitly:

    git config --global user.name "Your Name"
    git config --global user.email you@example.com

After doing this, you may fix the identity used for this commit with:

    git commit --amend --reset-author

 2 files changed, 1196 insertions(+), 1 deletion(-)
kejingeng@kejins-MacBook-Pro starter-web % git push origin master 
Enumerating objects: 7, done.
Counting objects: 100% (7/7), done.
Delta compression using up to 12 threads
Compressing objects: 100% (4/4), done.
Writing objects: 100% (4/4), 8.06 KiB | 8.06 MiB/s, done.
Total 4 (delta 2), reused 0 (delta 0), pack-reused 0
remote: Resolving deltas: 100% (2/2), completed with 2 local objects.
To https://github.com/NobodyKJ/starter-web.git
   609ab76..ae42085  master -> master
kejingeng@kejins-MacBook-Pro starter-web % mate README.md
kejingeng@kejins-MacBook-Pro starter-web % git commit -am "Adding new section : Deployment"
[master c2a8f53] Adding new section : Deployment
 Committer: kejin geng <kejingeng@kejins-MacBook-Pro.local>
Your name and email address were configured automatically based
on your username and hostname. Please check that they are accurate.
You can suppress this message by setting them explicitly:

    git config --global user.name "Your Name"
    git config --global user.email you@example.com

After doing this, you may fix the identity used for this commit with:

    git commit --amend --reset-author

 1 file changed, 4 insertions(+), 2 deletions(-)
kejingeng@kejins-MacBook-Pro starter-web % git status
On branch master
Your branch is ahead of 'origin/master' by 1 commit.
  (use "git push" to publish your local commits)

nothing to commit, working tree clean
kejingeng@kejins-MacBook-Pro starter-web % git push
Enumerating objects: 5, done.
Counting objects: 100% (5/5), done.
Delta compression using up to 12 threads
Compressing objects: 100% (3/3), done.
Writing objects: 100% (3/3), 350 bytes | 350.00 KiB/s, done.
Total 3 (delta 2), reused 0 (delta 0), pack-reused 0
remote: Resolving deltas: 100% (2/2), completed with 2 local objects.
To https://github.com/NobodyKJ/starter-web.git
   ae42085..c2a8f53  master -> master
kejingeng@kejins-MacBook-Pro starter-web % mate README.md
kejingeng@kejins-MacBook-Pro starter-web % git status    
On branch master
Your branch is up to date with 'origin/master'.

nothing to commit, working tree clean
kejingeng@kejins-MacBook-Pro starter-web % mate README.md
kejingeng@kejins-MacBook-Pro starter-web % git commit -am "Adding introduction text"       
[master 1e71dd3] Adding introduction text
 Committer: kejin geng <kejingeng@kejins-MacBook-Pro.local>
Your name and email address were configured automatically based
on your username and hostname. Please check that they are accurate.
You can suppress this message by setting them explicitly:

    git config --global user.name "Your Name"
    git config --global user.email you@example.com

After doing this, you may fix the identity used for this commit with:

    git commit --amend --reset-author

 1 file changed, 1 insertion(+), 2 deletions(-)
kejingeng@kejins-MacBook-Pro starter-web % mate README.md                           
kejingeng@kejins-MacBook-Pro starter-web % git add README.md
kejingeng@kejins-MacBook-Pro starter-web % git status
On branch master
Your branch is ahead of 'origin/master' by 1 commit.
  (use "git push" to publish your local commits)

Changes to be committed:
  (use "git restore --staged <file>..." to unstage)
	modified:   README.md

kejingeng@kejins-MacBook-Pro starter-web % mate README.md   
kejingeng@kejins-MacBook-Pro starter-web % git status
On branch master
Your branch is ahead of 'origin/master' by 1 commit.
  (use "git push" to publish your local commits)

Changes to be committed:
  (use "git restore --staged <file>..." to unstage)
	modified:   README.md

Changes not staged for commit:
  (use "git add <file>..." to update what will be committed)
  (use "git restore <file>..." to discard changes in working directory)
	modified:   README.md

kejingeng@kejins-MacBook-Pro starter-web % git diff
diff --git a/README.md b/README.md
index f8a22b3..64c61a9 100644
--- a/README.md
+++ b/README.md
@@ -9,4 +9,5 @@ Sample website with plenty of files for demos
 
 ## Deployment
 This is a simple web project, deployment can be on any web server or even local file system
-## How to Contribure
\ No newline at end of file
+## How to Contribure
+This is test
\ No newline at end of file
kejingeng@kejins-MacBook-Pro starter-web % git difftool
q
q 
quir
quit
git difftool
&
:qa
kejingeng@kejins-MacBook-Pro starter-web % git difftool
q
kejingeng@kejins-MacBook-Pro starter-web % q
zsh: command not found: q
kejingeng@kejins-MacBook-Pro starter-web % q
zsh: command not found: q
kejingeng@kejins-MacBook-Pro starter-web % quir
zsh: command not found: quir
kejingeng@kejins-MacBook-Pro starter-web % quit
zsh: command not found: quit
kejingeng@kejins-MacBook-Pro starter-web % git difftool
kejingeng@kejins-MacBook-Pro starter-web % &
zsh: parse error near `&'
kejingeng@kejins-MacBook-Pro starter-web % :qa
zsh: command not found: :qa
kejingeng@kejins-MacBook-Pro starter-web % kejingeng@kejins-MacBook-Pro starter-web % git difftool
zsh: command not found: kejingeng@kejins-MacBook-Pro
kejingeng@kejins-MacBook-Pro starter-web % q
zsh: command not found: q
kejingeng@kejins-MacBook-Pro starter-web % git status
On branch master
Your branch is ahead of 'origin/master' by 1 commit.
  (use "git push" to publish your local commits)

Changes to be committed:
  (use "git restore --staged <file>..." to unstage)
	modified:   README.md

Changes not staged for commit:
  (use "git add <file>..." to update what will be committed)
  (use "git restore <file>..." to discard changes in working directory)
	modified:   README.md

kejingeng@kejins-MacBook-Pro starter-web % git diff HEAD
diff --git a/README.md b/README.md
index 0e7dd54..64c61a9 100644
--- a/README.md
+++ b/README.md
@@ -8,5 +8,6 @@ This is example is to show different parts of th eGit repository and various com
 Sample website with plenty of files for demos
 
 ## Deployment
-
-## How to Contribure
\ No newline at end of file
+This is a simple web project, deployment can be on any web server or even local file system
+## How to Contribure
+This is test
\ No newline at end of file
kejingeng@kejins-MacBook-Pro starter-web % git difftool HEAD
kejingeng@kejins-MacBook-Pro starter-web % git diff --staged HEAD
diff --git a/README.md b/README.md
index 0e7dd54..f8a22b3 100644
--- a/README.md
+++ b/README.md
@@ -8,5 +8,5 @@ This is example is to show different parts of th eGit repository and various com
 Sample website with plenty of files for demos
 
 ## Deployment
-
+This is a simple web project, deployment can be on any web server or even local file system
 ## How to Contribure
\ No newline at end of file
kejingeng@kejins-MacBook-Pro starter-web % git difftool --staged HEAD
kejingeng@kejins-MacBook-Pro starter-web % ls
404.html				crossdomain.xml				fonts					index.html				robots.txt
README.md				css					hipster.txt				js					simple.html
apple-touch-icon-precomposed.png	favicon.ico				humans.txt				log
kejingeng@kejins-MacBook-Pro starter-web % mate simple.html
kejingeng@kejins-MacBook-Pro starter-web % git status
On branch master
Your branch is ahead of 'origin/master' by 1 commit.
  (use "git push" to publish your local commits)

Changes to be committed:
  (use "git restore --staged <file>..." to unstage)
	modified:   README.md

Changes not staged for commit:
  (use "git add <file>..." to update what will be committed)
  (use "git restore <file>..." to discard changes in working directory)
	modified:   README.md
	modified:   simple.html

kejingeng@kejins-MacBook-Pro starter-web % git diff
diff --git a/README.md b/README.md
index f8a22b3..64c61a9 100644
--- a/README.md
+++ b/README.md
@@ -9,4 +9,5 @@ Sample website with plenty of files for demos
 
 ## Deployment
 This is a simple web project, deployment can be on any web server or even local file system
-## How to Contribure
\ No newline at end of file
+## How to Contribure
+This is test
\ No newline at end of file
diff --git a/simple.html b/simple.html
index ca5e908..8ec03d1 100644
--- a/simple.html
+++ b/simple.html
@@ -1,6 +1,6 @@
 <!DOCTYPE html>
 <head>
-       <title></title>
+       <title>Simple Title</title>
        <link rel="stylesheet" href="css/bootstrap.min.css">
        <style>
                body {
kejingeng@kejins-MacBook-Pro starter-web % git diff --README.md
error: invalid option: --README.md
kejingeng@kejins-MacBook-Pro starter-web % git diff -- README.md
diff --git a/README.md b/README.md
index f8a22b3..64c61a9 100644
--- a/README.md
+++ b/README.md
@@ -9,4 +9,5 @@ Sample website with plenty of files for demos
 
 ## Deployment
 This is a simple web project, deployment can be on any web server or even local file system
-## How to Contribure
\ No newline at end of file
+## How to Contribure
+This is test
\ No newline at end of file
kejingeng@kejins-MacBook-Pro starter-web % git difftool -- README.md
kejingeng@kejins-MacBook-Pro starter-web % git log --oneline
1e71dd3 (HEAD -> master) Adding introduction text
c2a8f53 (origin/master, origin/HEAD) Adding new section : Deployment
ae42085 Adding README File
609ab76 Excluding log file directory
e22e48a deleting level1 and all children
26fa7ee Deleting new file
4c9de43 Ranamed level1-files to level1
9c595b0 Renaming level2 file
56873a1 Ranaming level3 file
8b87d2c Add file recursively
33863d0 More ipsum for hipsters
e3bff9d Update
ef95a4b My first commit q exit back
6452db7 Update ignore file
7268cf6 Adding git ignore file to exclude unwanted files
40f982a update
c23232c Git Complete coding practice
499e71c deleting level1 and level1 all children
6c4645f Delete hipster.txt
47d52b0 Deleting new file
251d8f8 Renaming level1 file
c52f2cd Moving level2 file back to level 2 directory
253976d Moving level2 to level3
9ee8041 renaming level2 file
7852665 renaming level3 file
b085f28 Renamed
1537c43 Adding several files recursively
0a85e8f more ipsum from hipsters
a75aa77 Adding new file
694dae8 Adding more ipsum text
a8a944a My first commit
4beb7f0 Merge pull request #6 from jasongtaylor/feature-readme
e73f914 Adding Purpose section to README
34f563b Adding README file
5c05047 Copying files from initializr project zip file and then creating simple.html as basis for super simple pages
kejingeng@kejins-MacBook-Pro starter-web % git diff 251d8f8 HEAD        
diff --git a/.DS_Store b/.DS_Store
new file mode 100644
index 0000000..8c9460c
Binary files /dev/null and b/.DS_Store differ
diff --git a/.gitignore b/.gitignore
new file mode 100644
index 0000000..45347b3
--- /dev/null
+++ b/.gitignore
@@ -0,0 +1,2 @@
+.DS_Store
+log/
diff --git a/README.md b/README.md
index 06bb023..0e7dd54 100644
--- a/README.md
+++ b/README.md
@@ -1,7 +1,12 @@
 # Starter Web Repo
 
 This repository is for showing how Git and GitHub work
-
+## Introduction
+This is example is to show different parts of th eGit repository and various commands using a web project
 ## Purpose
 
-Sample website with plenty of files for demos
\ No newline at end of file
+Sample website with plenty of files for demos
+
+## Deployment
+
+## How to Contribure
\ No newline at end of file
diff --git a/hipster.txt b/hipster.txt
index cc4f4cd..992babd 100644
--- a/hipster.txt
+++ b/hipster.txt
@@ -1,7 +1,1773 @@
-I'm baby thundercats gochujang shaman vinyl gastropub lumbersexual, glossier church-key. Dreamcatcher disrupt butcher irony locavore actually air plant coloring book. Cred schlitz retro man bun gastropub kombucha intelligentsia chicharrones sriracha mustache. Humblebrag umami fam irony PBR&B actually vice kale chips. Marfa pinterest semiotics wolf adaptogen biodiesel. VHS kickstarter chambray street art palo santo austin vice, pitchfork yr.
+Last login: Sun Sep 19 06:34:52 on ttys000
+kejingeng@kejins-MacBook-Pro ~ % pwd
+/Users/kejingeng
+kejingeng@kejins-MacBook-Pro ~ % cd project/
+kejingeng@kejins-MacBook-Pro project % pwd
+/Users/kejingeng/project
+kejingeng@kejins-MacBook-Pro project % git init fresh-project
+hint: Using 'master' as the name for the initial branch. This default branch name
+hint: is subject to change. To configure the initial branch name to use in all
+hint: of your new repositories, which will suppress this warning, call:
+hint: 
+hint:  git config --global init.defaultBranch <name>
+hint: 
+hint: Names commonly chosen instead of 'master' are 'main', 'trunk' and
+hint: 'development'. The just-created branch can be renamed via this command:
+hint: 
+hint:  git branch -m <name>
+Initialized empty Git repository in /Users/kejingeng/project/fresh-project/.git/
+kejingeng@kejins-MacBook-Pro project % ls
+fresh-project  starter-web
+kejingeng@kejins-MacBook-Pro project % cd fresh-project/
+kejingeng@kejins-MacBook-Pro fresh-project % ls
+kejingeng@kejins-MacBook-Pro fresh-project % ls -al
+total 0
+drwxr-xr-x  3 kejingeng  staff   96 Sep 19 06:39 .
+drwxr-xr-x  6 kejingeng  staff  192 Sep 19 06:39 ..
+drwxr-xr-x  9 kejingeng  staff  288 Sep 19 06:39 .git
+kejingeng@kejins-MacBook-Pro fresh-project % cd .git/
+kejingeng@kejins-MacBook-Pro .git % ls
+HEAD           config          description     hooks           info            objects         refs
+kejingeng@kejins-MacBook-Pro .git % pwd
+/Users/kejingeng/project/fresh-project/.git
+kejingeng@kejins-MacBook-Pro .git % git status
+fatal: this operation must be run in a work tree
+kejingeng@kejins-MacBook-Pro .git % cd ..
+kejingeng@kejins-MacBook-Pro fresh-project % git status
+On branch master
 
kejingeng@kejins-MacBook-Pro starter-web % git diff HEAD HEAD^ 
diff --git a/README.md b/README.md
index 0e7dd54..c333ab7 100644
--- a/README.md
+++ b/README.md
@@ -2,7 +2,8 @@
 
 This repository is for showing how Git and GitHub work
 ## Introduction
-This is example is to show different parts of th eGit repository and various commands using a web project
+
+
 ## Purpose
 
 Sample website with plenty of files for demos
kejingeng@kejins-MacBook-Pro starter-web % git difftool HEAD HEAD^
kejingeng@kejins-MacBook-Pro starter-web % git log --oneline
1e71dd3 (HEAD -> master) Adding introduction text
c2a8f53 (origin/master, origin/HEAD) Adding new section : Deployment
ae42085 Adding README File
609ab76 Excluding log file directory
e22e48a deleting level1 and all children
26fa7ee Deleting new file
4c9de43 Ranamed level1-files to level1
9c595b0 Renaming level2 file
56873a1 Ranaming level3 file
8b87d2c Add file recursively
33863d0 More ipsum for hipsters
e3bff9d Update
ef95a4b My first commit q exit back
6452db7 Update ignore file
7268cf6 Adding git ignore file to exclude unwanted files
40f982a update
c23232c Git Complete coding practice
499e71c deleting level1 and level1 all children
6c4645f Delete hipster.txt
47d52b0 Deleting new file
251d8f8 Renaming level1 file
c52f2cd Moving level2 file back to level 2 directory
253976d Moving level2 to level3
9ee8041 renaming level2 file
7852665 renaming level3 file
b085f28 Renamed
1537c43 Adding several files recursively
0a85e8f more ipsum from hipsters
a75aa77 Adding new file
694dae8 Adding more ipsum text
a8a944a My first commit
4beb7f0 Merge pull request #6 from jasongtaylor/feature-readme
e73f914 Adding Purpose section to README
34f563b Adding README file
5c05047 Copying files from initializr project zip file and then creating simple.html as basis for super simple pages
kejingeng@kejins-MacBook-Pro starter-web % git diff 47d52b0 1537c43
diff --git a/level1/level1.txt b/level1/level1-file.txt
similarity index 100%
rename from level1/level1.txt
rename to level1/level1-file.txt
diff --git a/level1/level2-file.txt b/level1/level2-file.txt
new file mode 100644
index 0000000..5083cc3
--- /dev/null
+++ b/level1/level2-file.txt
@@ -0,0 +1,6 @@
+'m baby butcher tacos pug taiyaki trust fund skateboard. Hashtag helvetica direct trade enamel pin ennui shaman squid portland man braid bespoke raclette. Tofu echo park YOLO, cred salvia tbh shabby chic snackwave. Shaman thundercats post-ironic ugh cred shabby chic messenger bag swag tacos, scenester humblebrag stumptown plaid DIY butcher. Echo park edison bulb kickstarter flexitarian hammock, pitchfork marfa woke bitters adaptogen intelligentsia mumblecore glossier whatever. Fashion axe yuccie four dollar toast literally, semiotics wayfarers lumbersexual hammock typewriter irony kombucha artisan ennui. Tote bag venmo literally godard intelligentsia flexitarian DIY woke polaroid shabby chic single-origin coffee readymade fanny pack.
+
+Kickstarter VHS cardigan post-ironic tumeric XOXO meggings humblebrag raw denim. Unicorn blue bottle migas pok pok slow-carb. Plaid taxidermy meditation, live-edge drinking vinegar normcore wolf butcher before they sold out iPhone prism franzen jean shorts migas. Pour-over franzen DIY poutine taiyaki cliche. Woke 90's austin williamsburg post-ironic semiotics.
+
+PBR&B slow-carb green juice, fixie small batch kickstarter messenger bag viral humblebrag ennui iceland vexillologist. Cornhole letterpress semiotics fingerstache. Pinterest street art chicharrones subway tile copper mug edison bulb literally fashion axe direct trade tumeric mlkshk skateboard photo booth. Pickled helvetica hashtag edison bulb offal. Single-origin coffee godard banjo locavore authentic beard, selvage snackwave viral.
+
diff --git a/level1/level2/level2.txt b/level1/level2/level3-fiile.txt
similarity index 62%
rename from level1/level2/level2.txt
rename to level1/level2/level3-fiile.txt
index f1008a4..063b700 100644
--- a/level1/level2/level2.txt
+++ b/level1/level2/level3-fiile.txt
@@ -1,4 +1,4 @@
-PBR&B slow-carb green juice, fixie small batch kickstarter messenger bag viral humblebrag ennui iceland vexillologist. Cornhole letterpress semiotics fingerstache. Pinterest street art chicharrones subway tile copper mug edison bulb literally fashion axe direct trade tumeric mlkshk skateboard photo booth. Pickled helvetica hashtag edison bulb offal. Single-origin coffee godard banjo locavore authentic beard, selvage snackwave viral.
-
 Edison bulb post-ironic viral squid austin vegan, irony locavore seitan fanny pack bicycle rights craft beer pop-up offal snackwave. Letterpress sustainable williamsburg deep v 3 wolf moon beard lo-fi poutine, raclette +1 sriracha hella jianbing ethical microdosing. Normcore street art enamel pin copper mug deep v kickstarter shaman craft beer ramps mustache roof party blue bottle lo-fi readymade small batch. Live-edge small batch freegan blue bottle twee vice helvetica food truck, humblebrag gentrify you probably haven't heard of them keytar woke schlitz intelligentsia. Tacos vape yuccie, tumblr drinking vinegar direct trade mixtape cornhole coloring book raclette listicle asymmetrical YOLO edison bulb.
 
+Raclette mumblecore subway tile mlkshk taxidermy cred. Flannel keytar chillwave shoreditch beard gastropub. Bushwick taxidermy paleo, tousled XOXO echo park irony pug street art salvia. Lo-fi whatever food truck, trust fund photo booth small batch brooklyn. Echo park slow-carb iceland, poke trust fund live-edge messenger bag air plant disrupt pitchfork. Meggings schlitz thundercats ramps DIY, normcore authentic.
+
diff --git a/level1/level2/level3/level3.txt b/level1/level2/level3/level3.txt
deleted file mode 100644
index 96c57e3..0000000
--- a/level1/level2/level3/level3.txt
+++ /dev/null
@@ -1,4 +0,0 @@
-Raclette mumblecore subway tile mlkshk taxidermy cred. Flannel keytar chillwave shoreditch beard gastropub. Bushwick taxidermy paleo, tousled XOXO echo park irony pug street art salvia. Lo-fi whatever food truck, trust fund photo booth small batch brooklyn. Echo park slow-carb iceland, poke trust fund live-edge messenger bag air plant disrupt pitchfork. Meggings schlitz thundercats ramps DIY, normcore authentic.
-
-Mumblecore trust fund blog waistcoat air plant. Everyday carry sartorial blue bottle health goth, microdosing paleo hammock fingerstache craft beer salvia meh. Artisan gentrify actually crucifix. Gluten-free plaid synth, cronut post-ironic mlkshk hell of vape put a bird on it farm-to-table disrupt YOLO narwhal. Letterpress deep v dreamcatcher helvetica twee.
-
diff --git a/newfile.txt b/newfile.txt
new file mode 100644
index 0000000..3d14126
--- /dev/null
+++ b/newfile.txt
@@ -0,0 +1 @@
+Just a test of ls-files
kejingeng@kejins-MacBook-Pro starter-web % git difftool 47d52b0 1537c43
kejingeng@kejins-MacBook-Pro starter-web % git diff master origin/master
diff --git a/README.md b/README.md
index 0e7dd54..c333ab7 100644
--- a/README.md
+++ b/README.md
@@ -2,7 +2,8 @@
 
 This repository is for showing how Git and GitHub work
 ## Introduction
-This is example is to show different parts of th eGit repository and various commands using a web project
+
+
 ## Purpose
 
 Sample website with plenty of files for demos
kejingeng@kejins-MacBook-Pro starter-web % git difftool master origin/master
kejingeng@kejins-MacBook-Pro starter-web % git status
On branch master
Your branch is ahead of 'origin/master' by 1 commit.
  (use "git push" to publish your local commits)

Changes to be committed:
  (use "git restore --staged <file>..." to unstage)
	modified:   README.md

Changes not staged for commit:
  (use "git add <file>..." to update what will be committed)
  (use "git restore <file>..." to discard changes in working directory)
	modified:   README.md
	modified:   simple.html

kejingeng@kejins-MacBook-Pro starter-web % git add .
kejingeng@kejins-MacBook-Pro starter-web % git commit -m "Update echo witch changes from compare section" 
[master e6aa2aa] Update echo witch changes from compare section
 Committer: kejin geng <kejingeng@kejins-MacBook-Pro.local>
Your name and email address were configured automatically based
on your username and hostname. Please check that they are accurate.
You can suppress this message by setting them explicitly:

    git config --global user.name "Your Name"
    git config --global user.email you@example.com

After doing this, you may fix the identity used for this commit with:

    git commit --amend --reset-author

 2 files changed, 4 insertions(+), 3 deletions(-)
kejingeng@kejins-MacBook-Pro starter-web % git pull
hint: Pulling without specifying how to reconcile divergent branches is
hint: discouraged. You can squelch this message by running one of the following
hint: commands sometime before your next pull:
hint: 
hint:   git config pull.rebase false  # merge (the default strategy)
hint:   git config pull.rebase true   # rebase
hint:   git config pull.ff only       # fast-forward only
hint: 
hint: You can replace "git config" with "git config --global" to set a default
hint: preference for all repositories. You can also pass --rebase, --no-rebase,
hint: or --ff-only on the command line to override the configured default per
hint: invocation.
Already up to date.
kejingeng@kejins-MacBook-Pro starter-web % mate hipster.txt
kejingeng@kejins-MacBook-Pro starter-web % git push
Enumerating objects: 10, done.
Counting objects: 100% (10/10), done.
Delta compression using up to 12 threads
Compressing objects: 100% (7/7), done.
Writing objects: 100% (7/7), 884 bytes | 884.00 KiB/s, done.
Total 7 (delta 4), reused 0 (delta 0), pack-reused 0
remote: Resolving deltas: 100% (4/4), completed with 2 local objects.
To https://github.com/NobodyKJ/starter-web.git
   c2a8f53..e6aa2aa  master -> master
kejingeng@kejins-MacBook-Pro starter-web % git branch -a
* master
  remotes/origin/HEAD -> origin/master
  remotes/origin/master
kejingeng@kejins-MacBook-Pro starter-web % git branch mynewBranch
kejingeng@kejins-MacBook-Pro starter-web % git branch -a
* master
  mynewBranch
  remotes/origin/HEAD -> origin/master
  remotes/origin/master
kejingeng@kejins-MacBook-Pro starter-web % git checkout mynewBranch
M	hipster.txt
Switched to branch 'mynewBranch'
kejingeng@kejins-MacBook-Pro starter-web % git branch -a
  master
* mynewBranch
  remotes/origin/HEAD -> origin/master
  remotes/origin/master
kejingeng@kejins-MacBook-Pro starter-web % get log --oneline --decorate
zsh: command not found: get
kejingeng@kejins-MacBook-Pro starter-web % git log --oneline --decorate
e6aa2aa (HEAD -> mynewBranch, origin/master, origin/HEAD, master) Update echo witch changes from compare section
1e71dd3 Adding introduction text
c2a8f53 Adding new section : Deployment
ae42085 Adding README File
609ab76 Excluding log file directory
e22e48a deleting level1 and all children
26fa7ee Deleting new file
4c9de43 Ranamed level1-files to level1
9c595b0 Renaming level2 file
56873a1 Ranaming level3 file
8b87d2c Add file recursively
33863d0 More ipsum for hipsters
e3bff9d Update
ef95a4b My first commit q exit back
6452db7 Update ignore file
7268cf6 Adding git ignore file to exclude unwanted files
40f982a update
c23232c Git Complete coding practice
499e71c deleting level1 and level1 all children
6c4645f Delete hipster.txt
47d52b0 Deleting new file
251d8f8 Renaming level1 file
c52f2cd Moving level2 file back to level 2 directory
253976d Moving level2 to level3
9ee8041 renaming level2 file
7852665 renaming level3 file
b085f28 Renamed
1537c43 Adding several files recursively
0a85e8f more ipsum from hipsters
a75aa77 Adding new file
694dae8 Adding more ipsum text
a8a944a My first commit
4beb7f0 Merge pull request #6 from jasongtaylor/feature-readme
e73f914 Adding Purpose section to README
34f563b Adding README file
5c05047 Copying files from initializr project zip file and then creating simple.html as basis for super simple pages
kejingeng@kejins-MacBook-Pro starter-web % git checkout master
M	hipster.txt
Switched to branch 'master'
Your branch is up to date with 'origin/master'.
kejingeng@kejins-MacBook-Pro starter-web % git branch -m mynewBranch newBranch
kejingeng@kejins-MacBook-Pro starter-web % git branch -a                      
* master
  newBranch
  remotes/origin/HEAD -> origin/master
  remotes/origin/master
kejingeng@kejins-MacBook-Pro starter-web % git branch -d newBranch
Deleted branch newBranch (was e6aa2aa).
kejingeng@kejins-MacBook-Pro starter-web % git branch -a          
* master
  remotes/origin/HEAD -> origin/master
  remotes/origin/master
kejingeng@kejins-MacBook-Pro starter-web % git branch Develop
kejingeng@kejins-MacBook-Pro starter-web % git branch -a
  Develop
* master
  remotes/origin/HEAD -> origin/master
  remotes/origin/master
kejingeng@kejins-MacBook-Pro starter-web % git checkout -b title-change
Switched to a new branch 'title-change'
kejingeng@kejins-MacBook-Pro starter-web % git status
On branch title-change
Changes not staged for commit:
  (use "git add <file>..." to update what will be committed)
  (use "git restore <file>..." to discard changes in working directory)
	modified:   hipster.txt

no changes added to commit (use "git add" and/or "git commit -a")
kejingeng@kejins-MacBook-Pro starter-web % mate simple.html
kejingeng@kejins-MacBook-Pro starter-web % git status
On branch title-change
Changes not staged for commit:
  (use "git add <file>..." to update what will be committed)
  (use "git restore <file>..." to discard changes in working directory)
	modified:   hipster.txt
	modified:   simple.html

no changes added to commit (use "git add" and/or "git commit -a")
kejingeng@kejins-MacBook-Pro starter-web % git commit -am "Changing title of Html file"
[title-change e6502e6] Changing title of Html file
 Committer: kejin geng <kejingeng@kejins-MacBook-Pro.local>
Your name and email address were configured automatically based
on your username and hostname. Please check that they are accurate.
You can suppress this message by setting them explicitly:

    git config --global user.name "Your Name"
    git config --global user.email you@example.com

After doing this, you may fix the identity used for this commit with:

    git commit --amend --reset-author

 2 files changed, 558 insertions(+), 1 deletion(-)
kejingeng@kejins-MacBook-Pro starter-web % git log --oneline
e6502e6 (HEAD -> title-change) Changing title of Html file
e6aa2aa (origin/master, origin/HEAD, master, Develop) Update echo witch changes from compare section
1e71dd3 Adding introduction text
c2a8f53 Adding new section : Deployment
ae42085 Adding README File
609ab76 Excluding log file directory
e22e48a deleting level1 and all children
26fa7ee Deleting new file
4c9de43 Ranamed level1-files to level1
9c595b0 Renaming level2 file
56873a1 Ranaming level3 file
8b87d2c Add file recursively
33863d0 More ipsum for hipsters
e3bff9d Update
ef95a4b My first commit q exit back
6452db7 Update ignore file
7268cf6 Adding git ignore file to exclude unwanted files
40f982a update
c23232c Git Complete coding practice
499e71c deleting level1 and level1 all children
6c4645f Delete hipster.txt
47d52b0 Deleting new file
251d8f8 Renaming level1 file
c52f2cd Moving level2 file back to level 2 directory
253976d Moving level2 to level3
9ee8041 renaming level2 file
7852665 renaming level3 file
b085f28 Renamed
1537c43 Adding several files recursively
0a85e8f more ipsum from hipsters
a75aa77 Adding new file
694dae8 Adding more ipsum text
a8a944a My first commit
4beb7f0 Merge pull request #6 from jasongtaylor/feature-readme
e73f914 Adding Purpose section to README
34f563b Adding README file
5c05047 Copying files from initializr project zip file and then creating simple.html as basis for super simple pages
kejingeng@kejins-MacBook-Pro starter-web % git checkout master
Switched to branch 'master'
Your branch is up to date with 'origin/master'.
kejingeng@kejins-MacBook-Pro starter-web % git diff master title-change
diff --git a/hipster.txt b/hipster.txt
index 992babd..22297a0 100644
--- a/hipster.txt
+++ b/hipster.txt
@@ -1771,3 +1771,560 @@ kejingeng@kejins-MacBook-Pro starter-web % ls
 README.md                              css                                     hipster.txt                             js                                      simple.html
 apple-touch-icon-precomposed.png       favicon.ico                             humans.txt                              log
 kejingeng@kejins-MacBook-Pro starter-web % mate hipster.txt
+kejingeng@kejins-MacBook-Pro starter-web % ls
+404.html                               crossdomain.xml                         fonts                                   index.html                              robots.txt
+README.md                              css                                     hipster.txt                             js                                      simple.html
+apple-touch-icon-precomposed.png       favicon.ico                             humans.txt                              log
+kejingeng@kejins-MacBook-Pro starter-web % mate README.md 
+kejingeng@kejins-MacBook-Pro starter-web % git status
+On branch master
+Your branch is up to date with 'origin/master'.
+
+Changes not staged for commit:
+  (use "git add <file>..." to update what will be committed)
+  (use "git restore <file>..." to discard changes in working directory)
+       modified:   README.md
+       modified:   hipster.txt
+
+no changes added to commit (use "git add" and/or "git commit -a")
+kejingeng@kejins-MacBook-Pro starter-web % git add .       
+kejingeng@kejins-MacBook-Pro starter-web % git status
+On branch master
+Your branch is up to date with 'origin/master'.
+
+Changes to be committed:
+  (use "git restore --staged <file>..." to unstage)
+       modified:   README.md
+       modified:   hipster.txt
+
+kejingeng@kejins-MacBook-Pro starter-web % git commit
+[master ae42085] Adding README File
+ Committer: kejin geng <kejingeng@kejins-MacBook-Pro.local>
+Your name and email address were configured automatically based
+on your username and hostname. Please check that they are accurate.
+You can suppress this message by setting them explicitly:
+
+    git config --global user.name "Your Name"
+    git config --global user.email you@example.com
+
+After doing this, you may fix the identity used for this commit with:
+
+    git commit --amend --reset-author
+
+ 2 files changed, 1196 insertions(+), 1 deletion(-)
+kejingeng@kejins-MacBook-Pro starter-web % git push origin master 
+Enumerating objects: 7, done.
+Counting objects: 100% (7/7), done.
+Delta compression using up to 12 threads
+Compressing objects: 100% (4/4), done.
+Writing objects: 100% (4/4), 8.06 KiB | 8.06 MiB/s, done.
+Total 4 (delta 2), reused 0 (delta 0), pack-reused 0
+remote: Resolving deltas: 100% (2/2), completed with 2 local objects.
+To https://github.com/NobodyKJ/starter-web.git
+   609ab76..ae42085  master -> master
+kejingeng@kejins-MacBook-Pro starter-web % mate README.md
+kejingeng@kejins-MacBook-Pro starter-web % git commit -am "Adding new section : Deployment"
+[master c2a8f53] Adding new section : Deployment
+ Committer: kejin geng <kejingeng@kejins-MacBook-Pro.local>
+Your name and email address were configured automatically based
+on your username and hostname. Please check that they are accurate.
+You can suppress this message by setting them explicitly:
+
+    git config --global user.name "Your Name"
+    git config --global user.email you@example.com
+
+After doing this, you may fix the identity used for this commit with:
+
+    git commit --amend --reset-author
kejingeng@kejins-MacBook-Pro starter-web % git difftool master title-change
kejingeng@kejins-MacBook-Pro starter-web % git merge title-change
Updating e6aa2aa..e6502e6
Fast-forward
 hipster.txt | 557 +++++++++++++++++++++++++++++++++++++++++++++++++++++++++++++++++++++++++++++++++++++++++++++++++++++++++++++++++++++++++++++++++++++++++++++++++++++++++++++++++++++++++++++++++++++++++++++++++++++++++++++++++++++++++++++++++++++++++++++++++++++++++++++
 simple.html |   2 +-
 2 files changed, 558 insertions(+), 1 deletion(-)
kejingeng@kejins-MacBook-Pro starter-web % git log --oneline --graph --decorate
* e6502e6 (HEAD -> master, title-change) Changing title of Html file
* e6aa2aa (origin/master, origin/HEAD, Develop) Update echo witch changes from compare section
* 1e71dd3 Adding introduction text
* c2a8f53 Adding new section : Deployment
* ae42085 Adding README File
* 609ab76 Excluding log file directory
* e22e48a deleting level1 and all children
* 26fa7ee Deleting new file
* 4c9de43 Ranamed level1-files to level1
* 9c595b0 Renaming level2 file
* 56873a1 Ranaming level3 file
* 8b87d2c Add file recursively
* 33863d0 More ipsum for hipsters
* e3bff9d Update
* ef95a4b My first commit q exit back
* 6452db7 Update ignore file
* 7268cf6 Adding git ignore file to exclude unwanted files
* 40f982a update
* c23232c Git Complete coding practice
* 499e71c deleting level1 and level1 all children
* 6c4645f Delete hipster.txt
* 47d52b0 Deleting new file
* 251d8f8 Renaming level1 file
* c52f2cd Moving level2 file back to level 2 directory
* 253976d Moving level2 to level3
* 9ee8041 renaming level2 file
* 7852665 renaming level3 file
* b085f28 Renamed
* 1537c43 Adding several files recursively
* 0a85e8f more ipsum from hipsters
* a75aa77 Adding new file
* 694dae8 Adding more ipsum text
* a8a944a My first commit
*   4beb7f0 Merge pull request #6 from jasongtaylor/feature-readme
|\  
| * e73f914 Adding Purpose section to README
| * 34f563b Adding README file
|/  
* 5c05047 Copying files from initializr project zip file and then creating simple.html as basis for super simple pages
kejingeng@kejins-MacBook-Pro starter-web % git branch -a
  Develop
* master
  title-change
  remotes/origin/HEAD -> origin/master
  remotes/origin/master
kejingeng@kejins-MacBook-Pro starter-web % git branch
  Develop
* master
  title-change
kejingeng@kejins-MacBook-Pro starter-web % git branch -d title-change
Deleted branch title-change (was e6502e6).
kejingeng@kejins-MacBook-Pro starter-web % git branch
  Develop
* master
kejingeng@kejins-MacBook-Pro starter-web % git log --oneline --graph --decorate
* e6502e6 (HEAD -> master) Changing title of Html file
* e6aa2aa (origin/master, origin/HEAD, Develop) Update echo witch changes from compare section
* 1e71dd3 Adding introduction text
* c2a8f53 Adding new section : Deployment
* ae42085 Adding README File
* 609ab76 Excluding log file directory
* e22e48a deleting level1 and all children
* 26fa7ee Deleting new file
* 4c9de43 Ranamed level1-files to level1
* 9c595b0 Renaming level2 file
* 56873a1 Ranaming level3 file
* 8b87d2c Add file recursively
* 33863d0 More ipsum for hipsters
* e3bff9d Update
* ef95a4b My first commit q exit back
* 6452db7 Update ignore file
* 7268cf6 Adding git ignore file to exclude unwanted files
* 40f982a update
* c23232c Git Complete coding practice
* 499e71c deleting level1 and level1 all children
* 6c4645f Delete hipster.txt
* 47d52b0 Deleting new file
* 251d8f8 Renaming level1 file
* c52f2cd Moving level2 file back to level 2 directory
* 253976d Moving level2 to level3
* 9ee8041 renaming level2 file
* 7852665 renaming level3 file
* b085f28 Renamed
* 1537c43 Adding several files recursively
* 0a85e8f more ipsum from hipsters
* a75aa77 Adding new file
* 694dae8 Adding more ipsum text
* a8a944a My first commit
*   4beb7f0 Merge pull request #6 from jasongtaylor/feature-readme
|\  
| * e73f914 Adding Purpose section to README
| * 34f563b Adding README file
|/  
* 5c05047 Copying files from initializr project zip file and then creating simple.html as basis for super simple pages
kejingeng@kejins-MacBook-Pro starter-web % git status
On branch master
Your branch is ahead of 'origin/master' by 1 commit.
  (use "git push" to publish your local commits)

nothing to commit, working tree clean
kejingeng@kejins-MacBook-Pro starter-web % git branch
  Develop
* master
kejingeng@kejins-MacBook-Pro starter-web % git checkout -b add-copyright
Switched to a new branch 'add-copyright'
kejingeng@kejins-MacBook-Pro starter-web % git branch
  Develop
* add-copyright
  master
kejingeng@kejins-MacBook-Pro starter-web % mate simple.html
kejingeng@kejins-MacBook-Pro starter-web % git status
On branch add-copyright
Changes not staged for commit:
  (use "git add <file>..." to update what will be committed)
  (use "git restore <file>..." to discard changes in working directory)
	modified:   simple.html

no changes added to commit (use "git add" and/or "git commit -a")
kejingeng@kejins-MacBook-Pro starter-web % git commit -am "Adding copyright notice"
[add-copyright 5d8003f] Adding copyright notice
 Committer: kejin geng <kejingeng@kejins-MacBook-Pro.local>
Your name and email address were configured automatically based
on your username and hostname. Please check that they are accurate.
You can suppress this message by setting them explicitly:

    git config --global user.name "Your Name"
    git config --global user.email you@example.com

After doing this, you may fix the identity used for this commit with:

    git commit --amend --reset-author

 1 file changed, 3 insertions(+)
kejingeng@kejins-MacBook-Pro starter-web % mate README.md
kejingeng@kejins-MacBook-Pro starter-web % git commit -am "Adding copyright notice to Readme"
[add-copyright cb0b1e6] Adding copyright notice to Readme
 Committer: kejin geng <kejingeng@kejins-MacBook-Pro.local>
Your name and email address were configured automatically based
on your username and hostname. Please check that they are accurate.
You can suppress this message by setting them explicitly:

    git config --global user.name "Your Name"
    git config --global user.email you@example.com

After doing this, you may fix the identity used for this commit with:

    git commit --amend --reset-author

 1 file changed, 5 insertions(+), 1 deletion(-)
kejingeng@kejins-MacBook-Pro starter-web % git log --oneline --graph -- decorate
kejingeng@kejins-MacBook-Pro starter-web % git log --oneline --graph --decorate 
* cb0b1e6 (HEAD -> add-copyright) Adding copyright notice to Readme
* 5d8003f Adding copyright notice
* e6502e6 (master) Changing title of Html file
* e6aa2aa (origin/master, origin/HEAD, Develop) Update echo witch changes from compare section
* 1e71dd3 Adding introduction text
* c2a8f53 Adding new section : Deployment
* ae42085 Adding README File
* 609ab76 Excluding log file directory
* e22e48a deleting level1 and all children
* 26fa7ee Deleting new file
* 4c9de43 Ranamed level1-files to level1
* 9c595b0 Renaming level2 file
* 56873a1 Ranaming level3 file
* 8b87d2c Add file recursively
* 33863d0 More ipsum for hipsters
* e3bff9d Update
* ef95a4b My first commit q exit back
* 6452db7 Update ignore file
* 7268cf6 Adding git ignore file to exclude unwanted files
* 40f982a update
* c23232c Git Complete coding practice
* 499e71c deleting level1 and level1 all children
* 6c4645f Delete hipster.txt
* 47d52b0 Deleting new file
* 251d8f8 Renaming level1 file
* c52f2cd Moving level2 file back to level 2 directory
* 253976d Moving level2 to level3
* 9ee8041 renaming level2 file
* 7852665 renaming level3 file
* b085f28 Renamed
* 1537c43 Adding several files recursively
* 0a85e8f more ipsum from hipsters
* a75aa77 Adding new file
* 694dae8 Adding more ipsum text
* a8a944a My first commit
*   4beb7f0 Merge pull request #6 from jasongtaylor/feature-readme
|\  
| * e73f914 Adding Purpose section to README
| * 34f563b Adding README file
|/  
* 5c05047 Copying files from initializr project zip file and then creating simple.html as basis for super simple pages
kejingeng@kejins-MacBook-Pro starter-web % git checkout master
Switched to branch 'master'
Your branch is ahead of 'origin/master' by 1 commit.
  (use "git push" to publish your local commits)
kejingeng@kejins-MacBook-Pro starter-web % git merge add-copyright --no--ff
error: unknown option `no--ff'
usage: git merge [<options>] [<commit>...]
   or: git merge --abort
   or: git merge --continue

    -n                    do not show a diffstat at the end of the merge
    --stat                show a diffstat at the end of the merge
    --summary             (synonym to --stat)
    --log[=<n>]           add (at most <n>) entries from shortlog to merge commit message
    --squash              create a single commit instead of doing a merge
    --commit              perform a commit if the merge succeeds (default)
    -e, --edit            edit message before committing
    --cleanup <mode>      how to strip spaces and #comments from message
    --ff                  allow fast-forward (default)
    --ff-only             abort if fast-forward is not possible
    --rerere-autoupdate   update the index with reused conflict resolution if possible
    --verify-signatures   verify that the named commit has a valid GPG signature
    -s, --strategy <strategy>
                          merge strategy to use
    -X, --strategy-option <option=value>
                          option for selected merge strategy
    -m, --message <message>
                          merge commit message (for a non-fast-forward merge)
    -F, --file <path>     read message from file
    -v, --verbose         be more verbose
    -q, --quiet           be more quiet
    --abort               abort the current in-progress merge
    --quit                --abort but leave index and working tree alone
    --continue            continue the current in-progress merge
    --allow-unrelated-histories
                          allow merging unrelated histories
    --progress            force progress reporting
    -S, --gpg-sign[=<key-id>]
                          GPG sign commit
    --autostash           automatically stash/stash pop before and after
    --overwrite-ignore    update ignored files (default)
    --signoff             add a Signed-off-by trailer
    --no-verify           bypass pre-merge-commit and commit-msg hooks

kejingeng@kejins-MacBook-Pro starter-web % git merge add-copyright --no-ff 
Merge made by the 'recursive' strategy.
 README.md   | 6 +++++-
 simple.html | 3 +++
 2 files changed, 8 insertions(+), 1 deletion(-)
kejingeng@kejins-MacBook-Pro starter-web % git log --oneline --graph --decorate
*   4c003d6 (HEAD -> master) Merge branch 'add-copyright'
|\  
| * cb0b1e6 (add-copyright) Adding copyright notice to Readme
| * 5d8003f Adding copyright notice
|/  
* e6502e6 Changing title of Html file
* e6aa2aa (origin/master, origin/HEAD, Develop) Update echo witch changes from compare section
* 1e71dd3 Adding introduction text
* c2a8f53 Adding new section : Deployment
* ae42085 Adding README File
* 609ab76 Excluding log file directory
* e22e48a deleting level1 and all children
* 26fa7ee Deleting new file
* 4c9de43 Ranamed level1-files to level1
* 9c595b0 Renaming level2 file
* 56873a1 Ranaming level3 file
* 8b87d2c Add file recursively
* 33863d0 More ipsum for hipsters
* e3bff9d Update
* ef95a4b My first commit q exit back
* 6452db7 Update ignore file
* 7268cf6 Adding git ignore file to exclude unwanted files
* 40f982a update
* c23232c Git Complete coding practice
* 499e71c deleting level1 and level1 all children
* 6c4645f Delete hipster.txt
* 47d52b0 Deleting new file
* 251d8f8 Renaming level1 file
* c52f2cd Moving level2 file back to level 2 directory
* 253976d Moving level2 to level3
* 9ee8041 renaming level2 file
* 7852665 renaming level3 file
* b085f28 Renamed
* 1537c43 Adding several files recursively
* 0a85e8f more ipsum from hipsters
* a75aa77 Adding new file
* 694dae8 Adding more ipsum text
* a8a944a My first commit
*   4beb7f0 Merge pull request #6 from jasongtaylor/feature-readme
|\  
| * e73f914 Adding Purpose section to README
| * 34f563b Adding README file
|/  
* 5c05047 Copying files from initializr project zip file and then creating simple.html as basis for super simple pages
kejingeng@kejins-MacBook-Pro starter-web % git branch -d add-copyright
Deleted branch add-copyright (was cb0b1e6).
kejingeng@kejins-MacBook-Pro starter-web % git log --oneline --graph --decorate
*   4c003d6 (HEAD -> master) Merge branch 'add-copyright'
|\  
| * cb0b1e6 Adding copyright notice to Readme
| * 5d8003f Adding copyright notice
|/  
* e6502e6 Changing title of Html file
* e6aa2aa (origin/master, origin/HEAD, Develop) Update echo witch changes from compare section
* 1e71dd3 Adding introduction text
* c2a8f53 Adding new section : Deployment
* ae42085 Adding README File
* 609ab76 Excluding log file directory
* e22e48a deleting level1 and all children
* 26fa7ee Deleting new file
* 4c9de43 Ranamed level1-files to level1
* 9c595b0 Renaming level2 file
* 56873a1 Ranaming level3 file
* 8b87d2c Add file recursively
* 33863d0 More ipsum for hipsters
* e3bff9d Update
* ef95a4b My first commit q exit back
* 6452db7 Update ignore file
* 7268cf6 Adding git ignore file to exclude unwanted files
* 40f982a update
* c23232c Git Complete coding practice
* 499e71c deleting level1 and level1 all children
* 6c4645f Delete hipster.txt
* 47d52b0 Deleting new file
* 251d8f8 Renaming level1 file
* c52f2cd Moving level2 file back to level 2 directory
* 253976d Moving level2 to level3
* 9ee8041 renaming level2 file
* 7852665 renaming level3 file
* b085f28 Renamed
* 1537c43 Adding several files recursively
* 0a85e8f more ipsum from hipsters
* a75aa77 Adding new file
* 694dae8 Adding more ipsum text
* a8a944a My first commit
*   4beb7f0 Merge pull request #6 from jasongtaylor/feature-readme
|\  
| * e73f914 Adding Purpose section to README
| * 34f563b Adding README file
|/  
* 5c05047 Copying files from initializr project zip file and then creating simple.html as basis for super simple pages
kejingeng@kejins-MacBook-Pro starter-web % git branch
  Develop
* master
kejingeng@kejins-MacBook-Pro starter-web % git checkout -b simple-changes
Switched to a new branch 'simple-changes'
kejingeng@kejins-MacBook-Pro starter-web % ll
zsh: command not found: ll
kejingeng@kejins-MacBook-Pro starter-web % ls -al
total 360
drwxr-xr-x  20 kejingeng  staff    640 Sep 20 00:13 .
drwxr-xr-x   5 kejingeng  staff    160 Sep 19 07:00 ..
-rw-r--r--@  1 kejingeng  staff   6148 Sep 19 05:08 .DS_Store
drwxr-xr-x  15 kejingeng  staff    480 Sep 20 00:49 .git
-rw-r--r--@  1 kejingeng  staff     15 Sep 19 19:40 .gitignore
-rw-r--r--   1 kejingeng  staff  29947 Sep 19 03:00 .htaccess
-rw-r--r--   1 kejingeng  staff   4459 Sep 19 03:00 404.html
-rw-r--r--   1 kejingeng  staff    428 Sep 20 00:13 README.md
-rw-r--r--   1 kejingeng  staff   1226 Sep 19 03:00 apple-touch-icon-precomposed.png
-rw-r--r--   1 kejingeng  staff    603 Sep 19 03:00 crossdomain.xml
drwxr-xr-x   9 kejingeng  staff    288 Sep 19 03:00 css
-rw-r--r--   1 kejingeng  staff    766 Sep 19 03:00 favicon.ico
drwxr-xr-x   6 kejingeng  staff    192 Sep 19 03:00 fonts
-rw-r--r--   1 kejingeng  staff  91818 Sep 19 23:52 hipster.txt
-rw-r--r--   1 kejingeng  staff    191 Sep 19 03:00 humans.txt
-rw-r--r--   1 kejingeng  staff   5154 Sep 19 03:00 index.html
drwxr-xr-x   5 kejingeng  staff    160 Sep 19 03:00 js
drwxr-xr-x   3 kejingeng  staff     96 Sep 19 19:34 log
-rw-r--r--   1 kejingeng  staff     32 Sep 19 03:00 robots.txt
-rw-r--r--   1 kejingeng  staff    484 Sep 20 00:13 simple.html
kejingeng@kejins-MacBook-Pro starter-web % mate human.txt
kejingeng@kejins-MacBook-Pro starter-web % mate humans.txt
kejingeng@kejins-MacBook-Pro starter-web % git status
On branch simple-changes
nothing to commit, working tree clean
kejingeng@kejins-MacBook-Pro starter-web % git status
On branch simple-changes
Changes not staged for commit:
  (use "git add <file>..." to update what will be committed)
  (use "git restore <file>..." to discard changes in working directory)
	modified:   humans.txt

no changes added to commit (use "git add" and/or "git commit -a")
kejingeng@kejins-MacBook-Pro starter-web % git checkout master
M	humans.txt
Switched to branch 'master'
Your branch is ahead of 'origin/master' by 4 commits.
  (use "git push" to publish your local commits)
kejingeng@kejins-MacBook-Pro starter-web % mate README.md
kejingeng@kejins-MacBook-Pro starter-web % git status
On branch master
Your branch is ahead of 'origin/master' by 4 commits.
  (use "git push" to publish your local commits)

Changes not staged for commit:
  (use "git add <file>..." to update what will be committed)
  (use "git restore <file>..." to discard changes in working directory)
	modified:   README.md
	modified:   humans.txt

no changes added to commit (use "git add" and/or "git commit -a")
kejingeng@kejins-MacBook-Pro starter-web % git commit -am "Adding instructions on how to contribute"
[master 5c8d54b] Adding instructions on how to contribute
 Committer: kejin geng <kejingeng@kejins-MacBook-Pro.local>
Your name and email address were configured automatically based
on your username and hostname. Please check that they are accurate.
You can suppress this message by setting them explicitly:

    git config --global user.name "Your Name"
    git config --global user.email you@example.com

After doing this, you may fix the identity used for this commit with:

    git commit --amend --reset-author

 2 files changed, 2 insertions(+), 3 deletions(-)
kejingeng@kejins-MacBook-Pro starter-web % git log --oneline --graph --decorate                     
* 5c8d54b (HEAD -> master) Adding instructions on how to contribute
*   4c003d6 (simple-changes) Merge branch 'add-copyright'
|\  
| * cb0b1e6 Adding copyright notice to Readme
| * 5d8003f Adding copyright notice
|/  
* e6502e6 Changing title of Html file
* e6aa2aa (origin/master, origin/HEAD, Develop) Update echo witch changes from compare section
* 1e71dd3 Adding introduction text
* c2a8f53 Adding new section : Deployment
* ae42085 Adding README File
* 609ab76 Excluding log file directory
* e22e48a deleting level1 and all children
* 26fa7ee Deleting new file
* 4c9de43 Ranamed level1-files to level1
* 9c595b0 Renaming level2 file
* 56873a1 Ranaming level3 file
* 8b87d2c Add file recursively
* 33863d0 More ipsum for hipsters
* e3bff9d Update
* ef95a4b My first commit q exit back
* 6452db7 Update ignore file
* 7268cf6 Adding git ignore file to exclude unwanted files
* 40f982a update
* c23232c Git Complete coding practice
* 499e71c deleting level1 and level1 all children
* 6c4645f Delete hipster.txt
* 47d52b0 Deleting new file
* 251d8f8 Renaming level1 file
* c52f2cd Moving level2 file back to level 2 directory
* 253976d Moving level2 to level3
* 9ee8041 renaming level2 file
* 7852665 renaming level3 file
* b085f28 Renamed
* 1537c43 Adding several files recursively
* 0a85e8f more ipsum from hipsters
* a75aa77 Adding new file
* 694dae8 Adding more ipsum text
* a8a944a My first commit
*   4beb7f0 Merge pull request #6 from jasongtaylor/feature-readme
|\  
| * e73f914 Adding Purpose section to README
| * 34f563b Adding README file
|/  
* 5c05047 Copying files from initializr project zip file and then creating simple.html as basis for super simple pages
kejingeng@kejins-MacBook-Pro starter-web % git branch
  Develop
* master
  simple-changes
kejingeng@kejins-MacBook-Pro starter-web % git merge simple-changes -m "Merging changes from simple-changes branch"
Already up to date.
kejingeng@kejins-MacBook-Pro starter-web % mate humans.txt
kejingeng@kejins-MacBook-Pro starter-web % git status
On branch master
Your branch is ahead of 'origin/master' by 5 commits.
  (use "git push" to publish your local commits)

nothing to commit, working tree clean
kejingeng@kejins-MacBook-Pro starter-web % git checkout -b realwork
Switched to a new branch 'realwork'
kejingeng@kejins-MacBook-Pro starter-web % mate simple.html
kejingeng@kejins-MacBook-Pro starter-web % git status
On branch realwork
Changes not staged for commit:
  (use "git add <file>..." to update what will be committed)
  (use "git restore <file>..." to discard changes in working directory)
	modified:   simple.html

no changes added to commit (use "git add" and/or "git commit -a")
kejingeng@kejins-MacBook-Pro starter-web % git commit -am "Making change to simple.html"
[realwork 48c98e3] Making change to simple.html
 Committer: kejin geng <kejingeng@kejins-MacBook-Pro.local>
Your name and email address were configured automatically based
on your username and hostname. Please check that they are accurate.
You can suppress this message by setting them explicitly:

    git config --global user.name "Your Name"
    git config --global user.email you@example.com

After doing this, you may fix the identity used for this commit with:

    git commit --amend --reset-author

 1 file changed, 3 insertions(+), 3 deletions(-)
kejingeng@kejins-MacBook-Pro starter-web % get checkout master
zsh: command not found: get
kejingeng@kejins-MacBook-Pro starter-web % get checkout -b master
zsh: command not found: get
kejingeng@kejins-MacBook-Pro starter-web % git checkout master                          
Switched to branch 'master'
Your branch is ahead of 'origin/master' by 5 commits.
  (use "git push" to publish your local commits)
kejingeng@kejins-MacBook-Pro starter-web % mate simple.html
kejingeng@kejins-MacBook-Pro starter-web % git status
On branch master
Your branch is ahead of 'origin/master' by 5 commits.
  (use "git push" to publish your local commits)

Changes not staged for commit:
  (use "git add <file>..." to update what will be committed)
  (use "git restore <file>..." to discard changes in working directory)
	modified:   simple.html

no changes added to commit (use "git add" and/or "git commit -a")
kejingeng@kejins-MacBook-Pro starter-web % git commit -am "Adding conflict changes on purpose for git example"
[master e28972c] Adding conflict changes on purpose for git example
 Committer: kejin geng <kejingeng@kejins-MacBook-Pro.local>
Your name and email address were configured automatically based
on your username and hostname. Please check that they are accurate.
You can suppress this message by setting them explicitly:

    git config --global user.name "Your Name"
    git config --global user.email you@example.com

After doing this, you may fix the identity used for this commit with:

    git commit --amend --reset-author

 1 file changed, 3 insertions(+), 3 deletions(-)
kejingeng@kejins-MacBook-Pro starter-web % git log --oneline --graph --decorate --all
* e28972c (HEAD -> master) Adding conflict changes on purpose for git example
| * 48c98e3 (realwork) Making change to simple.html
|/  
* 5c8d54b Adding instructions on how to contribute
*   4c003d6 (simple-changes) Merge branch 'add-copyright'
|\  
| * cb0b1e6 Adding copyright notice to Readme
| * 5d8003f Adding copyright notice
|/  
* e6502e6 Changing title of Html file
* e6aa2aa (origin/master, origin/HEAD, Develop) Update echo witch changes from compare section
* 1e71dd3 Adding introduction text
* c2a8f53 Adding new section : Deployment
* ae42085 Adding README File
* 609ab76 Excluding log file directory
* e22e48a deleting level1 and all children
* 26fa7ee Deleting new file
* 4c9de43 Ranamed level1-files to level1
* 9c595b0 Renaming level2 file
* 56873a1 Ranaming level3 file
* 8b87d2c Add file recursively
* 33863d0 More ipsum for hipsters
* e3bff9d Update
* ef95a4b My first commit q exit back
* 6452db7 Update ignore file
* 7268cf6 Adding git ignore file to exclude unwanted files
* 40f982a update
* c23232c Git Complete coding practice
* 499e71c deleting level1 and level1 all children
* 6c4645f Delete hipster.txt
* 47d52b0 Deleting new file
* 251d8f8 Renaming level1 file
* c52f2cd Moving level2 file back to level 2 directory
* 253976d Moving level2 to level3
* 9ee8041 renaming level2 file
* 7852665 renaming level3 file
* b085f28 Renamed
* 1537c43 Adding several files recursively
* 0a85e8f more ipsum from hipsters
* a75aa77 Adding new file
* 694dae8 Adding more ipsum text
* a8a944a My first commit
*   4beb7f0 Merge pull request #6 from jasongtaylor/feature-readme
|\  
| * e73f914 Adding Purpose section to README
| * 34f563b Adding README file
|/  
* 5c05047 Copying files from initializr project zip file and then creating simple.html as basis for super simple pages
kejingeng@kejins-MacBook-Pro starter-web % git branch -d simple-changes
Deleted branch simple-changes (was 4c003d6).
kejingeng@kejins-MacBook-Pro starter-web % 
kejingeng@kejins-MacBook-Pro starter-web % git branch
  Develop
* master
  realwork
kejingeng@kejins-MacBook-Pro starter-web % git diff master realwork 
diff --git a/simple.html b/simple.html
index f6f0a27..5cdd544 100644
--- a/simple.html
+++ b/simple.html
@@ -3,7 +3,7 @@
        copyright 2014 Git.Traning
 -->
 <head>
-       <title>A Very Respectfull website </title>
+       <title>A Great website </title>
        <link rel="stylesheet" href="css/bootstrap.min.css">
        <style>
                body {
@@ -17,11 +17,11 @@
        <main class="container">
        <!-- Content Goes Here -->
                <p>
-                       I am not sure what will be here
+                       Some interesting stuff goes here
                </p>
        </main>
        <footer class="container">
-               <p>&copy; Kejin Geng 2014</p>
+               <p>&copy; Git Training 2014</p>
        </footer>
 </body>
 </html>
kejingeng@kejins-MacBook-Pro starter-web % git difftool master realwork
kejingeng@kejins-MacBook-Pro starter-web % git branch
  Develop
* master
  realwork
kejingeng@kejins-MacBook-Pro starter-web % git merge realwork
Auto-merging simple.html
CONFLICT (content): Merge conflict in simple.html
Automatic merge failed; fix conflicts and then commit the result.
kejingeng@kejins-MacBook-Pro starter-web % ls
404.html				crossdomain.xml				fonts					index.html				robots.txt
README.md				css					hipster.txt				js					simple.html
apple-touch-icon-precomposed.png	favicon.ico				humans.txt				log
kejingeng@kejins-MacBook-Pro starter-web % mate simple.html
kejingeng@kejins-MacBook-Pro starter-web % git mergetool
Merging:
simple.html

Normal merge conflict for 'simple.html':
  {local}: modified file
  {remote}: modified file
kejingeng@kejins-MacBook-Pro starter-web % git commit -m "Done resolving merge conflicts"
[master ceefb10] Done resolving merge conflicts
 Committer: kejin geng <kejingeng@kejins-MacBook-Pro.local>
Your name and email address were configured automatically based
on your username and hostname. Please check that they are accurate.
You can suppress this message by setting them explicitly:

    git config --global user.name "Your Name"
    git config --global user.email you@example.com

After doing this, you may fix the identity used for this commit with:

    git commit --amend --reset-author

kejingeng@kejins-MacBook-Pro starter-web % git status
On branch master
Your branch is ahead of 'origin/master' by 8 commits.
  (use "git push" to publish your local commits)

Untracked files:
  (use "git add <file>..." to include in what will be committed)
	simple.html.orig

nothing added to commit but untracked files present (use "git add" to track)
kejingeng@kejins-MacBook-Pro starter-web % mate simple.html.orig
kejingeng@kejins-MacBook-Pro starter-web % mate .gitignore
kejingeng@kejins-MacBook-Pro starter-web % git status
On branch master
Your branch is ahead of 'origin/master' by 8 commits.
  (use "git push" to publish your local commits)

Changes not staged for commit:
  (use "git add <file>..." to update what will be committed)
  (use "git restore <file>..." to discard changes in working directory)
	modified:   .gitignore

no changes added to commit (use "git add" and/or "git commit -a")
kejingeng@kejins-MacBook-Pro starter-web % git commit -am "updating ignore file to exclude merge temp file"
[master d29500e] updating ignore file to exclude merge temp file
 Committer: kejin geng <kejingeng@kejins-MacBook-Pro.local>
Your name and email address were configured automatically based
on your username and hostname. Please check that they are accurate.
You can suppress this message by setting them explicitly:

    git config --global user.name "Your Name"
    git config --global user.email you@example.com

After doing this, you may fix the identity used for this commit with:

    git commit --amend --reset-author

 1 file changed, 1 insertion(+)
kejingeng@kejins-MacBook-Pro starter-web % git branch
  Develop
* master
  realwork
kejingeng@kejins-MacBook-Pro starter-web % git branch -d realwork
Deleted branch realwork (was 48c98e3).
kejingeng@kejins-MacBook-Pro starter-web % git log --oneline --graph --decorate --all
* d29500e (HEAD -> master) updating ignore file to exclude merge temp file
*   ceefb10 Done resolving merge conflicts
|\  
| * 48c98e3 Making change to simple.html
* | e28972c Adding conflict changes on purpose for git example
|/  
* 5c8d54b Adding instructions on how to contribute
*   4c003d6 Merge branch 'add-copyright'
|\  
| * cb0b1e6 Adding copyright notice to Readme
| * 5d8003f Adding copyright notice
|/  
* e6502e6 Changing title of Html file
* e6aa2aa (origin/master, origin/HEAD, Develop) Update echo witch changes from compare section
* 1e71dd3 Adding introduction text
* c2a8f53 Adding new section : Deployment
* ae42085 Adding README File
* 609ab76 Excluding log file directory
* e22e48a deleting level1 and all children
* 26fa7ee Deleting new file
* 4c9de43 Ranamed level1-files to level1
* 9c595b0 Renaming level2 file
* 56873a1 Ranaming level3 file
* 8b87d2c Add file recursively
* 33863d0 More ipsum for hipsters
* e3bff9d Update
* ef95a4b My first commit q exit back
* 6452db7 Update ignore file
* 7268cf6 Adding git ignore file to exclude unwanted files
* 40f982a update
* c23232c Git Complete coding practice
* 499e71c deleting level1 and level1 all children
* 6c4645f Delete hipster.txt
* 47d52b0 Deleting new file
* 251d8f8 Renaming level1 file
* c52f2cd Moving level2 file back to level 2 directory
* 253976d Moving level2 to level3
* 9ee8041 renaming level2 file
* 7852665 renaming level3 file
* b085f28 Renamed
* 1537c43 Adding several files recursively
* 0a85e8f more ipsum from hipsters
* a75aa77 Adding new file
* 694dae8 Adding more ipsum text
* a8a944a My first commit
*   4beb7f0 Merge pull request #6 from jasongtaylor/feature-readme
|\  
| * e73f914 Adding Purpose section to README
| * 34f563b Adding README file
|/  
* 5c05047 Copying files from initializr project zip file and then creating simple.html as basis for super simple pages
kejingeng@kejins-MacBook-Pro starter-web % git branch
  Develop
* master
kejingeng@kejins-MacBook-Pro starter-web % git status
On branch master
Your branch is ahead of 'origin/master' by 9 commits.
  (use "git push" to publish your local commits)

nothing to commit, working tree clean
kejingeng@kejins-MacBook-Pro starter-web % mate hipster.txt
kejingeng@kejins-MacBook-Pro starter-web % git status
On branch master
Your branch is ahead of 'origin/master' by 9 commits.
  (use "git push" to publish your local commits)

Changes not staged for commit:
  (use "git add <file>..." to update what will be committed)
  (use "git restore <file>..." to discard changes in working directory)
	modified:   hipster.txt

no changes added to commit (use "git add" and/or "git commit -a")
kejingeng@kejins-MacBook-Pro starter-web % git commit -m "update hipster.txt"
On branch master
Your branch is ahead of 'origin/master' by 9 commits.
  (use "git push" to publish your local commits)

Changes not staged for commit:
  (use "git add <file>..." to update what will be committed)
  (use "git restore <file>..." to discard changes in working directory)
	modified:   hipster.txt

no changes added to commit (use "git add" and/or "git commit -a")
kejingeng@kejins-MacBook-Pro starter-web % git commit -am "update hipster.txt"
[master 36da9d4] update hipster.txt
 Committer: kejin geng <kejingeng@kejins-MacBook-Pro.local>
Your name and email address were configured automatically based
on your username and hostname. Please check that they are accurate.
You can suppress this message by setting them explicitly:

    git config --global user.name "Your Name"
    git config --global user.email you@example.com

After doing this, you may fix the identity used for this commit with:

    git commit --amend --reset-author

 1 file changed, 1000 insertions(+)
kejingeng@kejins-MacBook-Pro starter-web % git status
On branch master
Your branch is ahead of 'origin/master' by 10 commits.
  (use "git push" to publish your local commits)

nothing to commit, working tree clean
kejingeng@kejins-MacBook-Pro starter-web % git pull orignal master
hint: Pulling without specifying how to reconcile divergent branches is
hint: discouraged. You can squelch this message by running one of the following
hint: commands sometime before your next pull:
hint: 
hint:   git config pull.rebase false  # merge (the default strategy)
hint:   git config pull.rebase true   # rebase
hint:   git config pull.ff only       # fast-forward only
hint: 
hint: You can replace "git config" with "git config --global" to set a default
hint: preference for all repositories. You can also pass --rebase, --no-rebase,
hint: or --ff-only on the command line to override the configured default per
hint: invocation.
fatal: 'orignal' does not appear to be a git repository
fatal: Could not read from remote repository.

Please make sure you have the correct access rights
and the repository exists.
kejingeng@kejins-MacBook-Pro starter-web % git pull origin master 
hint: Pulling without specifying how to reconcile divergent branches is
hint: discouraged. You can squelch this message by running one of the following
hint: commands sometime before your next pull:
hint: 
hint:   git config pull.rebase false  # merge (the default strategy)
hint:   git config pull.rebase true   # rebase
hint:   git config pull.ff only       # fast-forward only
hint: 
hint: You can replace "git config" with "git config --global" to set a default
hint: preference for all repositories. You can also pass --rebase, --no-rebase,
hint: or --ff-only on the command line to override the configured default per
hint: invocation.
From https://github.com/NobodyKJ/starter-web
 * branch            master     -> FETCH_HEAD
Already up to date.
kejingeng@kejins-MacBook-Pro starter-web % git push origin master
Enumerating objects: 36, done.
Counting objects: 100% (36/36), done.
Delta compression using up to 12 threads
Compressing objects: 100% (29/29), done.
Writing objects: 100% (30/30), 10.54 KiB | 3.51 MiB/s, done.
Total 30 (delta 22), reused 0 (delta 0), pack-reused 0
remote: Resolving deltas: 100% (22/22), completed with 5 local objects.
To https://github.com/NobodyKJ/starter-web.git
   e6aa2aa..36da9d4  master -> master
kejingeng@kejins-MacBook-Pro starter-web % git checkout -b myfeature
Switched to a new branch 'myfeature'
kejingeng@kejins-MacBook-Pro starter-web % mate human.txt
kejingeng@kejins-MacBook-Pro starter-web % mate humans.txt
kejingeng@kejins-MacBook-Pro starter-web % git status
On branch myfeature
Changes not staged for commit:
  (use "git add <file>..." to update what will be committed)
  (use "git restore <file>..." to discard changes in working directory)
	modified:   humans.txt

no changes added to commit (use "git add" and/or "git commit -a")
kejingeng@kejins-MacBook-Pro starter-web % git commit -am "Thanks all my students"
[myfeature 4b1f0a7] Thanks all my students
 Committer: kejin geng <kejingeng@kejins-MacBook-Pro.local>
Your name and email address were configured automatically based
on your username and hostname. Please check that they are accurate.
You can suppress this message by setting them explicitly:

    git config --global user.name "Your Name"
    git config --global user.email you@example.com

After doing this, you may fix the identity used for this commit with:

    git commit --amend --reset-author

 1 file changed, 1 insertion(+), 1 deletion(-)
kejingeng@kejins-MacBook-Pro starter-web % git checkout master
Switched to branch 'master'
Your branch is up to date with 'origin/master'.
kejingeng@kejins-MacBook-Pro starter-web % mate README.md
kejingeng@kejins-MacBook-Pro starter-web % git status
On branch master
Your branch is up to date with 'origin/master'.

Changes not staged for commit:
  (use "git add <file>..." to update what will be committed)
  (use "git restore <file>..." to discard changes in working directory)
	modified:   README.md

no changes added to commit (use "git add" and/or "git commit -a")
kejingeng@kejins-MacBook-Pro starter-web % git commit -am "adding oneliner to README for rebase example"
[master 2340d9c] adding oneliner to README for rebase example
 Committer: kejin geng <kejingeng@kejins-MacBook-Pro.local>
Your name and email address were configured automatically based
on your username and hostname. Please check that they are accurate.
You can suppress this message by setting them explicitly:

    git config --global user.name "Your Name"
    git config --global user.email you@example.com

After doing this, you may fix the identity used for this commit with:

    git commit --amend --reset-author

 1 file changed, 1 insertion(+), 1 deletion(-)
kejingeng@kejins-MacBook-Pro starter-web % git log --oneline --graph --decorate --all
* 2340d9c (HEAD -> master) adding oneliner to README for rebase example
| * 4b1f0a7 (myfeature) Thanks all my students
|/  
* 36da9d4 (origin/master, origin/HEAD) update hipster.txt
* d29500e updating ignore file to exclude merge temp file
*   ceefb10 Done resolving merge conflicts
|\  
| * 48c98e3 Making change to simple.html
* | e28972c Adding conflict changes on purpose for git example
|/  
* 5c8d54b Adding instructions on how to contribute
*   4c003d6 Merge branch 'add-copyright'
|\  
| * cb0b1e6 Adding copyright notice to Readme
| * 5d8003f Adding copyright notice
|/  
* e6502e6 Changing title of Html file
* e6aa2aa (Develop) Update echo witch changes from compare section
* 1e71dd3 Adding introduction text
* c2a8f53 Adding new section : Deployment
* ae42085 Adding README File
* 609ab76 Excluding log file directory
* e22e48a deleting level1 and all children
* 26fa7ee Deleting new file
* 4c9de43 Ranamed level1-files to level1
* 9c595b0 Renaming level2 file
* 56873a1 Ranaming level3 file
* 8b87d2c Add file recursively
* 33863d0 More ipsum for hipsters
* e3bff9d Update
* ef95a4b My first commit q exit back
* 6452db7 Update ignore file
* 7268cf6 Adding git ignore file to exclude unwanted files
* 40f982a update
* c23232c Git Complete coding practice
* 499e71c deleting level1 and level1 all children
* 6c4645f Delete hipster.txt
* 47d52b0 Deleting new file
* 251d8f8 Renaming level1 file
* c52f2cd Moving level2 file back to level 2 directory
* 253976d Moving level2 to level3
* 9ee8041 renaming level2 file
* 7852665 renaming level3 file
* b085f28 Renamed
* 1537c43 Adding several files recursively
* 0a85e8f more ipsum from hipsters
* a75aa77 Adding new file
* 694dae8 Adding more ipsum text
* a8a944a My first commit
*   4beb7f0 Merge pull request #6 from jasongtaylor/feature-readme
|\  
| * e73f914 Adding Purpose section to README
| * 34f563b Adding README file
|/  
* 5c05047 Copying files from initializr project zip file and then creating simple.html as basis for super simple pages
kejingeng@kejins-MacBook-Pro starter-web % git checkout myfeature
Switched to branch 'myfeature'
kejingeng@kejins-MacBook-Pro starter-web % git rebase master
Successfully rebased and updated refs/heads/myfeature.
kejingeng@kejins-MacBook-Pro starter-web % git log --oneline --graph --decorate --all
* fba85c4 (HEAD -> myfeature) Thanks all my students
* 2340d9c (master) adding oneliner to README for rebase example
* 36da9d4 (origin/master, origin/HEAD) update hipster.txt
* d29500e updating ignore file to exclude merge temp file
*   ceefb10 Done resolving merge conflicts
|\  
| * 48c98e3 Making change to simple.html
* | e28972c Adding conflict changes on purpose for git example
|/  
* 5c8d54b Adding instructions on how to contribute
*   4c003d6 Merge branch 'add-copyright'
|\  
| * cb0b1e6 Adding copyright notice to Readme
| * 5d8003f Adding copyright notice
|/  
* e6502e6 Changing title of Html file
* e6aa2aa (Develop) Update echo witch changes from compare section
* 1e71dd3 Adding introduction text
* c2a8f53 Adding new section : Deployment
* ae42085 Adding README File
* 609ab76 Excluding log file directory
* e22e48a deleting level1 and all children
* 26fa7ee Deleting new file
* 4c9de43 Ranamed level1-files to level1
* 9c595b0 Renaming level2 file
* 56873a1 Ranaming level3 file
* 8b87d2c Add file recursively
* 33863d0 More ipsum for hipsters
* e3bff9d Update
* ef95a4b My first commit q exit back
* 6452db7 Update ignore file
* 7268cf6 Adding git ignore file to exclude unwanted files
* 40f982a update
* c23232c Git Complete coding practice
* 499e71c deleting level1 and level1 all children
* 6c4645f Delete hipster.txt
* 47d52b0 Deleting new file
* 251d8f8 Renaming level1 file
* c52f2cd Moving level2 file back to level 2 directory
* 253976d Moving level2 to level3
* 9ee8041 renaming level2 file
* 7852665 renaming level3 file
* b085f28 Renamed
* 1537c43 Adding several files recursively
* 0a85e8f more ipsum from hipsters
* a75aa77 Adding new file
* 694dae8 Adding more ipsum text
* a8a944a My first commit
*   4beb7f0 Merge pull request #6 from jasongtaylor/feature-readme
|\  
| * e73f914 Adding Purpose section to README
| * 34f563b Adding README file
|/  
* 5c05047 Copying files from initializr project zip file and then creating simple.html as basis for super simple pages
kejingeng@kejins-MacBook-Pro starter-web % git checkout myfeature
Already on 'myfeature'
kejingeng@kejins-MacBook-Pro starter-web % mate README.md
kejingeng@kejins-MacBook-Pro starter-web % git status
On branch myfeature
Changes not staged for commit:
  (use "git add <file>..." to update what will be committed)
  (use "git restore <file>..." to discard changes in working directory)
	modified:   README.md

no changes added to commit (use "git add" and/or "git commit -a")
kejingeng@kejins-MacBook-Pro starter-web % git commit -am "Adding another change after rebase"
[myfeature bb77891] Adding another change after rebase
 Committer: kejin geng <kejingeng@kejins-MacBook-Pro.local>
Your name and email address were configured automatically based
on your username and hostname. Please check that they are accurate.
You can suppress this message by setting them explicitly:

    git config --global user.name "Your Name"
    git config --global user.email you@example.com

After doing this, you may fix the identity used for this commit with:

    git commit --amend --reset-author

 1 file changed, 1 insertion(+), 1 deletion(-)
kejingeng@kejins-MacBook-Pro starter-web % git log --oneline --graph --decorate --all         
* bb77891 (HEAD -> myfeature) Adding another change after rebase
* fba85c4 Thanks all my students
* 2340d9c (master) adding oneliner to README for rebase example
* 36da9d4 (origin/master, origin/HEAD) update hipster.txt
* d29500e updating ignore file to exclude merge temp file
*   ceefb10 Done resolving merge conflicts
|\  
| * 48c98e3 Making change to simple.html
* | e28972c Adding conflict changes on purpose for git example
|/  
* 5c8d54b Adding instructions on how to contribute
*   4c003d6 Merge branch 'add-copyright'
|\  
| * cb0b1e6 Adding copyright notice to Readme
| * 5d8003f Adding copyright notice
|/  
* e6502e6 Changing title of Html file
* e6aa2aa (Develop) Update echo witch changes from compare section
* 1e71dd3 Adding introduction text
* c2a8f53 Adding new section : Deployment
* ae42085 Adding README File
* 609ab76 Excluding log file directory
* e22e48a deleting level1 and all children
* 26fa7ee Deleting new file
* 4c9de43 Ranamed level1-files to level1
* 9c595b0 Renaming level2 file
* 56873a1 Ranaming level3 file
* 8b87d2c Add file recursively
* 33863d0 More ipsum for hipsters
* e3bff9d Update
* ef95a4b My first commit q exit back
* 6452db7 Update ignore file
* 7268cf6 Adding git ignore file to exclude unwanted files
* 40f982a update
* c23232c Git Complete coding practice
* 499e71c deleting level1 and level1 all children
* 6c4645f Delete hipster.txt
* 47d52b0 Deleting new file
* 251d8f8 Renaming level1 file
* c52f2cd Moving level2 file back to level 2 directory
* 253976d Moving level2 to level3
* 9ee8041 renaming level2 file
* 7852665 renaming level3 file
* b085f28 Renamed
* 1537c43 Adding several files recursively
* 0a85e8f more ipsum from hipsters
* a75aa77 Adding new file
* 694dae8 Adding more ipsum text
* a8a944a My first commit
*   4beb7f0 Merge pull request #6 from jasongtaylor/feature-readme
|\  
| * e73f914 Adding Purpose section to README
| * 34f563b Adding README file
|/  
* 5c05047 Copying files from initializr project zip file and then creating simple.html as basis for super simple pages
kejingeng@kejins-MacBook-Pro starter-web % mate README.md
kejingeng@kejins-MacBook-Pro starter-web % git checkout master
error: Your local changes to the following files would be overwritten by checkout:
	README.md
Please commit your changes or stash them before you switch branches.
Aborting
kejingeng@kejins-MacBook-Pro starter-web % mate README.md
kejingeng@kejins-MacBook-Pro starter-web % git diff master myfeature
diff --git a/README.md b/README.md
index b71194a..6dbd844 100644
--- a/README.md
+++ b/README.md
@@ -1,6 +1,6 @@
 # Starter Web Repo
 
-This repository is for showing how Git and GitHub work Adding a line for rebase example
+This repository is for showing how Git and GitHub work, Adding a line for rebase example, more change on myfeature branch too.
 ## Introduction
 This is example is to show different parts of th eGit repository and various commands using a web project
 ## Purpose
diff --git a/humans.txt b/humans.txt
index aca7b56..c41ffda 100644
--- a/humans.txt
+++ b/humans.txt
@@ -7,7 +7,7 @@
 
 # THANKS
 
-    <name>
+    All the students
 
 # TECHNOLOGY COLOPHON
 
kejingeng@kejins-MacBook-Pro starter-web % git merge myfeature
Already up to date.
kejingeng@kejins-MacBook-Pro starter-web % git branch
  Develop
  master
* myfeature
kejingeng@kejins-MacBook-Pro starter-web % git checkout master
error: Your local changes to the following files would be overwritten by checkout:
	README.md
Please commit your changes or stash them before you switch branches.
Aborting
kejingeng@kejins-MacBook-Pro starter-web % mate README.md
kejingeng@kejins-MacBook-Pro starter-web % gir branch
zsh: command not found: gir
kejingeng@kejins-MacBook-Pro starter-web % git branch
  Develop
  master
* myfeature
kejingeng@kejins-MacBook-Pro starter-web % git checkout master
error: Your local changes to the following files would be overwritten by checkout:
	README.md
Please commit your changes or stash them before you switch branches.
Aborting
kejingeng@kejins-MacBook-Pro starter-web % git status
On branch myfeature
Changes not staged for commit:
  (use "git add <file>..." to update what will be committed)
  (use "git restore <file>..." to discard changes in working directory)
	modified:   README.md

no changes added to commit (use "git add" and/or "git commit -a")
kejingeng@kejins-MacBook-Pro starter-web % git commit -am "Adding another change after rebase"
[myfeature f85d6e6] Adding another change after rebase
 Committer: kejin geng <kejingeng@kejins-MacBook-Pro.local>
Your name and email address were configured automatically based
on your username and hostname. Please check that they are accurate.
You can suppress this message by setting them explicitly:

    git config --global user.name "Your Name"
    git config --global user.email you@example.com

After doing this, you may fix the identity used for this commit with:

    git commit --amend --reset-author

 1 file changed, 1 insertion(+), 1 deletion(-)
kejingeng@kejins-MacBook-Pro starter-web % git checkout master
Switched to branch 'master'
Your branch is ahead of 'origin/master' by 1 commit.
  (use "git push" to publish your local commits)
kejingeng@kejins-MacBook-Pro starter-web % mate README.md
kejingeng@kejins-MacBook-Pro starter-web % git diff master myfeature
diff --git a/README.md b/README.md
index b71194a..733ca22 100644
--- a/README.md
+++ b/README.md
@@ -1,6 +1,6 @@
 # Starter Web Repo
 
-This repository is for showing how Git and GitHub work Adding a line for rebase example
+This repository is for showing how Git and GitHub work, Adding a line for rebase example, more change on myfeature branch too. 
 ## Introduction
 This is example is to show different parts of th eGit repository and various commands using a web project
 ## Purpose
diff --git a/humans.txt b/humans.txt
index aca7b56..c41ffda 100644
--- a/humans.txt
+++ b/humans.txt
@@ -7,7 +7,7 @@
 
 # THANKS
 
-    <name>
+    All the students
 
 # TECHNOLOGY COLOPHON
 
kejingeng@kejins-MacBook-Pro starter-web % git merge myfeature
Updating 2340d9c..f85d6e6
Fast-forward
 README.md  | 2 +-
 humans.txt | 2 +-
 2 files changed, 2 insertions(+), 2 deletions(-)
kejingeng@kejins-MacBook-Pro starter-web % git branch -d myfeature
Deleted branch myfeature (was f85d6e6).
kejingeng@kejins-MacBook-Pro starter-web % mate simple.html
kejingeng@kejins-MacBook-Pro starter-web % git commit -am "mb before rebase conflicts"
[master fb69eb3] mb before rebase conflicts
 Committer: kejin geng <kejingeng@kejins-MacBook-Pro.local>
Your name and email address were configured automatically based
on your username and hostname. Please check that they are accurate.
You can suppress this message by setting them explicitly:

    git config --global user.name "Your Name"
    git config --global user.email you@example.com

After doing this, you may fix the identity used for this commit with:

    git commit --amend --reset-author

 1 file changed, 1 insertion(+)
kejingeng@kejins-MacBook-Pro starter-web % git checkout -b bigtrouble
Switched to a new branch 'bigtrouble'
kejingeng@kejins-MacBook-Pro starter-web % mate simple.html 
kejingeng@kejins-MacBook-Pro starter-web % git commit -am "fb adding some trouble to simple.html"
[bigtrouble 807c5b8] fb adding some trouble to simple.html
 Committer: kejin geng <kejingeng@kejins-MacBook-Pro.local>
Your name and email address were configured automatically based
on your username and hostname. Please check that they are accurate.
You can suppress this message by setting them explicitly:

    git config --global user.name "Your Name"
    git config --global user.email you@example.com

After doing this, you may fix the identity used for this commit with:

    git commit --amend --reset-author

 1 file changed, 3 insertions(+), 3 deletions(-)
kejingeng@kejins-MacBook-Pro starter-web % git checkout master
Switched to branch 'master'
Your branch is ahead of 'origin/master' by 5 commits.
  (use "git push" to publish your local commits)
kejingeng@kejins-MacBook-Pro starter-web % maste simple.html
zsh: command not found: maste
kejingeng@kejins-MacBook-Pro starter-web % mate simple.html 
kejingeng@kejins-MacBook-Pro starter-web % git commit -am "mb comflicting changes brewing"
[master 9495b00] mb comflicting changes brewing
 Committer: kejin geng <kejingeng@kejins-MacBook-Pro.local>
Your name and email address were configured automatically based
on your username and hostname. Please check that they are accurate.
You can suppress this message by setting them explicitly:

    git config --global user.name "Your Name"
    git config --global user.email you@example.com

After doing this, you may fix the identity used for this commit with:

    git commit --amend --reset-author

 1 file changed, 4 insertions(+), 3 deletions(-)
kejingeng@kejins-MacBook-Pro starter-web % git status
On branch master
Your branch is ahead of 'origin/master' by 6 commits.
  (use "git push" to publish your local commits)

nothing to commit, working tree clean
kejingeng@kejins-MacBook-Pro starter-web % mate simple.html
kejingeng@kejins-MacBook-Pro starter-web % git branch
  Develop
  bigtrouble
* master
kejingeng@kejins-MacBook-Pro starter-web % git diff master bigtrouble
diff --git a/simple.html b/simple.html
index 7143a14..1d607bd 100644
--- a/simple.html
+++ b/simple.html
@@ -1,10 +1,10 @@
 <!DOCTYPE html>
 <!--
        copyright 2014 Git.Traning
-       Some silly changes from the master branch
+       There changes are from the feature branch bigtrouble
 -->
 <head>
-       <title>Silly changes on master</title>
+       <title>Lots of troubles </title>
        <link rel="stylesheet" href="css/bootstrap.min.css">
        <style>
                body {
@@ -16,10 +16,9 @@
 </head>
 <body>
        <main class="container">
-       <!-- Junk Filler content -->
+       <!-- Content Goes Here -->
                <p>
-                       Just some content
-                       Not sure if we need replace this
+                       Just nothing but troubles
                </p>
        </main>
        <footer class="container">
kejingeng@kejins-MacBook-Pro starter-web % git difftool master bigtrouble
kejingeng@kejins-MacBook-Pro starter-web % git branch       
  Develop
  bigtrouble
* master
kejingeng@kejins-MacBook-Pro starter-web % git rebase master
Current branch master is up to date.
kejingeng@kejins-MacBook-Pro starter-web % git checkout bigtouble
error: pathspec 'bigtouble' did not match any file(s) known to git
kejingeng@kejins-MacBook-Pro starter-web % git difftool master bigtrouble
kejingeng@kejins-MacBook-Pro starter-web % git rebase master
Current branch master is up to date.
kejingeng@kejins-MacBook-Pro starter-web % gir branch
zsh: command not found: gir
kejingeng@kejins-MacBook-Pro starter-web % git branch
  Develop
  bigtrouble
* master
kejingeng@kejins-MacBook-Pro starter-web % git checkout bigtrouble
Switched to branch 'bigtrouble'
kejingeng@kejins-MacBook-Pro starter-web % git difftool master bigtrouble
kejingeng@kejins-MacBook-Pro starter-web % git rebase master
Auto-merging simple.html
CONFLICT (content): Merge conflict in simple.html
error: could not apply 807c5b8... fb adding some trouble to simple.html
Resolve all conflicts manually, mark them as resolved with
"git add/rm <conflicted_files>", then run "git rebase --continue".
You can instead skip this commit: run "git rebase --skip".
To abort and get back to the state before "git rebase", run "git rebase --abort".
Could not apply 807c5b8... fb adding some trouble to simple.html
kejingeng@kejins-MacBook-Pro starter-web % git rebase --abort
kejingeng@kejins-MacBook-Pro starter-web % git status
On branch bigtrouble
nothing to commit, working tree clean
kejingeng@kejins-MacBook-Pro starter-web % git log --oneline --graph --decorate --all
* 9495b00 (master) mb comflicting changes brewing
| * 807c5b8 (HEAD -> bigtrouble) fb adding some trouble to simple.html
|/  
* fb69eb3 mb before rebase conflicts
* f85d6e6 Adding another change after rebase
* bb77891 Adding another change after rebase
* fba85c4 Thanks all my students
* 2340d9c adding oneliner to README for rebase example
* 36da9d4 (origin/master, origin/HEAD) update hipster.txt
* d29500e updating ignore file to exclude merge temp file
*   ceefb10 Done resolving merge conflicts
|\  
| * 48c98e3 Making change to simple.html
* | e28972c Adding conflict changes on purpose for git example
|/  
* 5c8d54b Adding instructions on how to contribute
*   4c003d6 Merge branch 'add-copyright'
|\  
| * cb0b1e6 Adding copyright notice to Readme
| * 5d8003f Adding copyright notice
|/  
* e6502e6 Changing title of Html file
* e6aa2aa (Develop) Update echo witch changes from compare section
* 1e71dd3 Adding introduction text
* c2a8f53 Adding new section : Deployment
* ae42085 Adding README File
* 609ab76 Excluding log file directory
* e22e48a deleting level1 and all children
* 26fa7ee Deleting new file
* 4c9de43 Ranamed level1-files to level1
* 9c595b0 Renaming level2 file
* 56873a1 Ranaming level3 file
* 8b87d2c Add file recursively
* 33863d0 More ipsum for hipsters
* e3bff9d Update
* ef95a4b My first commit q exit back
* 6452db7 Update ignore file
* 7268cf6 Adding git ignore file to exclude unwanted files
* 40f982a update
* c23232c Git Complete coding practice
* 499e71c deleting level1 and level1 all children
* 6c4645f Delete hipster.txt
* 47d52b0 Deleting new file
* 251d8f8 Renaming level1 file
* c52f2cd Moving level2 file back to level 2 directory
* 253976d Moving level2 to level3
* 9ee8041 renaming level2 file
* 7852665 renaming level3 file
* b085f28 Renamed
* 1537c43 Adding several files recursively
* 0a85e8f more ipsum from hipsters
* a75aa77 Adding new file
* 694dae8 Adding more ipsum text
* a8a944a My first commit
*   4beb7f0 Merge pull request #6 from jasongtaylor/feature-readme
|\  
| * e73f914 Adding Purpose section to README
| * 34f563b Adding README file
|/  
* 5c05047 Copying files from initializr project zip file and then creating simple.html as basis for super simple pages
kejingeng@kejins-MacBook-Pro starter-web % git rebase master
Auto-merging simple.html
CONFLICT (content): Merge conflict in simple.html
error: could not apply 807c5b8... fb adding some trouble to simple.html
Resolve all conflicts manually, mark them as resolved with
"git add/rm <conflicted_files>", then run "git rebase --continue".
You can instead skip this commit: run "git rebase --skip".
To abort and get back to the state before "git rebase", run "git rebase --abort".
Could not apply 807c5b8... fb adding some trouble to simple.html
kejingeng@kejins-MacBook-Pro starter-web % git checkout bigtrouble
simple.html: needs merge
error: you need to resolve your current index first
kejingeng@kejins-MacBook-Pro starter-web % git branch
* (no branch, rebasing bigtrouble)
  Develop
  bigtrouble
  master
kejingeng@kejins-MacBook-Pro starter-web % git mergetool
Merging:
simple.html

Normal merge conflict for 'simple.html':
  {local}: modified file
  {remote}: modified file
kejingeng@kejins-MacBook-Pro starter-web % gir rebase --continue
zsh: command not found: gir
kejingeng@kejins-MacBook-Pro starter-web % git add simple.html
kejingeng@kejins-MacBook-Pro starter-web % git status
interactive rebase in progress; onto 9495b00
Last command done (1 command done):
   pick 807c5b8 fb adding some trouble to simple.html
No commands remaining.
You are currently rebasing branch 'bigtrouble' on '9495b00'.
  (all conflicts fixed: run "git rebase --continue")

Changes to be committed:
  (use "git restore --staged <file>..." to unstage)
	modified:   simple.html

kejingeng@kejins-MacBook-Pro starter-web % git rebase --continue 
[detached HEAD d1beac4] fb adding some trouble to simple.html
 Committer: kejin geng <kejingeng@kejins-MacBook-Pro.local>
Your name and email address were configured automatically based
on your username and hostname. Please check that they are accurate.
You can suppress this message by setting them explicitly:

    git config --global user.name "Your Name"
    git config --global user.email you@example.com

After doing this, you may fix the identity used for this commit with:

    git commit --amend --reset-author

 1 file changed, 1 insertion(+), 1 deletion(-)
Successfully rebased and updated refs/heads/bigtrouble.
kejingeng@kejins-MacBook-Pro starter-web % git log --oneline --graph --decorate --all
* d1beac4 (HEAD -> bigtrouble) fb adding some trouble to simple.html
* 9495b00 (master) mb comflicting changes brewing
* fb69eb3 mb before rebase conflicts
* f85d6e6 Adding another change after rebase
* bb77891 Adding another change after rebase
* fba85c4 Thanks all my students
* 2340d9c adding oneliner to README for rebase example
* 36da9d4 (origin/master, origin/HEAD) update hipster.txt
* d29500e updating ignore file to exclude merge temp file
*   ceefb10 Done resolving merge conflicts
|\  
| * 48c98e3 Making change to simple.html
* | e28972c Adding conflict changes on purpose for git example
|/  
* 5c8d54b Adding instructions on how to contribute
*   4c003d6 Merge branch 'add-copyright'
|\  
| * cb0b1e6 Adding copyright notice to Readme
| * 5d8003f Adding copyright notice
|/  
* e6502e6 Changing title of Html file
* e6aa2aa (Develop) Update echo witch changes from compare section
* 1e71dd3 Adding introduction text
* c2a8f53 Adding new section : Deployment
* ae42085 Adding README File
* 609ab76 Excluding log file directory
* e22e48a deleting level1 and all children
* 26fa7ee Deleting new file
* 4c9de43 Ranamed level1-files to level1
* 9c595b0 Renaming level2 file
* 56873a1 Ranaming level3 file
* 8b87d2c Add file recursively
* 33863d0 More ipsum for hipsters
* e3bff9d Update
* ef95a4b My first commit q exit back
* 6452db7 Update ignore file
* 7268cf6 Adding git ignore file to exclude unwanted files
* 40f982a update
* c23232c Git Complete coding practice
* 499e71c deleting level1 and level1 all children
* 6c4645f Delete hipster.txt
* 47d52b0 Deleting new file
* 251d8f8 Renaming level1 file
* c52f2cd Moving level2 file back to level 2 directory
* 253976d Moving level2 to level3
* 9ee8041 renaming level2 file
* 7852665 renaming level3 file
* b085f28 Renamed
* 1537c43 Adding several files recursively
* 0a85e8f more ipsum from hipsters
* a75aa77 Adding new file
* 694dae8 Adding more ipsum text
* a8a944a My first commit
*   4beb7f0 Merge pull request #6 from jasongtaylor/feature-readme
|\  
| * e73f914 Adding Purpose section to README
| * 34f563b Adding README file
|/  
* 5c05047 Copying files from initializr project zip file and then creating simple.html as basis for super simple pages
kejingeng@kejins-MacBook-Pro starter-web % mate simple.html
kejingeng@kejins-MacBook-Pro starter-web % git commit -am "adding changes after rebasing conflict"
[bigtrouble ad248bc] adding changes after rebasing conflict
 Committer: kejin geng <kejingeng@kejins-MacBook-Pro.local>
Your name and email address were configured automatically based
on your username and hostname. Please check that they are accurate.
You can suppress this message by setting them explicitly:

    git config --global user.name "Your Name"
    git config --global user.email you@example.com

After doing this, you may fix the identity used for this commit with:

    git commit --amend --reset-author

 1 file changed, 1 insertion(+), 1 deletion(-)
kejingeng@kejins-MacBook-Pro starter-web % git checkout master
Switched to branch 'master'
Your branch is ahead of 'origin/master' by 6 commits.
  (use "git push" to publish your local commits)
kejingeng@kejins-MacBook-Pro starter-web % git merge bigtrouble
Updating 9495b00..ad248bc
Fast-forward
 simple.html | 2 +-
 1 file changed, 1 insertion(+), 1 deletion(-)
kejingeng@kejins-MacBook-Pro starter-web % git log --oneline --graph --decorate --all             
* ad248bc (HEAD -> master, bigtrouble) adding changes after rebasing conflict
* d1beac4 fb adding some trouble to simple.html
* 9495b00 mb comflicting changes brewing
* fb69eb3 mb before rebase conflicts
* f85d6e6 Adding another change after rebase
* bb77891 Adding another change after rebase
* fba85c4 Thanks all my students
* 2340d9c adding oneliner to README for rebase example
* 36da9d4 (origin/master, origin/HEAD) update hipster.txt
* d29500e updating ignore file to exclude merge temp file
*   ceefb10 Done resolving merge conflicts
|\  
| * 48c98e3 Making change to simple.html
* | e28972c Adding conflict changes on purpose for git example
|/  
* 5c8d54b Adding instructions on how to contribute
*   4c003d6 Merge branch 'add-copyright'
|\  
| * cb0b1e6 Adding copyright notice to Readme
| * 5d8003f Adding copyright notice
|/  
* e6502e6 Changing title of Html file
* e6aa2aa (Develop) Update echo witch changes from compare section
* 1e71dd3 Adding introduction text
* c2a8f53 Adding new section : Deployment
* ae42085 Adding README File
* 609ab76 Excluding log file directory
* e22e48a deleting level1 and all children
* 26fa7ee Deleting new file
* 4c9de43 Ranamed level1-files to level1
* 9c595b0 Renaming level2 file
* 56873a1 Ranaming level3 file
* 8b87d2c Add file recursively
* 33863d0 More ipsum for hipsters
* e3bff9d Update
* ef95a4b My first commit q exit back
* 6452db7 Update ignore file
* 7268cf6 Adding git ignore file to exclude unwanted files
* 40f982a update
* c23232c Git Complete coding practice
* 499e71c deleting level1 and level1 all children
* 6c4645f Delete hipster.txt
* 47d52b0 Deleting new file
* 251d8f8 Renaming level1 file
* c52f2cd Moving level2 file back to level 2 directory
* 253976d Moving level2 to level3
* 9ee8041 renaming level2 file
* 7852665 renaming level3 file
* b085f28 Renamed
* 1537c43 Adding several files recursively
* 0a85e8f more ipsum from hipsters
* a75aa77 Adding new file
* 694dae8 Adding more ipsum text
* a8a944a My first commit
*   4beb7f0 Merge pull request #6 from jasongtaylor/feature-readme
|\  
| * e73f914 Adding Purpose section to README
| * 34f563b Adding README file
|/  
* 5c05047 Copying files from initializr project zip file and then creating simple.html as basis for super simple pages
kejingeng@kejins-MacBook-Pro starter-web % git status
On branch master
Your branch is ahead of 'origin/master' by 8 commits.
  (use "git push" to publish your local commits)

nothing to commit, working tree clean
kejingeng@kejins-MacBook-Pro starter-web % git pull origin master
hint: Pulling without specifying how to reconcile divergent branches is
hint: discouraged. You can squelch this message by running one of the following
hint: commands sometime before your next pull:
hint: 
hint:   git config pull.rebase false  # merge (the default strategy)
hint:   git config pull.rebase true   # rebase
hint:   git config pull.ff only       # fast-forward only
hint: 
hint: You can replace "git config" with "git config --global" to set a default
hint: preference for all repositories. You can also pass --rebase, --no-rebase,
hint: or --ff-only on the command line to override the configured default per
hint: invocation.
From https://github.com/NobodyKJ/starter-web
 * branch            master     -> FETCH_HEAD
Already up to date.
kejingeng@kejins-MacBook-Pro starter-web % mate hipster.txt
kejingeng@kejins-MacBook-Pro starter-web % git commmit -am "update hipster.txt"
git: 'commmit' is not a git command. See 'git --help'.

The most similar command is
	commit
kejingeng@kejins-MacBook-Pro starter-web % git status
On branch master
Your branch is ahead of 'origin/master' by 8 commits.
  (use "git push" to publish your local commits)

Changes not staged for commit:
  (use "git add <file>..." to update what will be committed)
  (use "git restore <file>..." to discard changes in working directory)
	modified:   hipster.txt

no changes added to commit (use "git add" and/or "git commit -a")
kejingeng@kejins-MacBook-Pro starter-web % git commit -am "update hipster.txt" 
[master 39814fb] update hipster.txt
 Committer: kejin geng <kejingeng@kejins-MacBook-Pro.local>
Your name and email address were configured automatically based
on your username and hostname. Please check that they are accurate.
You can suppress this message by setting them explicitly:

    git config --global user.name "Your Name"
    git config --global user.email you@example.com

After doing this, you may fix the identity used for this commit with:

    git commit --amend --reset-author

 1 file changed, 875 insertions(+)
kejingeng@kejins-MacBook-Pro starter-web % git status
On branch master
Your branch is ahead of 'origin/master' by 9 commits.
  (use "git push" to publish your local commits)

nothing to commit, working tree clean
kejingeng@kejins-MacBook-Pro starter-web % git push origin master
Enumerating objects: 32, done.
Counting objects: 100% (32/32), done.
Delta compression using up to 12 threads
Compressing objects: 100% (27/27), done.
Writing objects: 100% (27/27), 5.27 KiB | 1.76 MiB/s, done.
Total 27 (delta 18), reused 0 (delta 0), pack-reused 0
remote: Resolving deltas: 100% (18/18), completed with 5 local objects.
To https://github.com/NobodyKJ/starter-web.git
   36da9d4..39814fb  master -> master
kejingeng@kejins-MacBook-Pro starter-web % mate simple.html
kejingeng@kejins-MacBook-Pro starter-web % git commit -am "local: updating simple.html copyright" 
[master 9601ca4] local: updating simple.html copyright
 Committer: kejin geng <kejingeng@kejins-MacBook-Pro.local>
Your name and email address were configured automatically based
on your username and hostname. Please check that they are accurate.
You can suppress this message by setting them explicitly:

    git config --global user.name "Your Name"
    git config --global user.email you@example.com

After doing this, you may fix the identity used for this commit with:

    git commit --amend --reset-author

 1 file changed, 1 insertion(+), 1 deletion(-)
kejingeng@kejins-MacBook-Pro starter-web % git status
On branch master
Your branch is ahead of 'origin/master' by 1 commit.
  (use "git push" to publish your local commits)

nothing to commit, working tree clean
kejingeng@kejins-MacBook-Pro starter-web % git fetch origin master
remote: Enumerating objects: 5, done.
remote: Counting objects: 100% (5/5), done.
remote: Compressing objects: 100% (2/2), done.
remote: Total 3 (delta 2), reused 1 (delta 1), pack-reused 0
Unpacking objects: 100% (3/3), 691 bytes | 115.00 KiB/s, done.
From https://github.com/NobodyKJ/starter-web
 * branch            master     -> FETCH_HEAD
   39814fb..d64c991  master     -> origin/master
kejingeng@kejins-MacBook-Pro starter-web % git pull --rebase origin master
From https://github.com/NobodyKJ/starter-web
 * branch            master     -> FETCH_HEAD
Successfully rebased and updated refs/heads/master.
kejingeng@kejins-MacBook-Pro starter-web % git status
On branch master
Your branch is ahead of 'origin/master' by 1 commit.
  (use "git push" to publish your local commits)

nothing to commit, working tree clean
kejingeng@kejins-MacBook-Pro starter-web % git log --oneline --graph --decorate --all
* 7fecd3c (HEAD -> master) local: updating simple.html copyright
* d64c991 (origin/master, origin/HEAD) remote : minor changes to index.html file
* 39814fb update hipster.txt
* ad248bc (bigtrouble) adding changes after rebasing conflict
* d1beac4 fb adding some trouble to simple.html
* 9495b00 mb comflicting changes brewing
* fb69eb3 mb before rebase conflicts
* f85d6e6 Adding another change after rebase
* bb77891 Adding another change after rebase
* fba85c4 Thanks all my students
* 2340d9c adding oneliner to README for rebase example
* 36da9d4 update hipster.txt
* d29500e updating ignore file to exclude merge temp file
*   ceefb10 Done resolving merge conflicts
|\  
| * 48c98e3 Making change to simple.html
* | e28972c Adding conflict changes on purpose for git example
|/  
* 5c8d54b Adding instructions on how to contribute
*   4c003d6 Merge branch 'add-copyright'
|\  
| * cb0b1e6 Adding copyright notice to Readme
| * 5d8003f Adding copyright notice
|/  
* e6502e6 Changing title of Html file
* e6aa2aa (Develop) Update echo witch changes from compare section
* 1e71dd3 Adding introduction text
* c2a8f53 Adding new section : Deployment
* ae42085 Adding README File
* 609ab76 Excluding log file directory
* e22e48a deleting level1 and all children
* 26fa7ee Deleting new file
* 4c9de43 Ranamed level1-files to level1
* 9c595b0 Renaming level2 file
* 56873a1 Ranaming level3 file
* 8b87d2c Add file recursively
* 33863d0 More ipsum for hipsters
* e3bff9d Update
* ef95a4b My first commit q exit back
* 6452db7 Update ignore file
* 7268cf6 Adding git ignore file to exclude unwanted files
* 40f982a update
* c23232c Git Complete coding practice
* 499e71c deleting level1 and level1 all children
* 6c4645f Delete hipster.txt
* 47d52b0 Deleting new file
* 251d8f8 Renaming level1 file
* c52f2cd Moving level2 file back to level 2 directory
* 253976d Moving level2 to level3
* 9ee8041 renaming level2 file
* 7852665 renaming level3 file
* b085f28 Renamed
* 1537c43 Adding several files recursively
* 0a85e8f more ipsum from hipsters
* a75aa77 Adding new file
* 694dae8 Adding more ipsum text
* a8a944a My first commit
*   4beb7f0 Merge pull request #6 from jasongtaylor/feature-readme
|\  
| * e73f914 Adding Purpose section to README
| * 34f563b Adding README file
|/  
* 5c05047 Copying files from initializr project zip file and then creating simple.html as basis for super simple pages
kejingeng@kejins-MacBook-Pro starter-web % git branch
  Develop
  bigtrouble
* master
kejingeng@kejins-MacBook-Pro starter-web % mate hipster.txt
kejingeng@kejins-MacBook-Pro starter-web % git commit -am "update hipster.txt" 
[master e4cbc8c] update hipster.txt
 Committer: kejin geng <kejingeng@kejins-MacBook-Pro.local>
Your name and email address were configured automatically based
on your username and hostname. Please check that they are accurate.
You can suppress this message by setting them explicitly:

    git config --global user.name "Your Name"
    git config --global user.email you@example.com

After doing this, you may fix the identity used for this commit with:

    git commit --amend --reset-author

 1 file changed, 157 insertions(+)
kejingeng@kejins-MacBook-Pro starter-web % git branch
  Develop
  bigtrouble
* master
kejingeng@kejins-MacBook-Pro starter-web % git branch -d bigtrouble
Deleted branch bigtrouble (was ad248bc).
kejingeng@kejins-MacBook-Pro starter-web % git pull origin master
hint: Pulling without specifying how to reconcile divergent branches is
hint: discouraged. You can squelch this message by running one of the following
hint: commands sometime before your next pull:
hint: 
hint:   git config pull.rebase false  # merge (the default strategy)
hint:   git config pull.rebase true   # rebase
hint:   git config pull.ff only       # fast-forward only
hint: 
hint: You can replace "git config" with "git config --global" to set a default
hint: preference for all repositories. You can also pass --rebase, --no-rebase,
hint: or --ff-only on the command line to override the configured default per
hint: invocation.
From https://github.com/NobodyKJ/starter-web
 * branch            master     -> FETCH_HEAD
Already up to date.
kejingeng@kejins-MacBook-Pro starter-web % git push origin master
Enumerating objects: 9, done.
Counting objects: 100% (9/9), done.
Delta compression using up to 12 threads
Compressing objects: 100% (6/6), done.
Writing objects: 100% (6/6), 1.23 KiB | 1.23 MiB/s, done.
Total 6 (delta 4), reused 0 (delta 0), pack-reused 0
remote: Resolving deltas: 100% (4/4), completed with 3 local objects.
To https://github.com/NobodyKJ/starter-web.git
   d64c991..e4cbc8c  master -> master
kejingeng@kejins-MacBook-Pro starter-web % mate simple.html
kejingeng@kejins-MacBook-Pro starter-web % git status
On branch master
Your branch is up to date with 'origin/master'.

Changes not staged for commit:
  (use "git add <file>..." to update what will be committed)
  (use "git restore <file>..." to discard changes in working directory)
	modified:   simple.html

no changes added to commit (use "git add" and/or "git commit -a")
kejingeng@kejins-MacBook-Pro starter-web % git stash 
Saved working directory and index state WIP on master: e4cbc8c update hipster.txt
kejingeng@kejins-MacBook-Pro starter-web % mate simple.html
kejingeng@kejins-MacBook-Pro starter-web % mate README.md
kejingeng@kejins-MacBook-Pro starter-web % git commit -am "Quick fix in production to imporve copyright notices"
[master 7b44805] Quick fix in production to imporve copyright notices
 Committer: kejin geng <kejingeng@kejins-MacBook-Pro.local>
Your name and email address were configured automatically based
on your username and hostname. Please check that they are accurate.
You can suppress this message by setting them explicitly:

    git config --global user.name "Your Name"
    git config --global user.email you@example.com

After doing this, you may fix the identity used for this commit with:

    git commit --amend --reset-author

 1 file changed, 1 insertion(+), 1 deletion(-)
kejingeng@kejins-MacBook-Pro starter-web % git status
On branch master
Your branch is ahead of 'origin/master' by 1 commit.
  (use "git push" to publish your local commits)

nothing to commit, working tree clean
kejingeng@kejins-MacBook-Pro starter-web % git stash apply
On branch master
Your branch is ahead of 'origin/master' by 1 commit.
  (use "git push" to publish your local commits)

Changes not staged for commit:
  (use "git add <file>..." to update what will be committed)
  (use "git restore <file>..." to discard changes in working directory)
	modified:   simple.html

no changes added to commit (use "git add" and/or "git commit -a")
kejingeng@kejins-MacBook-Pro starter-web % mate simple.html
kejingeng@kejins-MacBook-Pro starter-web % git commit -am "Done with simple.html updates"
[master 350a504] Done with simple.html updates
 Committer: kejin geng <kejingeng@kejins-MacBook-Pro.local>
Your name and email address were configured automatically based
on your username and hostname. Please check that they are accurate.
You can suppress this message by setting them explicitly:

    git config --global user.name "Your Name"
    git config --global user.email you@example.com

After doing this, you may fix the identity used for this commit with:

    git commit --amend --reset-author

 1 file changed, 2 insertions(+), 3 deletions(-)
kejingeng@kejins-MacBook-Pro starter-web % git stash list 
stash@{0}: WIP on master: e4cbc8c update hipster.txt
kejingeng@kejins-MacBook-Pro starter-web % git stash drop
Dropped refs/stash@{0} (a1c4b68814dc272d6c07a122a70424b2d8703240)
kejingeng@kejins-MacBook-Pro starter-web % git ls-files
.DS_Store
.gitignore
.htaccess
404.html
README.md
apple-touch-icon-precomposed.png
crossdomain.xml
css/bootstrap-theme.css
css/bootstrap-theme.css.map
css/bootstrap-theme.min.css
css/bootstrap.css
css/bootstrap.css.map
css/bootstrap.min.css
css/main.css
favicon.ico
fonts/glyphicons-halflings-regular.eot
fonts/glyphicons-halflings-regular.svg
fonts/glyphicons-halflings-regular.ttf
fonts/glyphicons-halflings-regular.woff
hipster.txt
humans.txt
index.html
js/main.js
js/plugins.js
js/vendor/bootstrap.js
js/vendor/bootstrap.min.js
js/vendor/jquery-1.11.0.min.js
js/vendor/modernizr-2.6.2-respond-1.1.0.min.js
robots.txt
simple.html
kejingeng@kejins-MacBook-Pro starter-web % mate humans.txt
kejingeng@kejins-MacBook-Pro starter-web % git status
On branch master
Your branch is ahead of 'origin/master' by 2 commits.
  (use "git push" to publish your local commits)

Changes not staged for commit:
  (use "git add <file>..." to update what will be committed)
  (use "git restore <file>..." to discard changes in working directory)
	modified:   humans.txt

no changes added to commit (use "git add" and/or "git commit -a")
kejingeng@kejins-MacBook-Pro starter-web % git ANewFile.txt
git: 'ANewFile.txt' is not a git command. See 'git --help'.
kejingeng@kejins-MacBook-Pro starter-web % mate humans.txt
kejingeng@kejins-MacBook-Pro starter-web % git status
On branch master
Your branch is ahead of 'origin/master' by 2 commits.
  (use "git push" to publish your local commits)

Changes not staged for commit:
  (use "git add <file>..." to update what will be committed)
  (use "git restore <file>..." to discard changes in working directory)
	modified:   humans.txt

no changes added to commit (use "git add" and/or "git commit -a")
kejingeng@kejins-MacBook-Pro starter-web % mate ANewFile.txt
kejingeng@kejins-MacBook-Pro starter-web % git status
On branch master
Your branch is ahead of 'origin/master' by 2 commits.
  (use "git push" to publish your local commits)

Changes not staged for commit:
  (use "git add <file>..." to update what will be committed)
  (use "git restore <file>..." to discard changes in working directory)
	modified:   humans.txt

Untracked files:
  (use "git add <file>..." to include in what will be committed)
	ANewFile.txt

no changes added to commit (use "git add" and/or "git commit -a")
kejingeng@kejins-MacBook-Pro starter-web % git stash
Saved working directory and index state WIP on master: 350a504 Done with simple.html updates
kejingeng@kejins-MacBook-Pro starter-web % git status
On branch master
Your branch is ahead of 'origin/master' by 2 commits.
  (use "git push" to publish your local commits)

Untracked files:
  (use "git add <file>..." to include in what will be committed)
	ANewFile.txt

nothing added to commit but untracked files present (use "git add" to track)
kejingeng@kejins-MacBook-Pro starter-web % git status apply
On branch master
Your branch is ahead of 'origin/master' by 2 commits.
  (use "git push" to publish your local commits)

nothing to commit, working tree clean
kejingeng@kejins-MacBook-Pro starter-web % git status
On branch master
Your branch is ahead of 'origin/master' by 2 commits.
  (use "git push" to publish your local commits)

Untracked files:
  (use "git add <file>..." to include in what will be committed)
	ANewFile.txt

nothing added to commit but untracked files present (use "git add" to track)
kejingeng@kejins-MacBook-Pro starter-web % mate humans.txt
kejingeng@kejins-MacBook-Pro starter-web % git status
On branch master
Your branch is ahead of 'origin/master' by 2 commits.
  (use "git push" to publish your local commits)

Untracked files:
  (use "git add <file>..." to include in what will be committed)
	ANewFile.txt

nothing added to commit but untracked files present (use "git add" to track)
kejingeng@kejins-MacBook-Pro starter-web % git stash apply    
On branch master
Your branch is ahead of 'origin/master' by 2 commits.
  (use "git push" to publish your local commits)

Changes not staged for commit:
  (use "git add <file>..." to update what will be committed)
  (use "git restore <file>..." to discard changes in working directory)
	modified:   humans.txt

Untracked files:
  (use "git add <file>..." to include in what will be committed)
	ANewFile.txt

no changes added to commit (use "git add" and/or "git commit -a")
kejingeng@kejins-MacBook-Pro starter-web % git stash drop
Dropped refs/stash@{0} (dbe91e4f8b4b11f29b304201041ed3abbce8e78f)
kejingeng@kejins-MacBook-Pro starter-web % git status
On branch master
Your branch is ahead of 'origin/master' by 2 commits.
  (use "git push" to publish your local commits)

Changes not staged for commit:
  (use "git add <file>..." to update what will be committed)
  (use "git restore <file>..." to discard changes in working directory)
	modified:   humans.txt

Untracked files:
  (use "git add <file>..." to include in what will be committed)
	ANewFile.txt

no changes added to commit (use "git add" and/or "git commit -a")
kejingeng@kejins-MacBook-Pro starter-web % git stash list
kejingeng@kejins-MacBook-Pro starter-web % git stash -u
Saved working directory and index state WIP on master: 350a504 Done with simple.html updates
kejingeng@kejins-MacBook-Pro starter-web % git stash list
stash@{0}: WIP on master: 350a504 Done with simple.html updates
kejingeng@kejins-MacBook-Pro starter-web % mate README.md
kejingeng@kejins-MacBook-Pro starter-web % git commit -am "Quick fix after stash on README file"
[master fdc4b56] Quick fix after stash on README file
 Committer: kejin geng <kejingeng@kejins-MacBook-Pro.local>
Your name and email address were configured automatically based
on your username and hostname. Please check that they are accurate.
You can suppress this message by setting them explicitly:

    git config --global user.name "Your Name"
    git config --global user.email you@example.com

After doing this, you may fix the identity used for this commit with:

    git commit --amend --reset-author

 1 file changed, 1 insertion(+), 1 deletion(-)
kejingeng@kejins-MacBook-Pro starter-web % git stash pop
On branch master
Your branch is ahead of 'origin/master' by 3 commits.
  (use "git push" to publish your local commits)

Changes not staged for commit:
  (use "git add <file>..." to update what will be committed)
  (use "git restore <file>..." to discard changes in working directory)
	modified:   humans.txt

Untracked files:
  (use "git add <file>..." to include in what will be committed)
	ANewFile.txt

no changes added to commit (use "git add" and/or "git commit -a")
Dropped refs/stash@{0} (64e3eb42507b7a501a92b5b8706a5ae9e08e8ead)
kejingeng@kejins-MacBook-Pro starter-web % git status
On branch master
Your branch is ahead of 'origin/master' by 3 commits.
  (use "git push" to publish your local commits)

Changes not staged for commit:
  (use "git add <file>..." to update what will be committed)
  (use "git restore <file>..." to discard changes in working directory)
	modified:   humans.txt

Untracked files:
  (use "git add <file>..." to include in what will be committed)
	ANewFile.txt

no changes added to commit (use "git add" and/or "git commit -a")
kejingeng@kejins-MacBook-Pro starter-web % rm ANewFile.txt
kejingeng@kejins-MacBook-Pro starter-web % git status
On branch master
Your branch is ahead of 'origin/master' by 3 commits.
  (use "git push" to publish your local commits)

Changes not staged for commit:
  (use "git add <file>..." to update what will be committed)
  (use "git restore <file>..." to discard changes in working directory)
	modified:   humans.txt

no changes added to commit (use "git add" and/or "git commit -a")
kejingeng@kejins-MacBook-Pro starter-web % git commit -am "update to humans files after stash pop"
[master 7f45be2] update to humans files after stash pop
 Committer: kejin geng <kejingeng@kejins-MacBook-Pro.local>
Your name and email address were configured automatically based
on your username and hostname. Please check that they are accurate.
You can suppress this message by setting them explicitly:

    git config --global user.name "Your Name"
    git config --global user.email you@example.com

After doing this, you may fix the identity used for this commit with:

    git commit --amend --reset-author

 1 file changed, 1 insertion(+), 1 deletion(-)
kejingeng@kejins-MacBook-Pro starter-web % git status
On branch master
Your branch is ahead of 'origin/master' by 4 commits.
  (use "git push" to publish your local commits)

nothing to commit, working tree clean
kejingeng@kejins-MacBook-Pro starter-web % mate simple.html
kejingeng@kejins-MacBook-Pro starter-web % git stash save "Simple changes"
Saved working directory and index state On master: Simple changes
kejingeng@kejins-MacBook-Pro starter-web % mate index.html
kejingeng@kejins-MacBook-Pro starter-web % git stash save "index changes"
Saved working directory and index state On master: index changes
kejingeng@kejins-MacBook-Pro starter-web % mate README.md
kejingeng@kejins-MacBook-Pro starter-web % git stash save "README changes"
Saved working directory and index state On master: README changes
kejingeng@kejins-MacBook-Pro starter-web % git stash list                 
stash@{0}: On master: README changes
stash@{1}: On master: index changes
stash@{2}: On master: Simple changes
kejingeng@kejins-MacBook-Pro starter-web % git stash show
 README.md | 2 +-
 1 file changed, 1 insertion(+), 1 deletion(-)
kejingeng@kejins-MacBook-Pro starter-web % git stash show stash@{1}
 index.html | 2 +-
 1 file changed, 1 insertion(+), 1 deletion(-)
kejingeng@kejins-MacBook-Pro starter-web % git status
On branch master
Your branch is ahead of 'origin/master' by 4 commits.
  (use "git push" to publish your local commits)

nothing to commit, working tree clean
kejingeng@kejins-MacBook-Pro starter-web % git stash apply stash@{1}
On branch master
Your branch is ahead of 'origin/master' by 4 commits.
  (use "git push" to publish your local commits)

Changes not staged for commit:
  (use "git add <file>..." to update what will be committed)
  (use "git restore <file>..." to discard changes in working directory)
	modified:   index.html

no changes added to commit (use "git add" and/or "git commit -a")
kejingeng@kejins-MacBook-Pro starter-web % git stash drop stash@{1}
Dropped stash@{1} (eb4e534c9860f9d2921950cdf79e448f14a121db)
kejingeng@kejins-MacBook-Pro starter-web % git stash list
stash@{0}: On master: README changes
stash@{1}: On master: Simple changes
kejingeng@kejins-MacBook-Pro starter-web % git stash clear
kejingeng@kejins-MacBook-Pro starter-web % git stash list
kejingeng@kejins-MacBook-Pro starter-web % git status
On branch master
Your branch is ahead of 'origin/master' by 4 commits.
  (use "git push" to publish your local commits)

Changes not staged for commit:
  (use "git add <file>..." to update what will be committed)
  (use "git restore <file>..." to discard changes in working directory)
	modified:   index.html

no changes added to commit (use "git add" and/or "git commit -a")
kejingeng@kejins-MacBook-Pro starter-web % git stash list
kejingeng@kejins-MacBook-Pro starter-web % mate simple.html
kejingeng@kejins-MacBook-Pro starter-web % mate humans.txt
kejingeng@kejins-MacBook-Pro starter-web % git status
On branch master
Your branch is ahead of 'origin/master' by 4 commits.
  (use "git push" to publish your local commits)

Changes not staged for commit:
  (use "git add <file>..." to update what will be committed)
  (use "git restore <file>..." to discard changes in working directory)
	modified:   humans.txt
	modified:   index.html
	modified:   simple.html

no changes added to commit (use "git add" and/or "git commit -a")
kejingeng@kejins-MacBook-Pro starter-web % git add index.html
kejingeng@kejins-MacBook-Pro starter-web % git status
On branch master
Your branch is ahead of 'origin/master' by 4 commits.
  (use "git push" to publish your local commits)

Changes to be committed:
  (use "git restore --staged <file>..." to unstage)
	modified:   index.html

Changes not staged for commit:
  (use "git add <file>..." to update what will be committed)
  (use "git restore <file>..." to discard changes in working directory)
	modified:   humans.txt
	modified:   simple.html

kejingeng@kejins-MacBook-Pro starter-web % mate new.md
kejingeng@kejins-MacBook-Pro starter-web % git status
On branch master
Your branch is ahead of 'origin/master' by 4 commits.
  (use "git push" to publish your local commits)

Changes to be committed:
  (use "git restore --staged <file>..." to unstage)
	modified:   index.html

Changes not staged for commit:
  (use "git add <file>..." to update what will be committed)
  (use "git restore <file>..." to discard changes in working directory)
	modified:   humans.txt
	modified:   simple.html

Untracked files:
  (use "git add <file>..." to include in what will be committed)
	new.md

kejingeng@kejins-MacBook-Pro starter-web % git stash -u
Saved working directory and index state WIP on master: 7f45be2 update to humans files after stash pop
kejingeng@kejins-MacBook-Pro starter-web % git status
On branch master
Your branch is ahead of 'origin/master' by 4 commits.
  (use "git push" to publish your local commits)

nothing to commit, working tree clean
kejingeng@kejins-MacBook-Pro starter-web % git stash branch newChanges 
Switched to a new branch 'newChanges'
On branch newChanges
Changes to be committed:
  (use "git restore --staged <file>..." to unstage)
	modified:   index.html

Changes not staged for commit:
  (use "git add <file>..." to update what will be committed)
  (use "git restore <file>..." to discard changes in working directory)
	modified:   humans.txt
	modified:   simple.html

Untracked files:
  (use "git add <file>..." to include in what will be committed)
	new.md

Dropped refs/stash@{0} (7445a99423cdabed94f61290335fdbad1fa6f81d)
kejingeng@kejins-MacBook-Pro starter-web % git stash list
kejingeng@kejins-MacBook-Pro starter-web % git status
On branch newChanges
Changes to be committed:
  (use "git restore --staged <file>..." to unstage)
	modified:   index.html

Changes not staged for commit:
  (use "git add <file>..." to update what will be committed)
  (use "git restore <file>..." to discard changes in working directory)
	modified:   humans.txt
	modified:   simple.html

Untracked files:
  (use "git add <file>..." to include in what will be committed)
	new.md

kejingeng@kejins-MacBook-Pro starter-web % rm new.md
kejingeng@kejins-MacBook-Pro starter-web % git add .
kejingeng@kejins-MacBook-Pro starter-web % git status
On branch newChanges
Changes to be committed:
  (use "git restore --staged <file>..." to unstage)
	modified:   humans.txt
	modified:   index.html
	modified:   simple.html

kejingeng@kejins-MacBook-Pro starter-web % git commit -am "Changes after git-stash-branch command"
[newChanges c98ffe6] Changes after git-stash-branch command
 Committer: kejin geng <kejingeng@kejins-MacBook-Pro.local>
Your name and email address were configured automatically based
on your username and hostname. Please check that they are accurate.
You can suppress this message by setting them explicitly:

    git config --global user.name "Your Name"
    git config --global user.email you@example.com

After doing this, you may fix the identity used for this commit with:

    git commit --amend --reset-author

 3 files changed, 3 insertions(+), 2 deletions(-)
kejingeng@kejins-MacBook-Pro starter-web % git checkout master
Switched to branch 'master'
Your branch is ahead of 'origin/master' by 4 commits.
  (use "git push" to publish your local commits)
kejingeng@kejins-MacBook-Pro starter-web % git merge newChanges
Updating 7f45be2..c98ffe6
Fast-forward
 humans.txt  | 1 +
 index.html  | 2 +-
 simple.html | 2 +-
 3 files changed, 3 insertions(+), 2 deletions(-)
kejingeng@kejins-MacBook-Pro starter-web % git branch -d newChanges 
Deleted branch newChanges (was c98ffe6).
kejingeng@kejins-MacBook-Pro starter-web % git branch
  Develop
* master
kejingeng@kejins-MacBook-Pro starter-web % mate hipster.txt
kejingeng@kejins-MacBook-Pro starter-web % git commit -am "Update hipster.txt"
[master 05df8a0] Update hipster.txt
 Committer: kejin geng <kejingeng@kejins-MacBook-Pro.local>
Your name and email address were configured automatically based
on your username and hostname. Please check that they are accurate.
You can suppress this message by setting them explicitly:

    git config --global user.name "Your Name"
    git config --global user.email you@example.com

After doing this, you may fix the identity used for this commit with:

    git commit --amend --reset-author

 1 file changed, 535 insertions(+)
kejingeng@kejins-MacBook-Pro starter-web % git pull origin master
hint: Pulling without specifying how to reconcile divergent branches is
hint: discouraged. You can squelch this message by running one of the following
hint: commands sometime before your next pull:
hint: 
hint:   git config pull.rebase false  # merge (the default strategy)
hint:   git config pull.rebase true   # rebase
hint:   git config pull.ff only       # fast-forward only
hint: 
hint: You can replace "git config" with "git config --global" to set a default
hint: preference for all repositories. You can also pass --rebase, --no-rebase,
hint: or --ff-only on the command line to override the configured default per
hint: invocation.
From https://github.com/NobodyKJ/starter-web
 * branch            master     -> FETCH_HEAD
Already up to date.
kejingeng@kejins-MacBook-Pro starter-web % git push origin master 
Enumerating objects: 26, done.
Counting objects: 100% (26/26), done.
Delta compression using up to 12 threads
Compressing objects: 100% (20/20), done.
Writing objects: 100% (20/20), 3.61 KiB | 1.80 MiB/s, done.
Total 20 (delta 14), reused 0 (delta 0), pack-reused 0
remote: Resolving deltas: 100% (14/14), completed with 6 local objects.
To https://github.com/NobodyKJ/starter-web.git
   e4cbc8c..05df8a0  master -> master
kejingeng@kejins-MacBook-Pro starter-web % git log --oneline --graph --decorate --all
* 05df8a0 (HEAD -> master, origin/master, origin/HEAD) Update hipster.txt
* c98ffe6 Changes after git-stash-branch command
* 7f45be2 update to humans files after stash pop
* fdc4b56 Quick fix after stash on README file
* 350a504 Done with simple.html updates
* 7b44805 Quick fix in production to imporve copyright notices
* e4cbc8c update hipster.txt
* 7fecd3c local: updating simple.html copyright
* d64c991 remote : minor changes to index.html file
* 39814fb update hipster.txt
* ad248bc adding changes after rebasing conflict
* d1beac4 fb adding some trouble to simple.html
* 9495b00 mb comflicting changes brewing
* fb69eb3 mb before rebase conflicts
* f85d6e6 Adding another change after rebase
* bb77891 Adding another change after rebase
* fba85c4 Thanks all my students
* 2340d9c adding oneliner to README for rebase example
* 36da9d4 update hipster.txt
* d29500e updating ignore file to exclude merge temp file
*   ceefb10 Done resolving merge conflicts
|\  
| * 48c98e3 Making change to simple.html
* | e28972c Adding conflict changes on purpose for git example
|/  
* 5c8d54b Adding instructions on how to contribute
*   4c003d6 Merge branch 'add-copyright'
|\  
| * cb0b1e6 Adding copyright notice to Readme
| * 5d8003f Adding copyright notice
|/  
* e6502e6 Changing title of Html file
* e6aa2aa (Develop) Update echo witch changes from compare section
* 1e71dd3 Adding introduction text
* c2a8f53 Adding new section : Deployment
* ae42085 Adding README File
* 609ab76 Excluding log file directory
* e22e48a deleting level1 and all children
* 26fa7ee Deleting new file
* 4c9de43 Ranamed level1-files to level1
* 9c595b0 Renaming level2 file
* 56873a1 Ranaming level3 file
* 8b87d2c Add file recursively
* 33863d0 More ipsum for hipsters
* e3bff9d Update
* ef95a4b My first commit q exit back
* 6452db7 Update ignore file
* 7268cf6 Adding git ignore file to exclude unwanted files
* 40f982a update
* c23232c Git Complete coding practice
* 499e71c deleting level1 and level1 all children
* 6c4645f Delete hipster.txt
* 47d52b0 Deleting new file
* 251d8f8 Renaming level1 file
* c52f2cd Moving level2 file back to level 2 directory
* 253976d Moving level2 to level3
* 9ee8041 renaming level2 file
* 7852665 renaming level3 file
* b085f28 Renamed
* 1537c43 Adding several files recursively
* 0a85e8f more ipsum from hipsters
* a75aa77 Adding new file
* 694dae8 Adding more ipsum text
* a8a944a My first commit
*   4beb7f0 Merge pull request #6 from jasongtaylor/feature-readme
|\  
| * e73f914 Adding Purpose section to README
| * 34f563b Adding README file
|/  
* 5c05047 Copying files from initializr project zip file and then creating simple.html as basis for super simple pages
kejingeng@kejins-MacBook-Pro starter-web % git tag myTag
kejingeng@kejins-MacBook-Pro starter-web % git log --oneline --graph --decorate --all
* 05df8a0 (HEAD -> master, tag: myTag, origin/master, origin/HEAD) Update hipster.txt
* c98ffe6 Changes after git-stash-branch command
* 7f45be2 update to humans files after stash pop
* fdc4b56 Quick fix after stash on README file
* 350a504 Done with simple.html updates
* 7b44805 Quick fix in production to imporve copyright notices
* e4cbc8c update hipster.txt
* 7fecd3c local: updating simple.html copyright
* d64c991 remote : minor changes to index.html file
* 39814fb update hipster.txt
* ad248bc adding changes after rebasing conflict
* d1beac4 fb adding some trouble to simple.html
* 9495b00 mb comflicting changes brewing
* fb69eb3 mb before rebase conflicts
* f85d6e6 Adding another change after rebase
* bb77891 Adding another change after rebase
* fba85c4 Thanks all my students
* 2340d9c adding oneliner to README for rebase example
* 36da9d4 update hipster.txt
* d29500e updating ignore file to exclude merge temp file
*   ceefb10 Done resolving merge conflicts
|\  
| * 48c98e3 Making change to simple.html
* | e28972c Adding conflict changes on purpose for git example
|/  
* 5c8d54b Adding instructions on how to contribute
*   4c003d6 Merge branch 'add-copyright'
|\  
| * cb0b1e6 Adding copyright notice to Readme
| * 5d8003f Adding copyright notice
|/  
* e6502e6 Changing title of Html file
* e6aa2aa (Develop) Update echo witch changes from compare section
* 1e71dd3 Adding introduction text
* c2a8f53 Adding new section : Deployment
* ae42085 Adding README File
* 609ab76 Excluding log file directory
* e22e48a deleting level1 and all children
* 26fa7ee Deleting new file
* 4c9de43 Ranamed level1-files to level1
* 9c595b0 Renaming level2 file
* 56873a1 Ranaming level3 file
* 8b87d2c Add file recursively
* 33863d0 More ipsum for hipsters
* e3bff9d Update
* ef95a4b My first commit q exit back
* 6452db7 Update ignore file
* 7268cf6 Adding git ignore file to exclude unwanted files
* 40f982a update
* c23232c Git Complete coding practice
* 499e71c deleting level1 and level1 all children
* 6c4645f Delete hipster.txt
* 47d52b0 Deleting new file
* 251d8f8 Renaming level1 file
* c52f2cd Moving level2 file back to level 2 directory
* 253976d Moving level2 to level3
* 9ee8041 renaming level2 file
* 7852665 renaming level3 file
* b085f28 Renamed
* 1537c43 Adding several files recursively
* 0a85e8f more ipsum from hipsters
* a75aa77 Adding new file
* 694dae8 Adding more ipsum text
* a8a944a My first commit
*   4beb7f0 Merge pull request #6 from jasongtaylor/feature-readme
|\  
| * e73f914 Adding Purpose section to README
| * 34f563b Adding README file
|/  
* 5c05047 Copying files from initializr project zip file and then creating simple.html as basis for super simple pages
kejingeng@kejins-MacBook-Pro starter-web % git tag --list
myTag
kejingeng@kejins-MacBook-Pro starter-web % git show myTag
commit 05df8a0d937dd40d5193b35dc0e532e0382c73f6 (HEAD -> master, tag: myTag, origin/master, origin/HEAD)
Author: kejin geng <kejingeng@kejins-MacBook-Pro.local>
Date:   Fri Sep 24 13:28:14 2021 -0700

    Update hipster.txt

diff --git a/hipster.txt b/hipster.txt
index 68014ac..e15c880 100644
--- a/hipster.txt
+++ b/hipster.txt
@@ -4359,4 +4359,539 @@ kejingeng@kejins-MacBook-Pro starter-web % git branch
   Develop
   bigtrouble
 * master
+kejingeng@kejins-MacBook-Pro starter-web % mate hipster.txt
+kejingeng@kejins-MacBook-Pro starter-web % git commit -am "update hipster.txt" 
+[master e4cbc8c] update hipster.txt
+ Committer: kejin geng <kejingeng@kejins-MacBook-Pro.local>
+Your name and email address were configured automatically based
+on your username and hostname. Please check that they are accurate.
+You can suppress this message by setting them explicitly:
+
+    git config --global user.name "Your Name"
+    git config --global user.email you@example.com
+
+After doing this, you may fix the identity used for this commit with:
+
+    git commit --amend --reset-author
+
+ 1 file changed, 157 insertions(+)
+kejingeng@kejins-MacBook-Pro starter-web % git branch
+  Develop
+  bigtrouble
+* master
+kejingeng@kejins-MacBook-Pro starter-web % git branch -d bigtrouble
+Deleted branch bigtrouble (was ad248bc).
+kejingeng@kejins-MacBook-Pro starter-web % git pull origin master
+hint: Pulling without specifying how to reconcile divergent branches is
+hint: discouraged. You can squelch this message by running one of the following
+hint: commands sometime before your next pull:
+hint: 
+hint:   git config pull.rebase false  # merge (the default strategy)
+hint:   git config pull.rebase true   # rebase
+hint:   git config pull.ff only       # fast-forward only
+hint: 
+hint: You can replace "git config" with "git config --global" to set a default
+hint: preference for all repositories. You can also pass --rebase, --no-rebase,
+hint: or --ff-only on the command line to override the configured default per
+hint: invocation.
+From https://github.com/NobodyKJ/starter-web
+ * branch            master     -> FETCH_HEAD
+Already up to date.
+kejingeng@kejins-MacBook-Pro starter-web % git push origin master
+Enumerating objects: 9, done.
+Counting objects: 100% (9/9), done.
+Delta compression using up to 12 threads
+Compressing objects: 100% (6/6), done.
+Writing objects: 100% (6/6), 1.23 KiB | 1.23 MiB/s, done.
+Total 6 (delta 4), reused 0 (delta 0), pack-reused 0
+remote: Resolving deltas: 100% (4/4), completed with 3 local objects.
+To https://github.com/NobodyKJ/starter-web.git
+   d64c991..e4cbc8c  master -> master
+kejingeng@kejins-MacBook-Pro starter-web % mate simple.html
+kejingeng@kejins-MacBook-Pro starter-web % git status
+On branch master
+Your branch is up to date with 'origin/master'.
+
+Changes not staged for commit:
+  (use "git add <file>..." to update what will be committed)
+  (use "git restore <file>..." to discard changes in working directory)
+       modified:   simple.html
+
+no changes added to commit (use "git add" and/or "git commit -a")
+kejingeng@kejins-MacBook-Pro starter-web % git stash 
+Saved working directory and index state WIP on master: e4cbc8c update hipster.txt
+kejingeng@kejins-MacBook-Pro starter-web % mate simple.html
+kejingeng@kejins-MacBook-Pro starter-web % mate README.md
+kejingeng@kejins-MacBook-Pro starter-web % git commit -am "Quick fix in production to imporve copyright notices"
kejingeng@kejins-MacBook-Pro starter-web % git tag --delete myTag
Deleted tag 'myTag' (was 05df8a0)
kejingeng@kejins-MacBook-Pro starter-web % git tag --list
kejingeng@kejins-MacBook-Pro starter-web % git log --oneline --graph --decorate --all
* 05df8a0 (HEAD -> master, origin/master, origin/HEAD) Update hipster.txt
* c98ffe6 Changes after git-stash-branch command
* 7f45be2 update to humans files after stash pop
* fdc4b56 Quick fix after stash on README file
* 350a504 Done with simple.html updates
* 7b44805 Quick fix in production to imporve copyright notices
* e4cbc8c update hipster.txt
* 7fecd3c local: updating simple.html copyright
* d64c991 remote : minor changes to index.html file
* 39814fb update hipster.txt
* ad248bc adding changes after rebasing conflict
* d1beac4 fb adding some trouble to simple.html
* 9495b00 mb comflicting changes brewing
* fb69eb3 mb before rebase conflicts
* f85d6e6 Adding another change after rebase
* bb77891 Adding another change after rebase
* fba85c4 Thanks all my students
* 2340d9c adding oneliner to README for rebase example
* 36da9d4 update hipster.txt
* d29500e updating ignore file to exclude merge temp file
*   ceefb10 Done resolving merge conflicts
|\  
| * 48c98e3 Making change to simple.html
* | e28972c Adding conflict changes on purpose for git example
|/  
* 5c8d54b Adding instructions on how to contribute
*   4c003d6 Merge branch 'add-copyright'
|\  
| * cb0b1e6 Adding copyright notice to Readme
| * 5d8003f Adding copyright notice
|/  
* e6502e6 Changing title of Html file
* e6aa2aa (Develop) Update echo witch changes from compare section
* 1e71dd3 Adding introduction text
* c2a8f53 Adding new section : Deployment
* ae42085 Adding README File
* 609ab76 Excluding log file directory
* e22e48a deleting level1 and all children
* 26fa7ee Deleting new file
* 4c9de43 Ranamed level1-files to level1
* 9c595b0 Renaming level2 file
* 56873a1 Ranaming level3 file
* 8b87d2c Add file recursively
* 33863d0 More ipsum for hipsters
* e3bff9d Update
* ef95a4b My first commit q exit back
* 6452db7 Update ignore file
* 7268cf6 Adding git ignore file to exclude unwanted files
* 40f982a update
* c23232c Git Complete coding practice
* 499e71c deleting level1 and level1 all children
* 6c4645f Delete hipster.txt
* 47d52b0 Deleting new file
* 251d8f8 Renaming level1 file
* c52f2cd Moving level2 file back to level 2 directory
* 253976d Moving level2 to level3
* 9ee8041 renaming level2 file
* 7852665 renaming level3 file
* b085f28 Renamed
* 1537c43 Adding several files recursively
* 0a85e8f more ipsum from hipsters
* a75aa77 Adding new file
* 694dae8 Adding more ipsum text
* a8a944a My first commit
*   4beb7f0 Merge pull request #6 from jasongtaylor/feature-readme
|\  
| * e73f914 Adding Purpose section to README
| * 34f563b Adding README file
|/  
* 5c05047 Copying files from initializr project zip file and then creating simple.html as basis for super simple pages
kejingeng@kejins-MacBook-Pro starter-web % git tag -a v-1.0
kejingeng@kejins-MacBook-Pro starter-web % gti tag --list
zsh: command not found: gti
kejingeng@kejins-MacBook-Pro starter-web % git tag --list
v-1.0
kejingeng@kejins-MacBook-Pro starter-web % git show v-1.0
tag v-1.0
Tagger: kejin geng <kejingeng@kejins-MacBook-Pro.local>
Date:   Fri Sep 24 14:07:05 2021 -0700

Release 1.0

commit 05df8a0d937dd40d5193b35dc0e532e0382c73f6 (HEAD -> master, tag: v-1.0, origin/master, origin/HEAD)
Author: kejin geng <kejingeng@kejins-MacBook-Pro.local>
Date:   Fri Sep 24 13:28:14 2021 -0700

    Update hipster.txt

diff --git a/hipster.txt b/hipster.txt
index 68014ac..e15c880 100644
--- a/hipster.txt
+++ b/hipster.txt
@@ -4359,4 +4359,539 @@ kejingeng@kejins-MacBook-Pro starter-web % git branch
   Develop
   bigtrouble
 * master
+kejingeng@kejins-MacBook-Pro starter-web % mate hipster.txt
+kejingeng@kejins-MacBook-Pro starter-web % git commit -am "update hipster.txt" 
+[master e4cbc8c] update hipster.txt
+ Committer: kejin geng <kejingeng@kejins-MacBook-Pro.local>
+Your name and email address were configured automatically based
+on your username and hostname. Please check that they are accurate.
+You can suppress this message by setting them explicitly:
+
+    git config --global user.name "Your Name"
+    git config --global user.email you@example.com
+
+After doing this, you may fix the identity used for this commit with:
+
+    git commit --amend --reset-author
+
+ 1 file changed, 157 insertions(+)
+kejingeng@kejins-MacBook-Pro starter-web % git branch
+  Develop
+  bigtrouble
+* master
+kejingeng@kejins-MacBook-Pro starter-web % git branch -d bigtrouble
+Deleted branch bigtrouble (was ad248bc).
+kejingeng@kejins-MacBook-Pro starter-web % git pull origin master
+hint: Pulling without specifying how to reconcile divergent branches is
+hint: discouraged. You can squelch this message by running one of the following
+hint: commands sometime before your next pull:
+hint: 
+hint:   git config pull.rebase false  # merge (the default strategy)
+hint:   git config pull.rebase true   # rebase
+hint:   git config pull.ff only       # fast-forward only
+hint: 
+hint: You can replace "git config" with "git config --global" to set a default
+hint: preference for all repositories. You can also pass --rebase, --no-rebase,
+hint: or --ff-only on the command line to override the configured default per
+hint: invocation.
+From https://github.com/NobodyKJ/starter-web
+ * branch            master     -> FETCH_HEAD
+Already up to date.
+kejingeng@kejins-MacBook-Pro starter-web % git push origin master
+Enumerating objects: 9, done.
+Counting objects: 100% (9/9), done.
+Delta compression using up to 12 threads
+Compressing objects: 100% (6/6), done.
+Writing objects: 100% (6/6), 1.23 KiB | 1.23 MiB/s, done.
+Total 6 (delta 4), reused 0 (delta 0), pack-reused 0
+remote: Resolving deltas: 100% (4/4), completed with 3 local objects.
+To https://github.com/NobodyKJ/starter-web.git
+   d64c991..e4cbc8c  master -> master
+kejingeng@kejins-MacBook-Pro starter-web % mate simple.html
+kejingeng@kejins-MacBook-Pro starter-web % git status
+On branch master
+Your branch is up to date with 'origin/master'.
+
+Changes not staged for commit:
+  (use "git add <file>..." to update what will be committed)
+  (use "git restore <file>..." to discard changes in working directory)
+       modified:   simple.html
+
kejingeng@kejins-MacBook-Pro starter-web % 
kejingeng@kejins-MacBook-Pro starter-web % git tag --list
v-1.0
kejingeng@kejins-MacBook-Pro starter-web % mate index.html
kejingeng@kejins-MacBook-Pro starter-web % git log --oneline --graph --decorate --all
* 05df8a0 (HEAD -> master, tag: v-1.0, origin/master, origin/HEAD) Update hipster.txt
* c98ffe6 Changes after git-stash-branch command
* 7f45be2 update to humans files after stash pop
* fdc4b56 Quick fix after stash on README file
* 350a504 Done with simple.html updates
* 7b44805 Quick fix in production to imporve copyright notices
* e4cbc8c update hipster.txt
* 7fecd3c local: updating simple.html copyright
* d64c991 remote : minor changes to index.html file
* 39814fb update hipster.txt
* ad248bc adding changes after rebasing conflict
* d1beac4 fb adding some trouble to simple.html
* 9495b00 mb comflicting changes brewing
* fb69eb3 mb before rebase conflicts
* f85d6e6 Adding another change after rebase
* bb77891 Adding another change after rebase
* fba85c4 Thanks all my students
* 2340d9c adding oneliner to README for rebase example
* 36da9d4 update hipster.txt
* d29500e updating ignore file to exclude merge temp file
*   ceefb10 Done resolving merge conflicts
|\  
| * 48c98e3 Making change to simple.html
* | e28972c Adding conflict changes on purpose for git example
|/  
* 5c8d54b Adding instructions on how to contribute
*   4c003d6 Merge branch 'add-copyright'
|\  
| * cb0b1e6 Adding copyright notice to Readme
| * 5d8003f Adding copyright notice
|/  
* e6502e6 Changing title of Html file
* e6aa2aa (Develop) Update echo witch changes from compare section
* 1e71dd3 Adding introduction text
* c2a8f53 Adding new section : Deployment
* ae42085 Adding README File
* 609ab76 Excluding log file directory
* e22e48a deleting level1 and all children
* 26fa7ee Deleting new file
* 4c9de43 Ranamed level1-files to level1
* 9c595b0 Renaming level2 file
* 56873a1 Ranaming level3 file
* 8b87d2c Add file recursively
* 33863d0 More ipsum for hipsters
* e3bff9d Update
* ef95a4b My first commit q exit back
* 6452db7 Update ignore file
* 7268cf6 Adding git ignore file to exclude unwanted files
* 40f982a update
* c23232c Git Complete coding practice
* 499e71c deleting level1 and level1 all children
* 6c4645f Delete hipster.txt
* 47d52b0 Deleting new file
* 251d8f8 Renaming level1 file
* c52f2cd Moving level2 file back to level 2 directory
* 253976d Moving level2 to level3
* 9ee8041 renaming level2 file
* 7852665 renaming level3 file
* b085f28 Renamed
* 1537c43 Adding several files recursively
* 0a85e8f more ipsum from hipsters
* a75aa77 Adding new file
* 694dae8 Adding more ipsum text
* a8a944a My first commit
*   4beb7f0 Merge pull request #6 from jasongtaylor/feature-readme
|\  
| * e73f914 Adding Purpose section to README
| * 34f563b Adding README file
|/  
* 5c05047 Copying files from initializr project zip file and then creating simple.html as basis for super simple pages
kejingeng@kejins-MacBook-Pro starter-web % git commit -a
Aborting commit due to empty commit message.
kejingeng@kejins-MacBook-Pro starter-web % git commit -am "Update index.html"
[master e559634] Update index.html
 Committer: kejin geng <kejingeng@kejins-MacBook-Pro.local>
Your name and email address were configured automatically based
on your username and hostname. Please check that they are accurate.
You can suppress this message by setting them explicitly:

    git config --global user.name "Your Name"
    git config --global user.email you@example.com

After doing this, you may fix the identity used for this commit with:

    git commit --amend --reset-author

 1 file changed, 1 insertion(+), 1 deletion(-)
kejingeng@kejins-MacBook-Pro starter-web % mate index.html
kejingeng@kejins-MacBook-Pro starter-web % git commit -am "Update index.html"
[master 254c40c] Update index.html
 Committer: kejin geng <kejingeng@kejins-MacBook-Pro.local>
Your name and email address were configured automatically based
on your username and hostname. Please check that they are accurate.
You can suppress this message by setting them explicitly:

    git config --global user.name "Your Name"
    git config --global user.email you@example.com

After doing this, you may fix the identity used for this commit with:

    git commit --amend --reset-author

 1 file changed, 1 insertion(+), 1 deletion(-)
kejingeng@kejins-MacBook-Pro starter-web % git log --oneline --graph --decorate --all
* 254c40c (HEAD -> master) Update index.html
* e559634 Update index.html
* 05df8a0 (tag: v-1.0, origin/master, origin/HEAD) Update hipster.txt
* c98ffe6 Changes after git-stash-branch command
* 7f45be2 update to humans files after stash pop
* fdc4b56 Quick fix after stash on README file
* 350a504 Done with simple.html updates
* 7b44805 Quick fix in production to imporve copyright notices
* e4cbc8c update hipster.txt
* 7fecd3c local: updating simple.html copyright
* d64c991 remote : minor changes to index.html file
* 39814fb update hipster.txt
* ad248bc adding changes after rebasing conflict
* d1beac4 fb adding some trouble to simple.html
* 9495b00 mb comflicting changes brewing
* fb69eb3 mb before rebase conflicts
* f85d6e6 Adding another change after rebase
* bb77891 Adding another change after rebase
* fba85c4 Thanks all my students
* 2340d9c adding oneliner to README for rebase example
* 36da9d4 update hipster.txt
* d29500e updating ignore file to exclude merge temp file
*   ceefb10 Done resolving merge conflicts
|\  
| * 48c98e3 Making change to simple.html
* | e28972c Adding conflict changes on purpose for git example
|/  
* 5c8d54b Adding instructions on how to contribute
*   4c003d6 Merge branch 'add-copyright'
|\  
| * cb0b1e6 Adding copyright notice to Readme
| * 5d8003f Adding copyright notice
|/  
* e6502e6 Changing title of Html file
* e6aa2aa (Develop) Update echo witch changes from compare section
* 1e71dd3 Adding introduction text
* c2a8f53 Adding new section : Deployment
* ae42085 Adding README File
* 609ab76 Excluding log file directory
* e22e48a deleting level1 and all children
* 26fa7ee Deleting new file
* 4c9de43 Ranamed level1-files to level1
* 9c595b0 Renaming level2 file
* 56873a1 Ranaming level3 file
* 8b87d2c Add file recursively
* 33863d0 More ipsum for hipsters
* e3bff9d Update
* ef95a4b My first commit q exit back
* 6452db7 Update ignore file
* 7268cf6 Adding git ignore file to exclude unwanted files
* 40f982a update
* c23232c Git Complete coding practice
* 499e71c deleting level1 and level1 all children
* 6c4645f Delete hipster.txt
* 47d52b0 Deleting new file
* 251d8f8 Renaming level1 file
* c52f2cd Moving level2 file back to level 2 directory
* 253976d Moving level2 to level3
* 9ee8041 renaming level2 file
* 7852665 renaming level3 file
* b085f28 Renamed
* 1537c43 Adding several files recursively
* 0a85e8f more ipsum from hipsters
* a75aa77 Adding new file
* 694dae8 Adding more ipsum text
* a8a944a My first commit
*   4beb7f0 Merge pull request #6 from jasongtaylor/feature-readme
|\  
| * e73f914 Adding Purpose section to README
| * 34f563b Adding README file
|/  
* 5c05047 Copying files from initializr project zip file and then creating simple.html as basis for super simple pages
kejingeng@kejins-MacBook-Pro starter-web % git tag -a v-1.1
kejingeng@kejins-MacBook-Pro starter-web % mate simple.html
kejingeng@kejins-MacBook-Pro starter-web % git commit -am "Update simple.html"       
[master a24708f] Update simple.html
 Committer: kejin geng <kejingeng@kejins-MacBook-Pro.local>
Your name and email address were configured automatically based
on your username and hostname. Please check that they are accurate.
You can suppress this message by setting them explicitly:

    git config --global user.name "Your Name"
    git config --global user.email you@example.com

After doing this, you may fix the identity used for this commit with:

    git commit --amend --reset-author

 1 file changed, 1 insertion(+), 1 deletion(-)
kejingeng@kejins-MacBook-Pro starter-web % git commit --amend
[master 7ca75fe] Update for tags for 1.2 Update simple.html
 Date: Fri Sep 24 14:15:19 2021 -0700
 Committer: kejin geng <kejingeng@kejins-MacBook-Pro.local>
Your name and email address were configured automatically based
on your username and hostname. Please check that they are accurate.
You can suppress this message by setting them explicitly:

    git config --global user.name "Your Name"
    git config --global user.email you@example.com

After doing this, you may fix the identity used for this commit with:

    git commit --amend --reset-author

 1 file changed, 1 insertion(+), 1 deletion(-)
kejingeng@kejins-MacBook-Pro starter-web % git tag v-1.2 -m "Release 1.2"
kejingeng@kejins-MacBook-Pro starter-web % git tag --list
v-1.0
v-1.1
v-1.2
kejingeng@kejins-MacBook-Pro starter-web % git log --oneline --graph --decorate --all
* 7ca75fe (HEAD -> master, tag: v-1.2) Update for tags for 1.2 Update simple.html
* 254c40c (tag: v-1.1) Update index.html
* e559634 Update index.html
* 05df8a0 (tag: v-1.0, origin/master, origin/HEAD) Update hipster.txt
* c98ffe6 Changes after git-stash-branch command
* 7f45be2 update to humans files after stash pop
* fdc4b56 Quick fix after stash on README file
* 350a504 Done with simple.html updates
* 7b44805 Quick fix in production to imporve copyright notices
* e4cbc8c update hipster.txt
* 7fecd3c local: updating simple.html copyright
* d64c991 remote : minor changes to index.html file
* 39814fb update hipster.txt
* ad248bc adding changes after rebasing conflict
* d1beac4 fb adding some trouble to simple.html
* 9495b00 mb comflicting changes brewing
* fb69eb3 mb before rebase conflicts
* f85d6e6 Adding another change after rebase
* bb77891 Adding another change after rebase
* fba85c4 Thanks all my students
* 2340d9c adding oneliner to README for rebase example
* 36da9d4 update hipster.txt
* d29500e updating ignore file to exclude merge temp file
*   ceefb10 Done resolving merge conflicts
|\  
| * 48c98e3 Making change to simple.html
* | e28972c Adding conflict changes on purpose for git example
|/  
* 5c8d54b Adding instructions on how to contribute
*   4c003d6 Merge branch 'add-copyright'
|\  
| * cb0b1e6 Adding copyright notice to Readme
| * 5d8003f Adding copyright notice
|/  
* e6502e6 Changing title of Html file
* e6aa2aa (Develop) Update echo witch changes from compare section
* 1e71dd3 Adding introduction text
* c2a8f53 Adding new section : Deployment
* ae42085 Adding README File
* 609ab76 Excluding log file directory
* e22e48a deleting level1 and all children
* 26fa7ee Deleting new file
* 4c9de43 Ranamed level1-files to level1
* 9c595b0 Renaming level2 file
* 56873a1 Ranaming level3 file
* 8b87d2c Add file recursively
* 33863d0 More ipsum for hipsters
* e3bff9d Update
* ef95a4b My first commit q exit back
* 6452db7 Update ignore file
* 7268cf6 Adding git ignore file to exclude unwanted files
* 40f982a update
* c23232c Git Complete coding practice
* 499e71c deleting level1 and level1 all children
* 6c4645f Delete hipster.txt
* 47d52b0 Deleting new file
* 251d8f8 Renaming level1 file
* c52f2cd Moving level2 file back to level 2 directory
* 253976d Moving level2 to level3
* 9ee8041 renaming level2 file
* 7852665 renaming level3 file
* b085f28 Renamed
* 1537c43 Adding several files recursively
* 0a85e8f more ipsum from hipsters
* a75aa77 Adding new file
* 694dae8 Adding more ipsum text
* a8a944a My first commit
*   4beb7f0 Merge pull request #6 from jasongtaylor/feature-readme
|\  
| * e73f914 Adding Purpose section to README
| * 34f563b Adding README file
|/  
* 5c05047 Copying files from initializr project zip file and then creating simple.html as basis for super simple pages
kejingeng@kejins-MacBook-Pro starter-web % git diff v-1.0 v-1.2
diff --git a/index.html b/index.html
index 41c9e34..a699467 100644
--- a/index.html
+++ b/index.html
@@ -6,7 +6,7 @@
     <head>
         <meta charset="utf-8">
         <meta http-equiv="X-UA-Compatible" content="IE=edge,chrome=1">
-        <title>Stash Example</title>
+        <title>Title for tagging  Examples</title>
         <meta name="description" content="">
         <meta name="viewport" content="width=device-width, initial-scale=1">
 
diff --git a/simple.html b/simple.html
index 3d000c0..fb71d49 100644
--- a/simple.html
+++ b/simple.html
@@ -4,7 +4,7 @@
        Some silly changes from the master branch
 -->
 <head>
-       <title>Updating Titles for stash bransch example </title>
+       <title>Updating Titles for tagging compare example </title>
        <link rel="stylesheet" href="css/bootstrap.min.css">
        <style>
                body {
kejingeng@kejins-MacBook-Pro starter-web % git difftool v-1.0 v-1.2                  
kejingeng@kejins-MacBook-Pro starter-web % git log --oneline --graph --decorate --all
* 7ca75fe (HEAD -> master, tag: v-1.2) Update for tags for 1.2 Update simple.html
* 254c40c (tag: v-1.1) Update index.html
* e559634 Update index.html
* 05df8a0 (tag: v-1.0, origin/master, origin/HEAD) Update hipster.txt
* c98ffe6 Changes after git-stash-branch command
* 7f45be2 update to humans files after stash pop
* fdc4b56 Quick fix after stash on README file
* 350a504 Done with simple.html updates
* 7b44805 Quick fix in production to imporve copyright notices
* e4cbc8c update hipster.txt
* 7fecd3c local: updating simple.html copyright
* d64c991 remote : minor changes to index.html file
* 39814fb update hipster.txt
* ad248bc adding changes after rebasing conflict
* d1beac4 fb adding some trouble to simple.html
* 9495b00 mb comflicting changes brewing
* fb69eb3 mb before rebase conflicts
* f85d6e6 Adding another change after rebase
* bb77891 Adding another change after rebase
* fba85c4 Thanks all my students
* 2340d9c adding oneliner to README for rebase example
* 36da9d4 update hipster.txt
* d29500e updating ignore file to exclude merge temp file
*   ceefb10 Done resolving merge conflicts
|\  
| * 48c98e3 Making change to simple.html
* | e28972c Adding conflict changes on purpose for git example
|/  
* 5c8d54b Adding instructions on how to contribute
*   4c003d6 Merge branch 'add-copyright'
|\  
| * cb0b1e6 Adding copyright notice to Readme
| * 5d8003f Adding copyright notice
|/  
* e6502e6 Changing title of Html file
* e6aa2aa (Develop) Update echo witch changes from compare section
* 1e71dd3 Adding introduction text
* c2a8f53 Adding new section : Deployment
* ae42085 Adding README File
* 609ab76 Excluding log file directory
* e22e48a deleting level1 and all children
* 26fa7ee Deleting new file
* 4c9de43 Ranamed level1-files to level1
* 9c595b0 Renaming level2 file
* 56873a1 Ranaming level3 file
* 8b87d2c Add file recursively
* 33863d0 More ipsum for hipsters
* e3bff9d Update
* ef95a4b My first commit q exit back
* 6452db7 Update ignore file
* 7268cf6 Adding git ignore file to exclude unwanted files
* 40f982a update
* c23232c Git Complete coding practice
* 499e71c deleting level1 and level1 all children
* 6c4645f Delete hipster.txt
* 47d52b0 Deleting new file
* 251d8f8 Renaming level1 file
* c52f2cd Moving level2 file back to level 2 directory
* 253976d Moving level2 to level3
* 9ee8041 renaming level2 file
* 7852665 renaming level3 file
* b085f28 Renamed
* 1537c43 Adding several files recursively
* 0a85e8f more ipsum from hipsters
* a75aa77 Adding new file
* 694dae8 Adding more ipsum text
* a8a944a My first commit
*   4beb7f0 Merge pull request #6 from jasongtaylor/feature-readme
|\  
| * e73f914 Adding Purpose section to README
| * 34f563b Adding README file
|/  
* 5c05047 Copying files from initializr project zip file and then creating simple.html as basis for super simple pages
kejingeng@kejins-MacBook-Pro starter-web % git tag -a v-0.9-beta-7852665
kejingeng@kejins-MacBook-Pro starter-web % git log --oneline --graph --decorate --all
* 7ca75fe (HEAD -> master, tag: v-1.2, tag: v-0.9-beta-7852665) Update for tags for 1.2 Update simple.html
* 254c40c (tag: v-1.1) Update index.html
* e559634 Update index.html
* 05df8a0 (tag: v-1.0, origin/master, origin/HEAD) Update hipster.txt
* c98ffe6 Changes after git-stash-branch command
* 7f45be2 update to humans files after stash pop
* fdc4b56 Quick fix after stash on README file
* 350a504 Done with simple.html updates
* 7b44805 Quick fix in production to imporve copyright notices
* e4cbc8c update hipster.txt
* 7fecd3c local: updating simple.html copyright
* d64c991 remote : minor changes to index.html file
* 39814fb update hipster.txt
* ad248bc adding changes after rebasing conflict
* d1beac4 fb adding some trouble to simple.html
* 9495b00 mb comflicting changes brewing
* fb69eb3 mb before rebase conflicts
* f85d6e6 Adding another change after rebase
* bb77891 Adding another change after rebase
* fba85c4 Thanks all my students
* 2340d9c adding oneliner to README for rebase example
* 36da9d4 update hipster.txt
* d29500e updating ignore file to exclude merge temp file
*   ceefb10 Done resolving merge conflicts
|\  
| * 48c98e3 Making change to simple.html
* | e28972c Adding conflict changes on purpose for git example
|/  
* 5c8d54b Adding instructions on how to contribute
*   4c003d6 Merge branch 'add-copyright'
|\  
| * cb0b1e6 Adding copyright notice to Readme
| * 5d8003f Adding copyright notice
|/  
* e6502e6 Changing title of Html file
* e6aa2aa (Develop) Update echo witch changes from compare section
* 1e71dd3 Adding introduction text
* c2a8f53 Adding new section : Deployment
* ae42085 Adding README File
* 609ab76 Excluding log file directory
* e22e48a deleting level1 and all children
* 26fa7ee Deleting new file
* 4c9de43 Ranamed level1-files to level1
* 9c595b0 Renaming level2 file
* 56873a1 Ranaming level3 file
* 8b87d2c Add file recursively
* 33863d0 More ipsum for hipsters
* e3bff9d Update
* ef95a4b My first commit q exit back
* 6452db7 Update ignore file
* 7268cf6 Adding git ignore file to exclude unwanted files
* 40f982a update
* c23232c Git Complete coding practice
* 499e71c deleting level1 and level1 all children
* 6c4645f Delete hipster.txt
* 47d52b0 Deleting new file
* 251d8f8 Renaming level1 file
* c52f2cd Moving level2 file back to level 2 directory
* 253976d Moving level2 to level3
* 9ee8041 renaming level2 file
* 7852665 renaming level3 file
* b085f28 Renamed
* 1537c43 Adding several files recursively
* 0a85e8f more ipsum from hipsters
* a75aa77 Adding new file
* 694dae8 Adding more ipsum text
* a8a944a My first commit
*   4beb7f0 Merge pull request #6 from jasongtaylor/feature-readme
|\  
| * e73f914 Adding Purpose section to README
| * 34f563b Adding README file
|/  
* 5c05047 Copying files from initializr project zip file and then creating simple.html as basis for super simple pages
kejingeng@kejins-MacBook-Pro starter-web % git tag -a v-0.9-beta 7852665           
kejingeng@kejins-MacBook-Pro starter-web % git log --oneline --graph --decorate --all
* 7ca75fe (HEAD -> master, tag: v-1.2, tag: v-0.9-beta-7852665) Update for tags for 1.2 Update simple.html
* 254c40c (tag: v-1.1) Update index.html
* e559634 Update index.html
* 05df8a0 (tag: v-1.0, origin/master, origin/HEAD) Update hipster.txt
* c98ffe6 Changes after git-stash-branch command
* 7f45be2 update to humans files after stash pop
* fdc4b56 Quick fix after stash on README file
* 350a504 Done with simple.html updates
* 7b44805 Quick fix in production to imporve copyright notices
* e4cbc8c update hipster.txt
* 7fecd3c local: updating simple.html copyright
* d64c991 remote : minor changes to index.html file
* 39814fb update hipster.txt
* ad248bc adding changes after rebasing conflict
* d1beac4 fb adding some trouble to simple.html
* 9495b00 mb comflicting changes brewing
* fb69eb3 mb before rebase conflicts
* f85d6e6 Adding another change after rebase
* bb77891 Adding another change after rebase
* fba85c4 Thanks all my students
* 2340d9c adding oneliner to README for rebase example
* 36da9d4 update hipster.txt
* d29500e updating ignore file to exclude merge temp file
*   ceefb10 Done resolving merge conflicts
|\  
| * 48c98e3 Making change to simple.html
* | e28972c Adding conflict changes on purpose for git example
|/  
* 5c8d54b Adding instructions on how to contribute
*   4c003d6 Merge branch 'add-copyright'
|\  
| * cb0b1e6 Adding copyright notice to Readme
| * 5d8003f Adding copyright notice
|/  
* e6502e6 Changing title of Html file
* e6aa2aa (Develop) Update echo witch changes from compare section
* 1e71dd3 Adding introduction text
* c2a8f53 Adding new section : Deployment
* ae42085 Adding README File
* 609ab76 Excluding log file directory
* e22e48a deleting level1 and all children
* 26fa7ee Deleting new file
* 4c9de43 Ranamed level1-files to level1
* 9c595b0 Renaming level2 file
* 56873a1 Ranaming level3 file
* 8b87d2c Add file recursively
* 33863d0 More ipsum for hipsters
* e3bff9d Update
* ef95a4b My first commit q exit back
* 6452db7 Update ignore file
* 7268cf6 Adding git ignore file to exclude unwanted files
* 40f982a update
* c23232c Git Complete coding practice
* 499e71c deleting level1 and level1 all children
* 6c4645f Delete hipster.txt
* 47d52b0 Deleting new file
* 251d8f8 Renaming level1 file
* c52f2cd Moving level2 file back to level 2 directory
* 253976d Moving level2 to level3
* 9ee8041 renaming level2 file
* 7852665 (tag: v-0.9-beta) renaming level3 file
* b085f28 Renamed
* 1537c43 Adding several files recursively
* 0a85e8f more ipsum from hipsters
* a75aa77 Adding new file
* 694dae8 Adding more ipsum text
* a8a944a My first commit
*   4beb7f0 Merge pull request #6 from jasongtaylor/feature-readme
|\  
| * e73f914 Adding Purpose section to README
| * 34f563b Adding README file
|/  
* 5c05047 Copying files from initializr project zip file and then creating simple.html as basis for super simple pages
kejingeng@kejins-MacBook-Pro starter-web % git tag -a v-0.8-alpha fb69eb3       
kejingeng@kejins-MacBook-Pro starter-web % git log --oneline --graph --decorate --all
* 7ca75fe (HEAD -> master, tag: v-1.2, tag: v-0.9-beta-7852665) Update for tags for 1.2 Update simple.html
* 254c40c (tag: v-1.1) Update index.html
* e559634 Update index.html
* 05df8a0 (tag: v-1.0, origin/master, origin/HEAD) Update hipster.txt
* c98ffe6 Changes after git-stash-branch command
* 7f45be2 update to humans files after stash pop
* fdc4b56 Quick fix after stash on README file
* 350a504 Done with simple.html updates
* 7b44805 Quick fix in production to imporve copyright notices
* e4cbc8c update hipster.txt
* 7fecd3c local: updating simple.html copyright
* d64c991 remote : minor changes to index.html file
* 39814fb update hipster.txt
* ad248bc adding changes after rebasing conflict
* d1beac4 fb adding some trouble to simple.html
* 9495b00 mb comflicting changes brewing
* fb69eb3 (tag: v-0.8-alpha) mb before rebase conflicts
* f85d6e6 Adding another change after rebase
* bb77891 Adding another change after rebase
* fba85c4 Thanks all my students
* 2340d9c adding oneliner to README for rebase example
* 36da9d4 update hipster.txt
* d29500e updating ignore file to exclude merge temp file
*   ceefb10 Done resolving merge conflicts
|\  
| * 48c98e3 Making change to simple.html
* | e28972c Adding conflict changes on purpose for git example
|/  
* 5c8d54b Adding instructions on how to contribute
*   4c003d6 Merge branch 'add-copyright'
|\  
| * cb0b1e6 Adding copyright notice to Readme
| * 5d8003f Adding copyright notice
|/  
* e6502e6 Changing title of Html file
* e6aa2aa (Develop) Update echo witch changes from compare section
* 1e71dd3 Adding introduction text
* c2a8f53 Adding new section : Deployment
* ae42085 Adding README File
* 609ab76 Excluding log file directory
* e22e48a deleting level1 and all children
* 26fa7ee Deleting new file
* 4c9de43 Ranamed level1-files to level1
* 9c595b0 Renaming level2 file
* 56873a1 Ranaming level3 file
* 8b87d2c Add file recursively
* 33863d0 More ipsum for hipsters
* e3bff9d Update
* ef95a4b My first commit q exit back
* 6452db7 Update ignore file
* 7268cf6 Adding git ignore file to exclude unwanted files
* 40f982a update
* c23232c Git Complete coding practice
* 499e71c deleting level1 and level1 all children
* 6c4645f Delete hipster.txt
* 47d52b0 Deleting new file
* 251d8f8 Renaming level1 file
* c52f2cd Moving level2 file back to level 2 directory
* 253976d Moving level2 to level3
* 9ee8041 renaming level2 file
* 7852665 (tag: v-0.9-beta) renaming level3 file
* b085f28 Renamed
* 1537c43 Adding several files recursively
* 0a85e8f more ipsum from hipsters
* a75aa77 Adding new file
* 694dae8 Adding more ipsum text
* a8a944a My first commit
*   4beb7f0 Merge pull request #6 from jasongtaylor/feature-readme
|\  
| * e73f914 Adding Purpose section to README
| * 34f563b Adding README file
|/  
* 5c05047 Copying files from initializr project zip file and then creating simple.html as basis for super simple pages
kejingeng@kejins-MacBook-Pro starter-web % git tag -a v-0.8-alpha -f a75aa77         
Updated tag 'v-0.8-alpha' (was d5eb25e)
kejingeng@kejins-MacBook-Pro starter-web % git log --oneline --graph --decorate --all
* 7ca75fe (HEAD -> master, tag: v-1.2, tag: v-0.9-beta-7852665) Update for tags for 1.2 Update simple.html
* 254c40c (tag: v-1.1) Update index.html
* e559634 Update index.html
* 05df8a0 (tag: v-1.0, origin/master, origin/HEAD) Update hipster.txt
* c98ffe6 Changes after git-stash-branch command
* 7f45be2 update to humans files after stash pop
* fdc4b56 Quick fix after stash on README file
* 350a504 Done with simple.html updates
* 7b44805 Quick fix in production to imporve copyright notices
* e4cbc8c update hipster.txt
* 7fecd3c local: updating simple.html copyright
* d64c991 remote : minor changes to index.html file
* 39814fb update hipster.txt
* ad248bc adding changes after rebasing conflict
* d1beac4 fb adding some trouble to simple.html
* 9495b00 mb comflicting changes brewing
* fb69eb3 mb before rebase conflicts
* f85d6e6 Adding another change after rebase
* bb77891 Adding another change after rebase
* fba85c4 Thanks all my students
* 2340d9c adding oneliner to README for rebase example
* 36da9d4 update hipster.txt
* d29500e updating ignore file to exclude merge temp file
*   ceefb10 Done resolving merge conflicts
|\  
| * 48c98e3 Making change to simple.html
* | e28972c Adding conflict changes on purpose for git example
|/  
* 5c8d54b Adding instructions on how to contribute
*   4c003d6 Merge branch 'add-copyright'
|\  
| * cb0b1e6 Adding copyright notice to Readme
| * 5d8003f Adding copyright notice
|/  
* e6502e6 Changing title of Html file
* e6aa2aa (Develop) Update echo witch changes from compare section
* 1e71dd3 Adding introduction text
* c2a8f53 Adding new section : Deployment
* ae42085 Adding README File
* 609ab76 Excluding log file directory
* e22e48a deleting level1 and all children
* 26fa7ee Deleting new file
* 4c9de43 Ranamed level1-files to level1
* 9c595b0 Renaming level2 file
* 56873a1 Ranaming level3 file
* 8b87d2c Add file recursively
* 33863d0 More ipsum for hipsters
* e3bff9d Update
* ef95a4b My first commit q exit back
* 6452db7 Update ignore file
* 7268cf6 Adding git ignore file to exclude unwanted files
* 40f982a update
* c23232c Git Complete coding practice
* 499e71c deleting level1 and level1 all children
* 6c4645f Delete hipster.txt
* 47d52b0 Deleting new file
* 251d8f8 Renaming level1 file
* c52f2cd Moving level2 file back to level 2 directory
* 253976d Moving level2 to level3
* 9ee8041 renaming level2 file
* 7852665 (tag: v-0.9-beta) renaming level3 file
* b085f28 Renamed
* 1537c43 Adding several files recursively
* 0a85e8f more ipsum from hipsters
* a75aa77 (tag: v-0.8-alpha) Adding new file
* 694dae8 Adding more ipsum text
* a8a944a My first commit
*   4beb7f0 Merge pull request #6 from jasongtaylor/feature-readme
|\  
| * e73f914 Adding Purpose section to README
| * 34f563b Adding README file
|/  
* 5c05047 Copying files from initializr project zip file and then creating simple.html as basis for super simple pages
kejingeng@kejins-MacBook-Pro starter-web % git status
On branch master
Your branch is ahead of 'origin/master' by 3 commits.
  (use "git push" to publish your local commits)

nothing to commit, working tree clean
kejingeng@kejins-MacBook-Pro starter-web % git tag --list
v-0.8-alpha
v-0.9-beta
v-0.9-beta-7852665
v-1.0
v-1.1
v-1.2
kejingeng@kejins-MacBook-Pro starter-web % rm v-0.9-beta-7852665
rm: v-0.9-beta-7852665: No such file or directory
kejingeng@kejins-MacBook-Pro starter-web % git tag --list
v-0.8-alpha
v-0.9-beta
v-0.9-beta-7852665
v-1.0
v-1.1
v-1.2
kejingeng@kejins-MacBook-Pro starter-web % git rm -rf v-0.9-beta-7852665
fatal: pathspec 'v-0.9-beta-7852665' did not match any files
kejingeng@kejins-MacBook-Pro starter-web % git rm v-0.9-beta-7852665    
fatal: pathspec 'v-0.9-beta-7852665' did not match any files
kejingeng@kejins-MacBook-Pro starter-web % git tag -d v-0.9-beta-7852665
Deleted tag 'v-0.9-beta-7852665' (was 854eccf)
kejingeng@kejins-MacBook-Pro starter-web % git list
git: 'list' is not a git command. See 'git --help'.

The most similar command is
	hist
kejingeng@kejins-MacBook-Pro starter-web % git tag list
kejingeng@kejins-MacBook-Pro starter-web % git tag --list
list
v-0.8-alpha
v-0.9-beta
v-1.0
v-1.1
v-1.2
kejingeng@kejins-MacBook-Pro starter-web % git tag -d list              
Deleted tag 'list' (was 7ca75fe)
kejingeng@kejins-MacBook-Pro starter-web % git tag --list 
v-0.8-alpha
v-0.9-beta
v-1.0
v-1.1
v-1.2
kejingeng@kejins-MacBook-Pro starter-web % git log --oneline --graph --decorate --all
* 7ca75fe (HEAD -> master, tag: v-1.2) Update for tags for 1.2 Update simple.html
* 254c40c (tag: v-1.1) Update index.html
* e559634 Update index.html
* 05df8a0 (tag: v-1.0, origin/master, origin/HEAD) Update hipster.txt
* c98ffe6 Changes after git-stash-branch command
* 7f45be2 update to humans files after stash pop
* fdc4b56 Quick fix after stash on README file
* 350a504 Done with simple.html updates
* 7b44805 Quick fix in production to imporve copyright notices
* e4cbc8c update hipster.txt
* 7fecd3c local: updating simple.html copyright
* d64c991 remote : minor changes to index.html file
* 39814fb update hipster.txt
* ad248bc adding changes after rebasing conflict
* d1beac4 fb adding some trouble to simple.html
* 9495b00 mb comflicting changes brewing
* fb69eb3 mb before rebase conflicts
* f85d6e6 Adding another change after rebase
* bb77891 Adding another change after rebase
* fba85c4 Thanks all my students
* 2340d9c adding oneliner to README for rebase example
* 36da9d4 update hipster.txt
* d29500e updating ignore file to exclude merge temp file
*   ceefb10 Done resolving merge conflicts
|\  
| * 48c98e3 Making change to simple.html
* | e28972c Adding conflict changes on purpose for git example
|/  
* 5c8d54b Adding instructions on how to contribute
*   4c003d6 Merge branch 'add-copyright'
|\  
| * cb0b1e6 Adding copyright notice to Readme
| * 5d8003f Adding copyright notice
|/  
* e6502e6 Changing title of Html file
* e6aa2aa (Develop) Update echo witch changes from compare section
* 1e71dd3 Adding introduction text
* c2a8f53 Adding new section : Deployment
* ae42085 Adding README File
* 609ab76 Excluding log file directory
* e22e48a deleting level1 and all children
* 26fa7ee Deleting new file
* 4c9de43 Ranamed level1-files to level1
* 9c595b0 Renaming level2 file
* 56873a1 Ranaming level3 file
* 8b87d2c Add file recursively
* 33863d0 More ipsum for hipsters
* e3bff9d Update
* ef95a4b My first commit q exit back
* 6452db7 Update ignore file
* 7268cf6 Adding git ignore file to exclude unwanted files
* 40f982a update
* c23232c Git Complete coding practice
* 499e71c deleting level1 and level1 all children
* 6c4645f Delete hipster.txt
* 47d52b0 Deleting new file
* 251d8f8 Renaming level1 file
* c52f2cd Moving level2 file back to level 2 directory
* 253976d Moving level2 to level3
* 9ee8041 renaming level2 file
* 7852665 (tag: v-0.9-beta) renaming level3 file
* b085f28 Renamed
* 1537c43 Adding several files recursively
* 0a85e8f more ipsum from hipsters
* a75aa77 (tag: v-0.8-alpha) Adding new file
* 694dae8 Adding more ipsum text
* a8a944a My first commit
*   4beb7f0 Merge pull request #6 from jasongtaylor/feature-readme
|\  
| * e73f914 Adding Purpose section to README
| * 34f563b Adding README file
|/  
* 5c05047 Copying files from initializr project zip file and then creating simple.html as basis for super simple pages
kejingeng@kejins-MacBook-Pro starter-web % git push origin v-0.9-beta
Enumerating objects: 1, done.
Counting objects: 100% (1/1), done.
Writing objects: 100% (1/1), 178 bytes | 178.00 KiB/s, done.
Total 1 (delta 0), reused 0 (delta 0), pack-reused 0
To https://github.com/NobodyKJ/starter-web.git
 * [new tag]         v-0.9-beta -> v-0.9-beta
kejingeng@kejins-MacBook-Pro starter-web % git push origin v-1.1
Enumerating objects: 9, done.
Counting objects: 100% (9/9), done.
Delta compression using up to 12 threads
Compressing objects: 100% (7/7), done.
Writing objects: 100% (7/7), 727 bytes | 727.00 KiB/s, done.
Total 7 (delta 4), reused 0 (delta 0), pack-reused 0
remote: Resolving deltas: 100% (4/4), completed with 2 local objects.
To https://github.com/NobodyKJ/starter-web.git
 * [new tag]         v-1.1 -> v-1.1
kejingeng@kejins-MacBook-Pro starter-web % git push origin master --tags
Enumerating objects: 8, done.
Counting objects: 100% (8/8), done.
Delta compression using up to 12 threads
Compressing objects: 100% (6/6), done.
Writing objects: 100% (6/6), 767 bytes | 767.00 KiB/s, done.
Total 6 (delta 2), reused 0 (delta 0), pack-reused 0
remote: Resolving deltas: 100% (2/2), completed with 2 local objects.
To https://github.com/NobodyKJ/starter-web.git
   05df8a0..7ca75fe  master -> master
 * [new tag]         v-0.8-alpha -> v-0.8-alpha
 * [new tag]         v-1.0 -> v-1.0
 * [new tag]         v-1.2 -> v-1.2
kejingeng@kejins-MacBook-Pro starter-web % git tag --list
v-0.8-alpha
v-0.9-beta
v-1.0
v-1.1
v-1.2
kejingeng@kejins-MacBook-Pro starter-web % git push origin :v-0.8-alpha
To https://github.com/NobodyKJ/starter-web.git
 - [deleted]         v-0.8-alpha
kejingeng@kejins-MacBook-Pro starter-web % 
